Archive member included to satisfy reference by file (symbol)

c:/program files (x86)/gnu tools arm embedded/6 2017-q1-update/bin/../lib/gcc/arm-none-eabi/6.3.1/../../../../arm-none-eabi/lib/thumb/v7e-m\libg_nano.a(lib_a-errno.o)
                              ./CMSIS/GCC/_syscalls.o (__errno)
c:/program files (x86)/gnu tools arm embedded/6 2017-q1-update/bin/../lib/gcc/arm-none-eabi/6.3.1/../../../../arm-none-eabi/lib/thumb/v7e-m\libg_nano.a(lib_a-exit.o)
                              c:/program files (x86)/gnu tools arm embedded/6 2017-q1-update/bin/../lib/gcc/arm-none-eabi/6.3.1/../../../../arm-none-eabi/lib/thumb/v7e-m/crt0.o (exit)
c:/program files (x86)/gnu tools arm embedded/6 2017-q1-update/bin/../lib/gcc/arm-none-eabi/6.3.1/../../../../arm-none-eabi/lib/thumb/v7e-m\libg_nano.a(lib_a-impure.o)
                              c:/program files (x86)/gnu tools arm embedded/6 2017-q1-update/bin/../lib/gcc/arm-none-eabi/6.3.1/../../../../arm-none-eabi/lib/thumb/v7e-m\libg_nano.a(lib_a-exit.o) (_global_impure_ptr)
c:/program files (x86)/gnu tools arm embedded/6 2017-q1-update/bin/../lib/gcc/arm-none-eabi/6.3.1/../../../../arm-none-eabi/lib/thumb/v7e-m\libg_nano.a(lib_a-init.o)
                              c:/program files (x86)/gnu tools arm embedded/6 2017-q1-update/bin/../lib/gcc/arm-none-eabi/6.3.1/../../../../arm-none-eabi/lib/thumb/v7e-m/crt0.o (__libc_init_array)
c:/program files (x86)/gnu tools arm embedded/6 2017-q1-update/bin/../lib/gcc/arm-none-eabi/6.3.1/../../../../arm-none-eabi/lib/thumb/v7e-m\libg_nano.a(lib_a-memset.o)
                              c:/program files (x86)/gnu tools arm embedded/6 2017-q1-update/bin/../lib/gcc/arm-none-eabi/6.3.1/../../../../arm-none-eabi/lib/thumb/v7e-m/crt0.o (memset)
c:/program files (x86)/gnu tools arm embedded/6 2017-q1-update/bin/../lib/gcc/arm-none-eabi/6.3.1/../../../../arm-none-eabi/lib/thumb/v7e-m\libg_nano.a(lib_a-printf.o)
                              ./Library/retarget.o (printf)
c:/program files (x86)/gnu tools arm embedded/6 2017-q1-update/bin/../lib/gcc/arm-none-eabi/6.3.1/../../../../arm-none-eabi/lib/thumb/v7e-m\libg_nano.a(lib_a-puts.o)
                              ./Library/retarget.o (puts)
c:/program files (x86)/gnu tools arm embedded/6 2017-q1-update/bin/../lib/gcc/arm-none-eabi/6.3.1/../../../../arm-none-eabi/lib/thumb/v7e-m\libg_nano.a(lib_a-wbuf.o)
                              c:/program files (x86)/gnu tools arm embedded/6 2017-q1-update/bin/../lib/gcc/arm-none-eabi/6.3.1/../../../../arm-none-eabi/lib/thumb/v7e-m\libg_nano.a(lib_a-puts.o) (__swbuf_r)
c:/program files (x86)/gnu tools arm embedded/6 2017-q1-update/bin/../lib/gcc/arm-none-eabi/6.3.1/../../../../arm-none-eabi/lib/thumb/v7e-m\libg_nano.a(lib_a-wsetup.o)
                              c:/program files (x86)/gnu tools arm embedded/6 2017-q1-update/bin/../lib/gcc/arm-none-eabi/6.3.1/../../../../arm-none-eabi/lib/thumb/v7e-m\libg_nano.a(lib_a-puts.o) (__swsetup_r)
c:/program files (x86)/gnu tools arm embedded/6 2017-q1-update/bin/../lib/gcc/arm-none-eabi/6.3.1/../../../../arm-none-eabi/lib/thumb/v7e-m\libg_nano.a(lib_a-fflush.o)
                              c:/program files (x86)/gnu tools arm embedded/6 2017-q1-update/bin/../lib/gcc/arm-none-eabi/6.3.1/../../../../arm-none-eabi/lib/thumb/v7e-m\libg_nano.a(lib_a-wbuf.o) (_fflush_r)
c:/program files (x86)/gnu tools arm embedded/6 2017-q1-update/bin/../lib/gcc/arm-none-eabi/6.3.1/../../../../arm-none-eabi/lib/thumb/v7e-m\libg_nano.a(lib_a-findfp.o)
                              c:/program files (x86)/gnu tools arm embedded/6 2017-q1-update/bin/../lib/gcc/arm-none-eabi/6.3.1/../../../../arm-none-eabi/lib/thumb/v7e-m\libg_nano.a(lib_a-printf.o) (__sinit)
c:/program files (x86)/gnu tools arm embedded/6 2017-q1-update/bin/../lib/gcc/arm-none-eabi/6.3.1/../../../../arm-none-eabi/lib/thumb/v7e-m\libg_nano.a(lib_a-fwalk.o)
                              c:/program files (x86)/gnu tools arm embedded/6 2017-q1-update/bin/../lib/gcc/arm-none-eabi/6.3.1/../../../../arm-none-eabi/lib/thumb/v7e-m\libg_nano.a(lib_a-findfp.o) (_fwalk)
c:/program files (x86)/gnu tools arm embedded/6 2017-q1-update/bin/../lib/gcc/arm-none-eabi/6.3.1/../../../../arm-none-eabi/lib/thumb/v7e-m\libg_nano.a(lib_a-makebuf.o)
                              c:/program files (x86)/gnu tools arm embedded/6 2017-q1-update/bin/../lib/gcc/arm-none-eabi/6.3.1/../../../../arm-none-eabi/lib/thumb/v7e-m\libg_nano.a(lib_a-wsetup.o) (__smakebuf_r)
c:/program files (x86)/gnu tools arm embedded/6 2017-q1-update/bin/../lib/gcc/arm-none-eabi/6.3.1/../../../../arm-none-eabi/lib/thumb/v7e-m\libg_nano.a(lib_a-nano-freer.o)
                              c:/program files (x86)/gnu tools arm embedded/6 2017-q1-update/bin/../lib/gcc/arm-none-eabi/6.3.1/../../../../arm-none-eabi/lib/thumb/v7e-m\libg_nano.a(lib_a-wsetup.o) (_free_r)
[...]
Memory Configuration

Name             Origin             Length             Attributes
FLASH            0x00000000         0x00040000         xr
RAM              0x20000000         0x00008000         xrw
*default*        0x00000000         0xffffffff

Linker script and memory map

LOAD c:/program files (x86)/gnu tools arm embedded/6 2017-q1-update/bin/../lib/gcc/arm-none-eabi/6.3.1/thumb/v7e-m/crti.o
LOAD c:/program files (x86)/gnu tools arm embedded/6 2017-q1-update/bin/../lib/gcc/arm-none-eabi/6.3.1/thumb/v7e-m/crtbegin.o
LOAD c:/program files (x86)/gnu tools arm embedded/6 2017-q1-update/bin/../lib/gcc/arm-none-eabi/6.3.1/../../../../arm-none-eabi/lib/thumb/v7e-m/crt0.o
LOAD ./User/cdc_serial.o
LOAD ./User/descriptors.o
LOAD ./User/main.o
LOAD ./Library/clk.o
LOAD ./Library/retarget.o
LOAD ./Library/sys.o
LOAD ./Library/uart.o
LOAD ./Library/usbd.o
LOAD ./CMSIS/GCC/_syscalls.o
LOAD ./CMSIS/GCC/startup_M451Series.o
LOAD ./CMSIS/system_M451Series.o
START GROUP
LOAD c:/program files (x86)/gnu tools arm embedded/6 2017-q1-update/bin/../lib/gcc/arm-none-eabi/6.3.1/thumb/v7e-m\libgcc.a
LOAD c:/program files (x86)/gnu tools arm embedded/6 2017-q1-update/bin/../lib/gcc/arm-none-eabi/6.3.1/../../../../arm-none-eabi/lib/thumb/v7e-m\libg_nano.a
LOAD c:/program files (x86)/gnu tools arm embedded/6 2017-q1-update/bin/../lib/gcc/arm-none-eabi/6.3.1/../../../../arm-none-eabi/lib/thumb/v7e-m\libc_nano.a
END GROUP
START GROUP
LOAD c:/program files (x86)/gnu tools arm embedded/6 2017-q1-update/bin/../lib/gcc/arm-none-eabi/6.3.1/thumb/v7e-m\libgcc.a
LOAD c:/program files (x86)/gnu tools arm embedded/6 2017-q1-update/bin/../lib/gcc/arm-none-eabi/6.3.1/../../../../arm-none-eabi/lib/thumb/v7e-m\libc_nano.a
END GROUP
LOAD c:/program files (x86)/gnu tools arm embedded/6 2017-q1-update/bin/../lib/gcc/arm-none-eabi/6.3.1/thumb/v7e-m/crtend.o
LOAD c:/program files (x86)/gnu tools arm embedded/6 2017-q1-update/bin/../lib/gcc/arm-none-eabi/6.3.1/thumb/v7e-m/crtn.o
START GROUP
LOAD c:/program files (x86)/gnu tools arm embedded/6 2017-q1-update/bin/../lib/gcc/arm-none-eabi/6.3.1/thumb/v7e-m\libgcc.a
LOAD c:/program files (x86)/gnu tools arm embedded/6 2017-q1-update/bin/../lib/gcc/arm-none-eabi/6.3.1/../../../../arm-none-eabi/lib/thumb/v7e-m\libc.a
LOAD c:/program files (x86)/gnu tools arm embedded/6 2017-q1-update/bin/../lib/gcc/arm-none-eabi/6.3.1/../../../../arm-none-eabi/lib/thumb/v7e-m\libm.a
LOAD c:/program files (x86)/gnu tools arm embedded/6 2017-q1-update/bin/../lib/gcc/arm-none-eabi/6.3.1/../../../../arm-none-eabi/lib/thumb/v7e-m\libnosys.a
END GROUP

.text           0x00000000     0x2ad0
 *(.vectors)
 .vectors       0x00000000      0x140 ./CMSIS/GCC/startup_M451Series.o
                0x00000000                __Vectors
                0x00000140                __Vectors_End = .
                0x00000140                __Vectors_Size = (__Vectors_End - __Vectors)
                0x00000140                __end__ = .
 *(.text*)
 .text          0x00000140       0x6c c:/program files (x86)/gnu tools arm embedded/6 2017-q1-update/bin/../lib/gcc/arm-none-eabi/6.3.1/thumb/v7e-m/crtbegin.o
 .text          0x000001ac       0x74 c:/program files (x86)/gnu tools arm embedded/6 2017-q1-update/bin/../lib/gcc/arm-none-eabi/6.3.1/../../../../arm-none-eabi/lib/thumb/v7e-m/crt0.o
                0x000001ac                _start
                0x000001ac                _mainCRTStartup
 .text.VCOM_Init
                0x00000220       0x5c ./User/cdc_serial.o
                0x00000220                VCOM_Init
 .text.VCOM_ClassRequest
                0x0000027c      0x158 ./User/cdc_serial.o
                0x0000027c                VCOM_ClassRequest
 .text.VCOM_LineCoding
                0x000003d4       0xe4 ./User/cdc_serial.o
                0x000003d4                VCOM_LineCoding
 .text.USBD_IRQHandler
                0x000004b8      0x164 ./User/cdc_serial.o
                0x000004b8                USBD_IRQHandler
 .text.SYS_Init
                0x0000061c       0x78 ./User/main.o
                0x0000061c                SYS_Init
 .text.UART3_Init
                0x00000694       0x28 ./User/main.o
                0x00000694                UART3_Init
 .text.UART3_IRQHandler
                0x000006bc      0x150 ./User/main.o
                0x000006bc                UART3_IRQHandler
 .text.VCOM_TransferData
                0x0000080c      0x180 ./User/main.o
                0x0000080c                VCOM_TransferData
 .text.main     0x0000098c       0x5c ./User/main.o
                0x0000098c                main
 .text.CLK_SetModuleClock
                0x000009e8       0x4c ./Library/clk.o
                0x000009e8                CLK_SetModuleClock
 .text.CLK_EnableXtalRC
                0x00000a34       0x10 ./Library/clk.o
                0x00000a34                CLK_EnableXtalRC
 .text.CLK_EnableModuleClock
                0x00000a44       0x1c ./Library/clk.o
                0x00000a44                CLK_EnableModuleClock
 .text.CLK_DisablePLL
                0x00000a60       0x10 ./Library/clk.o
                0x00000a60                CLK_DisablePLL
 .text.CLK_WaitClockReady
                0x00000a70       0x28 ./Library/clk.o
                0x00000a70                CLK_WaitClockReady
 .text.CLK_SetHCLK
                0x00000a98       0x4c ./Library/clk.o
                0x00000a98                CLK_SetHCLK
 .text.CLK_EnablePLL
                0x00000ae4      0x1a4 ./Library/clk.o
                0x00000ae4                CLK_EnablePLL
 .text.CLK_SetCoreClock
                0x00000c88       0x8c ./Library/clk.o
                0x00000c88                CLK_SetCoreClock
 .text.stackDump
                0x00000d14       0x68 ./Library/retarget.o
 .text.Hard_Fault_Handler
                0x00000d7c       0x18 ./Library/retarget.o
                0x00000d7c                Hard_Fault_Handler
 .text.Get_LR_and_Branch
                0x00000d94        0x8 ./Library/retarget.o
                0x00000d94                Get_LR_and_Branch
 .text.Stack_Use_MSP
                0x00000d9c        0xa ./Library/retarget.o
                0x00000d9c                Stack_Use_MSP
 .text.HardFault_Handler
                0x00000da6       0x14 ./Library/retarget.o
                0x00000da6                HardFault_Handler
 .text.SYS_ResetModule
                0x00000dba       0x1e ./Library/sys.o
                0x00000dba                SYS_ResetModule
 .text.UART_EnableInt
                0x00000dd8       0x4c ./Library/uart.o
                0x00000dd8                UART_EnableInt
 .text.UART_Open
                0x00000e24       0xe0 ./Library/uart.o
                0x00000e24                UART_Open
 .text.USBD_Open
                0x00000f04       0x40 ./Library/usbd.o
                0x00000f04                USBD_Open
 .text.USBD_Start
                0x00000f44       0x54 ./Library/usbd.o
                0x00000f44                USBD_Start
 .text.USBD_GetSetupPacket
                0x00000f98       0x1c ./Library/usbd.o
                0x00000f98                USBD_GetSetupPacket
 .text.USBD_PrepareCtrlIn
                0x00000fb4       0xb4 ./Library/usbd.o
                0x00000fb4                USBD_PrepareCtrlIn
 .text.USBD_GetDescriptor
                0x00001068       0xfc ./Library/usbd.o
                0x00001068                USBD_GetDescriptor
 .text.USBD_CtrlIn
                0x00001164      0x104 ./Library/usbd.o
                0x00001164                USBD_CtrlIn
 .text.USBD_PrepareCtrlOut
                0x00001268       0x2c ./Library/usbd.o
                0x00001268                USBD_PrepareCtrlOut
 .text.USBD_StandardRequest
                0x00001294      0x308 ./Library/usbd.o
                0x00001294                USBD_StandardRequest
 .text.USBD_ProcessSetupPacket
                0x0000159c       0x74 ./Library/usbd.o
                0x0000159c                USBD_ProcessSetupPacket
 .text.USBD_CtrlOut
                0x00001610       0x74 ./Library/usbd.o
                0x00001610                USBD_CtrlOut
 .text.USBD_SwReset
                0x00001684       0x68 ./Library/usbd.o
                0x00001684                USBD_SwReset
 .text._close   0x000016ec       0x10 ./CMSIS/GCC/_syscalls.o
                0x000016ec                _close
 .text._fstat   0x000016fc       0x10 ./CMSIS/GCC/_syscalls.o
                0x000016fc                _fstat
 .text._isatty  0x0000170c        0xe ./CMSIS/GCC/_syscalls.o
                0x0000170c                _isatty
 .text._lseek   0x0000171a       0x10 ./CMSIS/GCC/_syscalls.o
                0x0000171a                _lseek
 .text._read    0x0000172a       0x10 ./CMSIS/GCC/_syscalls.o
                0x0000172a                _read
 .text._write   0x0000173a       0x10 ./CMSIS/GCC/_syscalls.o
                0x0000173a                _write
 *fill*         0x0000174a        0x2 
 .text          0x0000174c       0x68 ./CMSIS/GCC/startup_M451Series.o
                0x0000174c                Reset_Handler
                0x000017b0                ADC00_IRQHandler
                0x000017b0                DebugMon_Handler
                0x000017b0                CLKFAIL_IRQHandler
                0x000017b0                ADC02_IRQHandler
                0x000017b0                ACMP01_IRQHandler
                0x000017b0                I2C0_IRQHandler
                0x000017b0                SC0_IRQHandler
                0x000017b0                SysTick_Handler
                0x000017b0                PendSV_Handler
                0x000017b0                NMI_Handler
                0x000017b0                I2C1_IRQHandler
                0x000017b0                EINT2_IRQHandler
                0x000017b0                UART1_IRQHandler
                0x000017b0                EINT3_IRQHandler
                0x000017b0                UART0_IRQHandler
                0x000017b0                PWM0P0_IRQHandler
                0x000017b0                BRAKE1_IRQHandler
                0x000017b0                GPE_IRQHandler
                0x000017b0                UsageFault_Handler
                0x000017b0                GPB_IRQHandler
                0x000017b0                SPI1_IRQHandler
                0x000017b0                TAMPER_IRQHandler
                0x000017b0                TMR0_IRQHandler
                0x000017b0                PWM0P2_IRQHandler
                0x000017b0                GPA_IRQHandler
                0x000017b0                IRC_IRQHandler
                0x000017b0                RTC_IRQHandler
                0x000017b0                PWRWU_IRQHandler
                0x000017b0                BRAKE0_IRQHandler
                0x000017b0                PWM1P1_IRQHandler
                0x000017b0                EINT1_IRQHandler
                0x000017b0                UART2_IRQHandler
                0x000017b0                GPC_IRQHandler
                0x000017b0                Default_Handler
                0x000017b0                TMR2_IRQHandler
                0x000017b0                BOD_IRQHandler
                0x000017b0                PWM1P2_IRQHandler
                0x000017b0                SPI2_IRQHandler
                0x000017b0                MemManage_Handler
                0x000017b0                WDT_IRQHandler
                0x000017b0                SVC_Handler
                0x000017b0                ADC01_IRQHandler
                0x000017b0                USBOTG_IRQHandler
                0x000017b0                EINT4_IRQHandler
                0x000017b0                PDMA_IRQHandler
                0x000017b0                TK_IRQHandler
                0x000017b0                RAMPE_IRQHandler
                0x000017b0                EINT0_IRQHandler
                0x000017b0                EINT5_IRQHandler
                0x000017b0                CAN0_IRQHandler
                0x000017b0                TMR3_IRQHandler
                0x000017b0                DAC_IRQHandler
                0x000017b0                SPI0_IRQHandler
                0x000017b0                GPD_IRQHandler
                0x000017b0                PWM0P1_IRQHandler
                0x000017b0                PWM1P0_IRQHandler
                0x000017b0                GPF_IRQHandler
                0x000017b0                BusFault_Handler
                0x000017b0                TMR1_IRQHandler
                0x000017b0                ADC03_IRQHandler
                0x000017b0                WWDT_IRQHandler
                0x000017b0                USBH_IRQHandler
 .text.SystemCoreClockUpdate
                0x000017b4       0xb4 ./CMSIS/system_M451Series.o
                0x000017b4                SystemCoreClockUpdate
 .text.SystemInit
                0x00001868       0x58 ./CMSIS/system_M451Series.o
                0x00001868                SystemInit
 .text.__errno  0x000018c0        0xc c:/program files (x86)/gnu tools arm embedded/6 2017-q1-update/bin/../lib/gcc/arm-none-eabi/6.3.1/../../../../arm-none-eabi/lib/thumb/v7e-m\libg_nano.a(lib_a-errno.o)
                0x000018c0                __errno
 .text.exit     0x000018cc       0x28 c:/program files (x86)/gnu tools arm embedded/6 2017-q1-update/bin/../lib/gcc/arm-none-eabi/6.3.1/../../../../arm-none-eabi/lib/thumb/v7e-m\libg_nano.a(lib_a-exit.o)
                0x000018cc                exit
 .text.__libc_init_array
                0x000018f4       0x48 c:/program files (x86)/gnu tools arm embedded/6 2017-q1-update/bin/../lib/gcc/arm-none-eabi/6.3.1/../../../../arm-none-eabi/lib/thumb/v7e-m\libg_nano.a(lib_a-init.o)
                0x000018f4                __libc_init_array
 .text.memset   0x0000193c       0x10 c:/program files (x86)/gnu tools arm embedded/6 2017-q1-update/bin/../lib/gcc/arm-none-eabi/6.3.1/../../../../arm-none-eabi/lib/thumb/v7e-m\libg_nano.a(lib_a-memset.o)
                0x0000193c                memset
 .text.printf   0x0000194c       0x30 c:/program files (x86)/gnu tools arm embedded/6 2017-q1-update/bin/../lib/gcc/arm-none-eabi/6.3.1/../../../../arm-none-eabi/lib/thumb/v7e-m\libg_nano.a(lib_a-printf.o)
                0x0000194c                iprintf
                0x0000194c                printf
 .text._puts_r  0x0000197c       0xb8 c:/program files (x86)/gnu tools arm embedded/6 2017-q1-update/bin/../lib/gcc/arm-none-eabi/6.3.1/../../../../arm-none-eabi/lib/thumb/v7e-m\libg_nano.a(lib_a-puts.o)
                0x0000197c                _puts_r
 .text.puts     0x00001a34       0x10 c:/program files (x86)/gnu tools arm embedded/6 2017-q1-update/bin/../lib/gcc/arm-none-eabi/6.3.1/../../../../arm-none-eabi/lib/thumb/v7e-m\libg_nano.a(lib_a-puts.o)
                0x00001a34                puts
 .text.__swbuf_r
                0x00001a44       0xa4 c:/program files (x86)/gnu tools arm embedded/6 2017-q1-update/bin/../lib/gcc/arm-none-eabi/6.3.1/../../../../arm-none-eabi/lib/thumb/v7e-m\libg_nano.a(lib_a-wbuf.o)
                0x00001a44                __swbuf_r
 .text.__swsetup_r
                0x00001ae8       0xdc c:/program files (x86)/gnu tools arm embedded/6 2017-q1-update/bin/../lib/gcc/arm-none-eabi/6.3.1/../../../../arm-none-eabi/lib/thumb/v7e-m\libg_nano.a(lib_a-wsetup.o)
                0x00001ae8                __swsetup_r
 .text.__sflush_r
                0x00001bc4      0x110 c:/program files (x86)/gnu tools arm embedded/6 2017-q1-update/bin/../lib/gcc/arm-none-eabi/6.3.1/../../../../arm-none-eabi/lib/thumb/v7e-m\libg_nano.a(lib_a-fflush.o)
                0x00001bc4                __sflush_r
 .text._fflush_r
                0x00001cd4       0x54 c:/program files (x86)/gnu tools arm embedded/6 2017-q1-update/bin/../lib/gcc/arm-none-eabi/6.3.1/../../../../arm-none-eabi/lib/thumb/v7e-m\libg_nano.a(lib_a-fflush.o)
                0x00001cd4                _fflush_r
 .text._cleanup_r
                0x00001d28        0xc c:/program files (x86)/gnu tools arm embedded/6 2017-q1-update/bin/../lib/gcc/arm-none-eabi/6.3.1/../../../../arm-none-eabi/lib/thumb/v7e-m\libg_nano.a(lib_a-findfp.o)
                0x00001d28                _cleanup_r
 .text.std.isra.0
                0x00001d34       0x48 c:/program files (x86)/gnu tools arm embedded/6 2017-q1-update/bin/../lib/gcc/arm-none-eabi/6.3.1/../../../../arm-none-eabi/lib/thumb/v7e-m\libg_nano.a(lib_a-findfp.o)
 .text.__sfmoreglue
                0x00001d7c       0x2c c:/program files (x86)/gnu tools arm embedded/6 2017-q1-update/bin/../lib/gcc/arm-none-eabi/6.3.1/../../../../arm-none-eabi/lib/thumb/v7e-m\libg_nano.a(lib_a-findfp.o)
                0x00001d7c                __sfmoreglue
 .text.__sinit  0x00001da8       0x60 c:/program files (x86)/gnu tools arm embedded/6 2017-q1-update/bin/../lib/gcc/arm-none-eabi/6.3.1/../../../../arm-none-eabi/lib/thumb/v7e-m\libg_nano.a(lib_a-findfp.o)
                0x00001da8                __sinit
 .text.__sfp    0x00001e08       0x78 c:/program files (x86)/gnu tools arm embedded/6 2017-q1-update/bin/../lib/gcc/arm-none-eabi/6.3.1/../../../../arm-none-eabi/lib/thumb/v7e-m\libg_nano.a(lib_a-findfp.o)
                0x00001e08                __sfp
 .text._fwalk_reent
                0x00001e80       0x3c c:/program files (x86)/gnu tools arm embedded/6 2017-q1-update/bin/../lib/gcc/arm-none-eabi/6.3.1/../../../../arm-none-eabi/lib/thumb/v7e-m\libg_nano.a(lib_a-fwalk.o)
                0x00001e80                _fwalk_reent
 .text.__swhatbuf_r
                0x00001ebc       0x48 c:/program files (x86)/gnu tools arm embedded/6 2017-q1-update/bin/../lib/gcc/arm-none-eabi/6.3.1/../../../../arm-none-eabi/lib/thumb/v7e-m\libg_nano.a(lib_a-makebuf.o)
                0x00001ebc                __swhatbuf_r
 .text.__smakebuf_r
                0x00001f04       0x80 c:/program files (x86)/gnu tools arm embedded/6 2017-q1-update/bin/../lib/gcc/arm-none-eabi/6.3.1/../../../../arm-none-eabi/lib/thumb/v7e-m\libg_nano.a(lib_a-makebuf.o)
                0x00001f04                __smakebuf_r
 .text._free_r  0x00001f84       0x9c c:/program files (x86)/gnu tools arm embedded/6 2017-q1-update/bin/../lib/gcc/arm-none-eabi/6.3.1/../../../../arm-none-eabi/lib/thumb/v7e-m\libg_nano.a(lib_a-nano-freer.o)
                0x00001f84                _free_r
 .text._malloc_r
                0x00002020       0xbc c:/program files (x86)/gnu tools arm embedded/6 2017-q1-update/bin/../lib/gcc/arm-none-eabi/6.3.1/../../../../arm-none-eabi/lib/thumb/v7e-m\libg_nano.a(lib_a-nano-mallocr.o)
                0x00002020                _malloc_r
 .text.__sfputc_r
                0x000020dc       0x2c c:/program files (x86)/gnu tools arm embedded/6 2017-q1-update/bin/../lib/gcc/arm-none-eabi/6.3.1/../../../../arm-none-eabi/lib/thumb/v7e-m\libg_nano.a(lib_a-nano-vfprintf.o)
 .text.__sfputs_r
                0x00002108       0x24 c:/program files (x86)/gnu tools arm embedded/6 2017-q1-update/bin/../lib/gcc/arm-none-eabi/6.3.1/../../../../arm-none-eabi/lib/thumb/v7e-m\libg_nano.a(lib_a-nano-vfprintf.o)
                0x00002108                __sfputs_r
 .text._vfprintf_r
                0x0000212c      0x22c c:/program files (x86)/gnu tools arm embedded/6 2017-q1-update/bin/../lib/gcc/arm-none-eabi/6.3.1/../../../../arm-none-eabi/lib/thumb/v7e-m\libg_nano.a(lib_a-nano-vfprintf.o)
                0x0000212c                _vfprintf_r
                0x0000212c                _vfiprintf_r
 .text._printf_common
                0x00002358       0xec c:/program files (x86)/gnu tools arm embedded/6 2017-q1-update/bin/../lib/gcc/arm-none-eabi/6.3.1/../../../../arm-none-eabi/lib/thumb/v7e-m\libg_nano.a(lib_a-nano-vfprintf_i.o)
                0x00002358                _printf_common
 .text._printf_i
                0x00002444      0x240 c:/program files (x86)/gnu tools arm embedded/6 2017-q1-update/bin/../lib/gcc/arm-none-eabi/6.3.1/../../../../arm-none-eabi/lib/thumb/v7e-m\libg_nano.a(lib_a-nano-vfprintf_i.o)
                0x00002444                _printf_i
 .text._sbrk_r  0x00002684       0x20 c:/program files (x86)/gnu tools arm embedded/6 2017-q1-update/bin/../lib/gcc/arm-none-eabi/6.3.1/../../../../arm-none-eabi/lib/thumb/v7e-m\libg_nano.a(lib_a-sbrkr.o)
                0x00002684                _sbrk_r
 .text.__sread  0x000026a4       0x22 c:/program files (x86)/gnu tools arm embedded/6 2017-q1-update/bin/../lib/gcc/arm-none-eabi/6.3.1/../../../../arm-none-eabi/lib/thumb/v7e-m\libg_nano.a(lib_a-stdio.o)
                0x000026a4                __sread
 .text.__swrite
                0x000026c6       0x38 c:/program files (x86)/gnu tools arm embedded/6 2017-q1-update/bin/../lib/gcc/arm-none-eabi/6.3.1/../../../../arm-none-eabi/lib/thumb/v7e-m\libg_nano.a(lib_a-stdio.o)
                0x000026c6                __swrite
 .text.__sseek  0x000026fe       0x24 c:/program files (x86)/gnu tools arm embedded/6 2017-q1-update/bin/../lib/gcc/arm-none-eabi/6.3.1/../../../../arm-none-eabi/lib/thumb/v7e-m\libg_nano.a(lib_a-stdio.o)
                0x000026fe                __sseek
 .text.__sclose
                0x00002722        0x8 c:/program files (x86)/gnu tools arm embedded/6 2017-q1-update/bin/../lib/gcc/arm-none-eabi/6.3.1/../../../../arm-none-eabi/lib/thumb/v7e-m\libg_nano.a(lib_a-stdio.o)
                0x00002722                __sclose
 *fill*         0x0000272a        0x2 
 .text._write_r
                0x0000272c       0x24 c:/program files (x86)/gnu tools arm embedded/6 2017-q1-update/bin/../lib/gcc/arm-none-eabi/6.3.1/../../../../arm-none-eabi/lib/thumb/v7e-m\libg_nano.a(lib_a-writer.o)
                0x0000272c                _write_r
 .text._close_r
                0x00002750       0x20 c:/program files (x86)/gnu tools arm embedded/6 2017-q1-update/bin/../lib/gcc/arm-none-eabi/6.3.1/../../../../arm-none-eabi/lib/thumb/v7e-m\libg_nano.a(lib_a-closer.o)
                0x00002750                _close_r
 .text._fstat_r
                0x00002770       0x24 c:/program files (x86)/gnu tools arm embedded/6 2017-q1-update/bin/../lib/gcc/arm-none-eabi/6.3.1/../../../../arm-none-eabi/lib/thumb/v7e-m\libg_nano.a(lib_a-fstatr.o)
                0x00002770                _fstat_r
 .text._isatty_r
                0x00002794       0x20 c:/program files (x86)/gnu tools arm embedded/6 2017-q1-update/bin/../lib/gcc/arm-none-eabi/6.3.1/../../../../arm-none-eabi/lib/thumb/v7e-m\libg_nano.a(lib_a-isattyr.o)
                0x00002794                _isatty_r
 .text._lseek_r
                0x000027b4       0x24 c:/program files (x86)/gnu tools arm embedded/6 2017-q1-update/bin/../lib/gcc/arm-none-eabi/6.3.1/../../../../arm-none-eabi/lib/thumb/v7e-m\libg_nano.a(lib_a-lseekr.o)
                0x000027b4                _lseek_r
 *fill*         0x000027d8        0x8 
 .text          0x000027e0       0xa0 c:/program files (x86)/gnu tools arm embedded/6 2017-q1-update/bin/../lib/gcc/arm-none-eabi/6.3.1/../../../../arm-none-eabi/lib/thumb/v7e-m\libg_nano.a(lib_a-memchr.o)
                0x000027e0                memchr
 .text.__malloc_lock
                0x00002880        0x2 c:/program files (x86)/gnu tools arm embedded/6 2017-q1-update/bin/../lib/gcc/arm-none-eabi/6.3.1/../../../../arm-none-eabi/lib/thumb/v7e-m\libg_nano.a(lib_a-mlock.o)
                0x00002880                __malloc_lock
 .text.__malloc_unlock
                0x00002882        0x2 c:/program files (x86)/gnu tools arm embedded/6 2017-q1-update/bin/../lib/gcc/arm-none-eabi/6.3.1/../../../../arm-none-eabi/lib/thumb/v7e-m\libg_nano.a(lib_a-mlock.o)
                0x00002882                __malloc_unlock
 .text._read_r  0x00002884       0x24 c:/program files (x86)/gnu tools arm embedded/6 2017-q1-update/bin/../lib/gcc/arm-none-eabi/6.3.1/../../../../arm-none-eabi/lib/thumb/v7e-m\libg_nano.a(lib_a-readr.o)
                0x00002884                _read_r
 .text._sbrk    0x000028a8       0x1c c:/program files (x86)/gnu tools arm embedded/6 2017-q1-update/bin/../lib/gcc/arm-none-eabi/6.3.1/../../../../arm-none-eabi/lib/thumb/v7e-m\libnosys.a(sbrk.o)
                0x000028a8                _sbrk
 .text._exit    0x000028c4        0x4 c:/program files (x86)/gnu tools arm embedded/6 2017-q1-update/bin/../lib/gcc/arm-none-eabi/6.3.1/../../../../arm-none-eabi/lib/thumb/v7e-m\libnosys.a(_exit.o)
                0x000028c4                _exit
 *(.init)
 .init          0x000028c8        0x4 c:/program files (x86)/gnu tools arm embedded/6 2017-q1-update/bin/../lib/gcc/arm-none-eabi/6.3.1/thumb/v7e-m/crti.o
                0x000028c8                _init
 .init          0x000028cc        0x8 c:/program files (x86)/gnu tools arm embedded/6 2017-q1-update/bin/../lib/gcc/arm-none-eabi/6.3.1/thumb/v7e-m/crtn.o
 *(.fini)
 .fini          0x000028d4        0x4 c:/program files (x86)/gnu tools arm embedded/6 2017-q1-update/bin/../lib/gcc/arm-none-eabi/6.3.1/thumb/v7e-m/crti.o
                0x000028d4                _fini
 .fini          0x000028d8        0x8 c:/program files (x86)/gnu tools arm embedded/6 2017-q1-update/bin/../lib/gcc/arm-none-eabi/6.3.1/thumb/v7e-m/crtn.o
 *crtbegin.o(.ctors)
 *crtbegin?.o(.ctors)
 *(EXCLUDE_FILE(*crtend.o *crtend?.o) .ctors)
 *(SORT(.ctors.*))
 *(.ctors)
 *crtbegin.o(.dtors)
 *crtbegin?.o(.dtors)
 *(EXCLUDE_FILE(*crtend.o *crtend?.o) .dtors)
 *(SORT(.dtors.*))
 *(.dtors)
 *(.rodata*)
 .rodata.gsInfo
                0x000028e0       0x18 ./User/descriptors.o
                0x000028e0                gsInfo
 .rodata.gu8ConfigDescriptor
                0x000028f8       0x43 ./User/descriptors.o
                0x000028f8                gu8ConfigDescriptor
 *fill*         0x0000293b        0x1 
 .rodata.gu8DeviceDescriptor
                0x0000293c       0x12 ./User/descriptors.o
                0x0000293c                gu8DeviceDescriptor
 *fill*         0x0000294e        0x2 
 .rodata.gu8ProductStringDesc
                0x00002950       0x20 ./User/descriptors.o
                0x00002950                gu8ProductStringDesc
 .rodata.gu8StringLang
                0x00002970        0x4 ./User/descriptors.o
                0x00002970                gu8StringLang
 .rodata.gu8StringSerial
                0x00002974       0x1a ./User/descriptors.o
                0x00002974                gu8StringSerial
 *fill*         0x0000298e        0x2 
 .rodata.gu8VendorStringDesc
                0x00002990       0x10 ./User/descriptors.o
                0x00002990                gu8VendorStringDesc
 .rodata        0x000029a0        0x4 ./Library/clk.o
 .rodata.Hard_Fault_Handler.str1.4
                0x000029a4       0x16 ./Library/retarget.o
 *fill*         0x000029ba        0x2 
 .rodata.stackDump.str1.4
                0x000029bc       0x60 ./Library/retarget.o
 .rodata        0x00002a1c       0x14 ./Library/uart.o
 .rodata        0x00002a30        0x4 ./CMSIS/system_M451Series.o
 .rodata._global_impure_ptr
                0x00002a34        0x4 c:/program files (x86)/gnu tools arm embedded/6 2017-q1-update/bin/../lib/gcc/arm-none-eabi/6.3.1/../../../../arm-none-eabi/lib/thumb/v7e-m\libg_nano.a(lib_a-impure.o)
                0x00002a34                _global_impure_ptr
 .rodata.__sf_fake_stderr
                0x00002a38       0x20 c:/program files (x86)/gnu tools arm embedded/6 2017-q1-update/bin/../lib/gcc/arm-none-eabi/6.3.1/../../../../arm-none-eabi/lib/thumb/v7e-m\libg_nano.a(lib_a-findfp.o)
                0x00002a38                __sf_fake_stderr
 .rodata.__sf_fake_stdin
                0x00002a58       0x20 c:/program files (x86)/gnu tools arm embedded/6 2017-q1-update/bin/../lib/gcc/arm-none-eabi/6.3.1/../../../../arm-none-eabi/lib/thumb/v7e-m\libg_nano.a(lib_a-findfp.o)
                0x00002a58                __sf_fake_stdin
 .rodata.__sf_fake_stdout
                0x00002a78       0x20 c:/program files (x86)/gnu tools arm embedded/6 2017-q1-update/bin/../lib/gcc/arm-none-eabi/6.3.1/../../../../arm-none-eabi/lib/thumb/v7e-m\libg_nano.a(lib_a-findfp.o)
                0x00002a78                __sf_fake_stdout
 .rodata._vfprintf_r.str1.1
                0x00002a98       0x11 c:/program files (x86)/gnu tools arm embedded/6 2017-q1-update/bin/../lib/gcc/arm-none-eabi/6.3.1/../../../../arm-none-eabi/lib/thumb/v7e-m\libg_nano.a(lib_a-nano-vfprintf.o)
 .rodata._printf_i.str1.1
                0x00002aa9       0x22 c:/program files (x86)/gnu tools arm embedded/6 2017-q1-update/bin/../lib/gcc/arm-none-eabi/6.3.1/../../../../arm-none-eabi/lib/thumb/v7e-m\libg_nano.a(lib_a-nano-vfprintf_i.o)
 *(.eh_frame*)
 *fill*         0x00002acb        0x1 
 .eh_frame      0x00002acc        0x0 c:/program files (x86)/gnu tools arm embedded/6 2017-q1-update/bin/../lib/gcc/arm-none-eabi/6.3.1/thumb/v7e-m/crtbegin.o
 .eh_frame      0x00002acc        0x4 c:/program files (x86)/gnu tools arm embedded/6 2017-q1-update/bin/../lib/gcc/arm-none-eabi/6.3.1/thumb/v7e-m/crtend.o

.glue_7         0x00002ad0        0x0
 .glue_7        0x00002ad0        0x0 linker stubs

.glue_7t        0x00002ad0        0x0
 .glue_7t       0x00002ad0        0x0 linker stubs

.vfp11_veneer   0x00002ad0        0x0
 .vfp11_veneer  0x00002ad0        0x0 linker stubs

.v4_bx          0x00002ad0        0x0
 .v4_bx         0x00002ad0        0x0 linker stubs

.iplt           0x00002ad0        0x0
 .iplt          0x00002ad0        0x0 c:/program files (x86)/gnu tools arm embedded/6 2017-q1-update/bin/../lib/gcc/arm-none-eabi/6.3.1/thumb/v7e-m/crtbegin.o

.ARM.extab
 *(.ARM.extab* .gnu.linkonce.armextab.*)
                0x00002ad0                __exidx_start = .

.ARM.exidx      0x00002ad0        0x8
 *(.ARM.exidx* .gnu.linkonce.armexidx.*)
 .ARM.exidx     0x00002ad0        0x8 c:/program files (x86)/gnu tools arm embedded/6 2017-q1-update/bin/../lib/gcc/arm-none-eabi/6.3.1/../../../../arm-none-eabi/lib/thumb/v7e-m/crt0.o
                0x00002ad8                __exidx_end = .
                0x00002ad8                __etext = .

.rel.dyn        0x00002ad8        0x0
 .rel.iplt      0x00002ad8        0x0 c:/program files (x86)/gnu tools arm embedded/6 2017-q1-update/bin/../lib/gcc/arm-none-eabi/6.3.1/thumb/v7e-m/crtbegin.o

.data           0x20000000       0xb8 load address 0x00002ad8
                0x20000000                __data_start__ = .
 *(vtable)
 *(.data*)
 .data.gpu8UsbString
                0x20000000       0x10 ./User/descriptors.o
                0x20000000                gpu8UsbString
 .data.gLineCoding
                0x20000010        0x8 ./User/main.o
                0x20000010                gLineCoding
 .data.g_usbd_CtrlMaxPktSize
                0x20000018        0x4 ./Library/usbd.o
 .data.CyclesPerUs
                0x2000001c        0x4 ./CMSIS/system_M451Series.o
                0x2000001c                CyclesPerUs
 .data.PllClock
                0x20000020        0x4 ./CMSIS/system_M451Series.o
                0x20000020                PllClock
 .data.SystemCoreClock
                0x20000024        0x4 ./CMSIS/system_M451Series.o
                0x20000024                SystemCoreClock
 .data.gau32ClkSrcTbl
                0x20000028       0x20 ./CMSIS/system_M451Series.o
                0x20000028                gau32ClkSrcTbl
 .data._impure_ptr
                0x20000048        0x4 c:/program files (x86)/gnu tools arm embedded/6 2017-q1-update/bin/../lib/gcc/arm-none-eabi/6.3.1/../../../../arm-none-eabi/lib/thumb/v7e-m\libg_nano.a(lib_a-impure.o)
                0x20000048                _impure_ptr
 .data.impure_data
                0x2000004c       0x60 c:/program files (x86)/gnu tools arm embedded/6 2017-q1-update/bin/../lib/gcc/arm-none-eabi/6.3.1/../../../../arm-none-eabi/lib/thumb/v7e-m\libg_nano.a(lib_a-impure.o)
                0x200000ac                . = ALIGN (0x4)
                0x200000ac                PROVIDE (__preinit_array_start, .)
 *(.preinit_array)
                0x200000ac                PROVIDE (__preinit_array_end, .)
                0x200000ac                . = ALIGN (0x4)
                0x200000ac                PROVIDE (__init_array_start, .)
 *(SORT(.init_array.*))
 *(.init_array)
 .init_array    0x200000ac        0x4 c:/program files (x86)/gnu tools arm embedded/6 2017-q1-update/bin/../lib/gcc/arm-none-eabi/6.3.1/thumb/v7e-m/crtbegin.o
                0x200000b0                PROVIDE (__init_array_end, .)
                0x200000b0                . = ALIGN (0x4)
                [!provide]                PROVIDE (__fini_array_start, .)
 *(SORT(.fini_array.*))
 *(.fini_array)
 .fini_array    0x200000b0        0x4 c:/program files (x86)/gnu tools arm embedded/6 2017-q1-update/bin/../lib/gcc/arm-none-eabi/6.3.1/thumb/v7e-m/crtbegin.o
                [!provide]                PROVIDE (__fini_array_end, .)
 *(.jcr*)
 .jcr           0x200000b4        0x0 c:/program files (x86)/gnu tools arm embedded/6 2017-q1-update/bin/../lib/gcc/arm-none-eabi/6.3.1/thumb/v7e-m/crtbegin.o
 .jcr           0x200000b4        0x4 c:/program files (x86)/gnu tools arm embedded/6 2017-q1-update/bin/../lib/gcc/arm-none-eabi/6.3.1/thumb/v7e-m/crtend.o
                0x200000b8                . = ALIGN (0x4)
                0x200000b8                __data_end__ = .

.igot.plt       0x200000b8        0x0 load address 0x00002b90
 .igot.plt      0x200000b8        0x0 c:/program files (x86)/gnu tools arm embedded/6 2017-q1-update/bin/../lib/gcc/arm-none-eabi/6.3.1/thumb/v7e-m/crtbegin.o

.bss            0x200000b8      0x28c load address 0x00002b90
                0x200000b8                . = ALIGN (0x4)
                0x200000b8                __bss_start__ = .
 *(.bss*)
 .bss           0x200000b8       0x1c c:/program files (x86)/gnu tools arm embedded/6 2017-q1-update/bin/../lib/gcc/arm-none-eabi/6.3.1/thumb/v7e-m/crtbegin.o
 .bss.comRbytes
                0x200000d4        0x2 ./User/main.o
                0x200000d4                comRbytes
 .bss.comRhead  0x200000d6        0x2 ./User/main.o
                0x200000d6                comRhead
 .bss.comRtail  0x200000d8        0x2 ./User/main.o
                0x200000d8                comRtail
 .bss.comTbytes
                0x200000da        0x2 ./User/main.o
                0x200000da                comTbytes
 .bss.comThead  0x200000dc        0x2 ./User/main.o
                0x200000dc                comThead
 .bss.comTtail  0x200000de        0x2 ./User/main.o
                0x200000de                comTtail
 .bss.gCtrlSignal
                0x200000e0        0x2 ./User/main.o
                0x200000e0                gCtrlSignal
 *fill*         0x200000e2        0x2 
 .bss.gu32RxSize
                0x200000e4        0x4 ./User/main.o
                0x200000e4                gu32RxSize
 .bss.gu32TxSize
                0x200000e8        0x4 ./User/main.o
                0x200000e8                gu32TxSize
 .bss.g_u32EpStallLock
                0x200000ec        0x4 ./Library/usbd.o
                0x200000ec                g_u32EpStallLock
 .bss.g_usbd_CtrlInPointer
                0x200000f0        0x4 ./Library/usbd.o
 .bss.g_usbd_CtrlInSize
                0x200000f4        0x4 ./Library/usbd.o
 .bss.g_usbd_CtrlInZeroFlag
                0x200000f8        0x1 ./Library/usbd.o
 *fill*         0x200000f9        0x3 
 .bss.g_usbd_CtrlOutPointer
                0x200000fc        0x4 ./Library/usbd.o
 .bss.g_usbd_CtrlOutSize
                0x20000100        0x4 ./Library/usbd.o
 .bss.g_usbd_CtrlOutSizeLimit
                0x20000104        0x4 ./Library/usbd.o
 .bss.g_usbd_RemoteWakeupEn
                0x20000108        0x1 ./Library/usbd.o
                0x20000108                g_usbd_RemoteWakeupEn
 *fill*         0x20000109        0x3 
 .bss.g_usbd_SetupPacket
                0x2000010c        0x8 ./Library/usbd.o
                0x2000010c                g_usbd_SetupPacket
 .bss.g_usbd_UsbAddr
                0x20000114        0x4 ./Library/usbd.o
 .bss.g_usbd_UsbAltInterface
                0x20000118        0x4 ./Library/usbd.o
 .bss.g_usbd_UsbConfig
                0x2000011c        0x4 ./Library/usbd.o
 .bss.g_usbd_pfnClassRequest
                0x20000120        0x4 ./Library/usbd.o
                0x20000120                g_usbd_pfnClassRequest
 .bss.g_usbd_pfnSetConfigCallback
                0x20000124        0x4 ./Library/usbd.o
                0x20000124                g_usbd_pfnSetConfigCallback
 .bss.g_usbd_pfnSetInterface
                0x20000128        0x4 ./Library/usbd.o
                0x20000128                g_usbd_pfnSetInterface
 .bss.g_usbd_pfnVendorRequest
                0x2000012c        0x4 ./Library/usbd.o
                0x2000012c                g_usbd_pfnVendorRequest
 .bss.__malloc_free_list
                0x20000130        0x4 c:/program files (x86)/gnu tools arm embedded/6 2017-q1-update/bin/../lib/gcc/arm-none-eabi/6.3.1/../../../../arm-none-eabi/lib/thumb/v7e-m\libg_nano.a(lib_a-nano-mallocr.o)
                0x20000130                __malloc_free_list
 .bss.__malloc_sbrk_start
                0x20000134        0x4 c:/program files (x86)/gnu tools arm embedded/6 2017-q1-update/bin/../lib/gcc/arm-none-eabi/6.3.1/../../../../arm-none-eabi/lib/thumb/v7e-m\libg_nano.a(lib_a-nano-mallocr.o)
                0x20000134                __malloc_sbrk_start
 .bss.heap_end.4116
                0x20000138        0x4 c:/program files (x86)/gnu tools arm embedded/6 2017-q1-update/bin/../lib/gcc/arm-none-eabi/6.3.1/../../../../arm-none-eabi/lib/thumb/v7e-m\libnosys.a(sbrk.o)
 *(COMMON)
 COMMON         0x2000013c      0x200 ./User/main.o
                0x2000013c                comRbuf
                0x200002bc                comTbuf
 COMMON         0x2000033c        0x4 ./Library/usbd.o
                0x2000033c                g_usbd_sInfo
 COMMON         0x20000340        0x4 ./CMSIS/GCC/_syscalls.o
                0x20000340                errno
                0x20000344                . = ALIGN (0x4)
                0x20000344                __bss_end__ = .

.heap           0x20000348      0x100
                0x20000348                __HeapBase = .
                0x20000348                __end__ = .
                0x20000348                end = __end__
 *(.heap*)
 .heap          0x20000348      0x100 ./CMSIS/GCC/startup_M451Series.o
                0x20000448                __HeapLimit = .

.stack_dummy    0x20000348      0x800
 *(.stack*)
 .stack         0x20000348      0x800 ./CMSIS/GCC/startup_M451Series.o
                0x20008000                __StackTop = (ORIGIN (RAM) + LENGTH (RAM))
                0x20007800                __StackLimit = (__StackTop - SIZEOF (.stack_dummy))
                0x20008000                PROVIDE (__stack, __StackTop)
                0x00000001                ASSERT ((__StackLimit >= __HeapLimit), region RAM overflowed with stack)
OUTPUT(m453_usbserial.elf elf32-littlearm)

.ARM.attributes
                0x00000000       0x2a
 .ARM.attributes
                0x00000000       0x1e c:/program files (x86)/gnu tools arm embedded/6 2017-q1-update/bin/../lib/gcc/arm-none-eabi/6.3.1/thumb/v7e-m/crti.o
 .ARM.attributes
                0x0000001e       0x2e c:/program files (x86)/gnu tools arm embedded/6 2017-q1-update/bin/../lib/gcc/arm-none-eabi/6.3.1/thumb/v7e-m/crtbegin.o
 .ARM.attributes
                0x0000004c       0x1c c:/program files (x86)/gnu tools arm embedded/6 2017-q1-update/bin/../lib/gcc/arm-none-eabi/6.3.1/../../../../arm-none-eabi/lib/thumb/v7e-m/crt0.o
 .ARM.attributes
                0x00000068       0x33 ./User/cdc_serial.o
 .ARM.attributes
                0x0000009b       0x33 ./User/descriptors.o
 .ARM.attributes
                0x000000ce       0x33 ./User/main.o
 .ARM.attributes
                0x00000101       0x33 ./Library/clk.o
 .ARM.attributes
                0x00000134       0x33 ./Library/retarget.o
 .ARM.attributes
                0x00000167       0x33 ./Library/sys.o
 .ARM.attributes
                0x0000019a       0x33 ./Library/uart.o
 .ARM.attributes
                0x000001cd       0x33 ./Library/usbd.o
 .ARM.attributes
                0x00000200       0x33 ./CMSIS/GCC/_syscalls.o
 .ARM.attributes
                0x00000233       0x1b ./CMSIS/GCC/startup_M451Series.o
 .ARM.attributes
                0x0000024e       0x33 ./CMSIS/system_M451Series.o
 .ARM.attributes
                0x00000281       0x2e c:/program files (x86)/gnu tools arm embedded/6 2017-q1-update/bin/../lib/gcc/arm-none-eabi/6.3.1/../../../../arm-none-eabi/lib/thumb/v7e-m\libg_nano.a(lib_a-errno.o)
 .ARM.attributes
                0x000002af       0x2e c:/program files (x86)/gnu tools arm embedded/6 2017-q1-update/bin/../lib/gcc/arm-none-eabi/6.3.1/../../../../arm-none-eabi/lib/thumb/v7e-m\libg_nano.a(lib_a-exit.o)
 .ARM.attributes
                0x000002dd       0x2e c:/program files (x86)/gnu tools arm embedded/6 2017-q1-update/bin/../lib/gcc/arm-none-eabi/6.3.1/../../../../arm-none-eabi/lib/thumb/v7e-m\libg_nano.a(lib_a-impure.o)
 .ARM.attributes
                0x0000030b       0x2e c:/program files (x86)/gnu tools arm embedded/6 2017-q1-update/bin/../lib/gcc/arm-none-eabi/6.3.1/../../../../arm-none-eabi/lib/thumb/v7e-m\libg_nano.a(lib_a-init.o)
 .ARM.attributes
                0x00000339       0x2e c:/program files (x86)/gnu tools arm embedded/6 2017-q1-update/bin/../lib/gcc/arm-none-eabi/6.3.1/../../../../arm-none-eabi/lib/thumb/v7e-m\libg_nano.a(lib_a-memset.o)
 .ARM.attributes
                0x00000367       0x2e c:/program files (x86)/gnu tools arm embedded/6 2017-q1-update/bin/../lib/gcc/arm-none-eabi/6.3.1/../../../../arm-none-eabi/lib/thumb/v7e-m\libg_nano.a(lib_a-printf.o)
 .ARM.attributes
                0x00000395       0x2e c:/program files (x86)/gnu tools arm embedded/6 2017-q1-update/bin/../lib/gcc/arm-none-eabi/6.3.1/../../../../arm-none-eabi/lib/thumb/v7e-m\libg_nano.a(lib_a-puts.o)
 .ARM.attributes
                0x000003c3       0x2e c:/program files (x86)/gnu tools arm embedded/6 2017-q1-update/bin/../lib/gcc/arm-none-eabi/6.3.1/../../../../arm-none-eabi/lib/thumb/v7e-m\libg_nano.a(lib_a-wbuf.o)
 .ARM.attributes
                0x000003f1       0x2e c:/program files (x86)/gnu tools arm embedded/6 2017-q1-update/bin/../lib/gcc/arm-none-eabi/6.3.1/../../../../arm-none-eabi/lib/thumb/v7e-m\libg_nano.a(lib_a-wsetup.o)
 .ARM.attributes
                0x0000041f       0x2e c:/program files (x86)/gnu tools arm embedded/6 2017-q1-update/bin/../lib/gcc/arm-none-eabi/6.3.1/../../../../arm-none-eabi/lib/thumb/v7e-m\libg_nano.a(lib_a-fflush.o)
 .ARM.attributes
                0x0000044d       0x2e c:/program files (x86)/gnu tools arm embedded/6 2017-q1-update/bin/../lib/gcc/arm-none-eabi/6.3.1/../../../../arm-none-eabi/lib/thumb/v7e-m\libg_nano.a(lib_a-findfp.o)
 .ARM.attributes
                0x0000047b       0x2e c:/program files (x86)/gnu tools arm embedded/6 2017-q1-update/bin/../lib/gcc/arm-none-eabi/6.3.1/../../../../arm-none-eabi/lib/thumb/v7e-m\libg_nano.a(lib_a-fwalk.o)
 .ARM.attributes
                0x000004a9       0x2e c:/program files (x86)/gnu tools arm embedded/6 2017-q1-update/bin/../lib/gcc/arm-none-eabi/6.3.1/../../../../arm-none-eabi/lib/thumb/v7e-m\libg_nano.a(lib_a-makebuf.o)
 .ARM.attributes
                0x000004d7       0x2e c:/program files (x86)/gnu tools arm embedded/6 2017-q1-update/bin/../lib/gcc/arm-none-eabi/6.3.1/../../../../arm-none-eabi/lib/thumb/v7e-m\libg_nano.a(lib_a-nano-freer.o)
 .ARM.attributes
                0x00000505       0x2e c:/program files (x86)/gnu tools arm embedded/6 2017-q1-update/bin/../lib/gcc/arm-none-eabi/6.3.1/../../../../arm-none-eabi/lib/thumb/v7e-m\libg_nano.a(lib_a-nano-mallocr.o)
 .ARM.attributes
                0x00000533       0x2e c:/program files (x86)/gnu tools arm embedded/6 2017-q1-update/bin/../lib/gcc/arm-none-eabi/6.3.1/../../../../arm-none-eabi/lib/thumb/v7e-m\libg_nano.a(lib_a-nano-vfprintf.o)
 .ARM.attributes
                0x00000561       0x2e c:/program files (x86)/gnu tools arm embedded/6 2017-q1-update/bin/../lib/gcc/arm-none-eabi/6.3.1/../../../../arm-none-eabi/lib/thumb/v7e-m\libg_nano.a(lib_a-nano-vfprintf_i.o)
 .ARM.attributes
                0x0000058f       0x2e c:/program files (x86)/gnu tools arm embedded/6 2017-q1-update/bin/../lib/gcc/arm-none-eabi/6.3.1/../../../../arm-none-eabi/lib/thumb/v7e-m\libg_nano.a(lib_a-sbrkr.o)
 .ARM.attributes
                0x000005bd       0x2e c:/program files (x86)/gnu tools arm embedded/6 2017-q1-update/bin/../lib/gcc/arm-none-eabi/6.3.1/../../../../arm-none-eabi/lib/thumb/v7e-m\libg_nano.a(lib_a-stdio.o)
 .ARM.attributes
                0x000005eb       0x2e c:/program files (x86)/gnu tools arm embedded/6 2017-q1-update/bin/../lib/gcc/arm-none-eabi/6.3.1/../../../../arm-none-eabi/lib/thumb/v7e-m\libg_nano.a(lib_a-writer.o)
 .ARM.attributes
                0x00000619       0x2e c:/program files (x86)/gnu tools arm embedded/6 2017-q1-update/bin/../lib/gcc/arm-none-eabi/6.3.1/../../../../arm-none-eabi/lib/thumb/v7e-m\libg_nano.a(lib_a-closer.o)
 .ARM.attributes
                0x00000647       0x2e c:/program files (x86)/gnu tools arm embedded/6 2017-q1-update/bin/../lib/gcc/arm-none-eabi/6.3.1/../../../../arm-none-eabi/lib/thumb/v7e-m\libg_nano.a(lib_a-fstatr.o)
 .ARM.attributes
                0x00000675       0x2e c:/program files (x86)/gnu tools arm embedded/6 2017-q1-update/bin/../lib/gcc/arm-none-eabi/6.3.1/../../../../arm-none-eabi/lib/thumb/v7e-m\libg_nano.a(lib_a-isattyr.o)
 .ARM.attributes
                0x000006a3       0x2e c:/program files (x86)/gnu tools arm embedded/6 2017-q1-update/bin/../lib/gcc/arm-none-eabi/6.3.1/../../../../arm-none-eabi/lib/thumb/v7e-m\libg_nano.a(lib_a-lseekr.o)
 .ARM.attributes
                0x000006d1       0x1c c:/program files (x86)/gnu tools arm embedded/6 2017-q1-update/bin/../lib/gcc/arm-none-eabi/6.3.1/../../../../arm-none-eabi/lib/thumb/v7e-m\libg_nano.a(lib_a-memchr.o)
 .ARM.attributes
                0x000006ed       0x2e c:/program files (x86)/gnu tools arm embedded/6 2017-q1-update/bin/../lib/gcc/arm-none-eabi/6.3.1/../../../../arm-none-eabi/lib/thumb/v7e-m\libg_nano.a(lib_a-mlock.o)
 .ARM.attributes
                0x0000071b       0x2e c:/program files (x86)/gnu tools arm embedded/6 2017-q1-update/bin/../lib/gcc/arm-none-eabi/6.3.1/../../../../arm-none-eabi/lib/thumb/v7e-m\libg_nano.a(lib_a-readr.o)
 .ARM.attributes
                0x00000749       0x2e c:/program files (x86)/gnu tools arm embedded/6 2017-q1-update/bin/../lib/gcc/arm-none-eabi/6.3.1/thumb/v7e-m/crtend.o
 .ARM.attributes
                0x00000777       0x1e c:/program files (x86)/gnu tools arm embedded/6 2017-q1-update/bin/../lib/gcc/arm-none-eabi/6.3.1/thumb/v7e-m/crtn.o
 .ARM.attributes
                0x00000795       0x2e c:/program files (x86)/gnu tools arm embedded/6 2017-q1-update/bin/../lib/gcc/arm-none-eabi/6.3.1/../../../../arm-none-eabi/lib/thumb/v7e-m\libnosys.a(sbrk.o)
 .ARM.attributes
                0x000007c3       0x2e c:/program files (x86)/gnu tools arm embedded/6 2017-q1-update/bin/../lib/gcc/arm-none-eabi/6.3.1/../../../../arm-none-eabi/lib/thumb/v7e-m\libnosys.a(_exit.o)

.comment        0x00000000       0x7f
 .comment       0x00000000       0x7f ./User/cdc_serial.o
                                 0x80 (size before relaxing)
 .comment       0x0000007f       0x80 ./User/descriptors.o
 .comment       0x0000007f       0x80 ./User/main.o
 .comment       0x0000007f       0x80 ./Library/clk.o
 .comment       0x0000007f       0x80 ./Library/retarget.o
 .comment       0x0000007f       0x80 ./Library/sys.o
 .comment       0x0000007f       0x80 ./Library/uart.o
 .comment       0x0000007f       0x80 ./Library/usbd.o
 .comment       0x0000007f       0x80 ./CMSIS/GCC/_syscalls.o
 .comment       0x0000007f       0x80 ./CMSIS/system_M451Series.o

.debug_info     0x00000000     0x88ca
 .debug_info    0x00000000     0x100b ./User/cdc_serial.o
 .debug_info    0x0000100b      0x360 ./User/descriptors.o
 .debug_info    0x0000136b     0x160a ./User/main.o
 .debug_info    0x00002975      0xb66 ./Library/clk.o
 .debug_info    0x000034db      0xdea ./Library/retarget.o
 .debug_info    0x000042c5      0x4d8 ./Library/sys.o
 .debug_info    0x0000479d     0x156f ./Library/uart.o
 .debug_info    0x00005d0c     0x12a3 ./Library/usbd.o
 .debug_info    0x00006faf     0x11bb ./CMSIS/GCC/_syscalls.o
 .debug_info    0x0000816a       0x89 ./CMSIS/GCC/startup_M451Series.o
 .debug_info    0x000081f3      0x6d7 ./CMSIS/system_M451Series.o

.debug_abbrev   0x00000000     0x195e
 .debug_abbrev  0x00000000      0x338 ./User/cdc_serial.o
 .debug_abbrev  0x00000338       0xc7 ./User/descriptors.o
 .debug_abbrev  0x000003ff      0x32f ./User/main.o
 .debug_abbrev  0x0000072e      0x276 ./Library/clk.o
 .debug_abbrev  0x000009a4      0x2f7 ./Library/retarget.o
 .debug_abbrev  0x00000c9b      0x14b ./Library/sys.o
 .debug_abbrev  0x00000de6      0x35e ./Library/uart.o
 .debug_abbrev  0x00001144      0x3e9 ./Library/usbd.o
 .debug_abbrev  0x0000152d      0x289 ./CMSIS/GCC/_syscalls.o
 .debug_abbrev  0x000017b6       0x14 ./CMSIS/GCC/startup_M451Series.o
 .debug_abbrev  0x000017ca      0x194 ./CMSIS/system_M451Series.o

.debug_loc      0x00000000     0x2242
 .debug_loc     0x00000000      0x3f5 ./User/cdc_serial.o
 .debug_loc     0x000003f5      0x14d ./User/main.o
 .debug_loc     0x00000542      0x62a ./Library/clk.o
 .debug_loc     0x00000b6c      0x10d ./Library/retarget.o
 .debug_loc     0x00000c79       0x84 ./Library/sys.o
 .debug_loc     0x00000cfd      0x65f ./Library/uart.o
 .debug_loc     0x0000135c      0x8cf ./Library/usbd.o
 .debug_loc     0x00001c2b      0x549 ./CMSIS/GCC/_syscalls.o
 .debug_loc     0x00002174       0xce ./CMSIS/system_M451Series.o

.debug_aranges  0x00000000      0x478
 .debug_aranges
                0x00000000       0x38 ./User/cdc_serial.o
 .debug_aranges
                0x00000038       0x18 ./User/descriptors.o
 .debug_aranges
                0x00000050       0x40 ./User/main.o
 .debug_aranges
                0x00000090       0xd0 ./Library/clk.o
 .debug_aranges
                0x00000160       0x88 ./Library/retarget.o
 .debug_aranges
                0x000001e8       0x68 ./Library/sys.o
 .debug_aranges
                0x00000250       0x88 ./Library/uart.o
 .debug_aranges
                0x000002d8       0x88 ./Library/usbd.o
 .debug_aranges
                0x00000360       0xd0 ./CMSIS/GCC/_syscalls.o
 .debug_aranges
                0x00000430       0x20 ./CMSIS/GCC/startup_M451Series.o
 .debug_aranges
                0x00000450       0x28 ./CMSIS/system_M451Series.o

.debug_ranges   0x00000000      0x458
 .debug_ranges  0x00000000       0xa0 ./User/cdc_serial.o
 .debug_ranges  0x000000a0       0x30 ./User/main.o
 .debug_ranges  0x000000d0       0xd8 ./Library/clk.o
 .debug_ranges  0x000001a8       0x78 ./Library/retarget.o
 .debug_ranges  0x00000220       0x58 ./Library/sys.o
 .debug_ranges  0x00000278       0x78 ./Library/uart.o
 .debug_ranges  0x000002f0       0x90 ./Library/usbd.o
 .debug_ranges  0x00000380       0xc0 ./CMSIS/GCC/_syscalls.o
 .debug_ranges  0x00000440       0x18 ./CMSIS/system_M451Series.o

.debug_line     0x00000000     0x2201
 .debug_line    0x00000000      0x38e ./User/cdc_serial.o
 .debug_line    0x0000038e      0x1ab ./User/descriptors.o
 .debug_line    0x00000539      0x380 ./User/main.o
 .debug_line    0x000008b9      0x41a ./Library/clk.o
 .debug_line    0x00000cd3      0x3b4 ./Library/retarget.o
 .debug_line    0x00001087      0x255 ./Library/sys.o
 .debug_line    0x000012dc      0x3f4 ./Library/uart.o
 .debug_line    0x000016d0      0x4ab ./Library/usbd.o
 .debug_line    0x00001b7b      0x3e2 ./CMSIS/GCC/_syscalls.o
 .debug_line    0x00001f5d       0x85 ./CMSIS/GCC/startup_M451Series.o
 .debug_line    0x00001fe2      0x21f ./CMSIS/system_M451Series.o

.debug_str      0x00000000     0x1b2a
 .debug_str     0x00000000      0x88d ./User/cdc_serial.o
                                0x944 (size before relaxing)
 .debug_str     0x0000088d       0x93 ./User/descriptors.o
                                0x3d5 (size before relaxing)
 .debug_str     0x00000920      0x5ab ./User/main.o
                                0xdc7 (size before relaxing)
 .debug_str     0x00000ecb      0x334 ./Library/clk.o
                                0x673 (size before relaxing)
 .debug_str     0x000011ff       0xed ./Library/retarget.o
                                0x7c8 (size before relaxing)
 .debug_str     0x000012ec       0xc3 ./Library/sys.o
                                0x49a (size before relaxing)
 .debug_str     0x000013af      0x1e4 ./Library/uart.o
                                0xd0d (size before relaxing)
 .debug_str     0x00001593      0x297 ./Library/usbd.o
                                0xa78 (size before relaxing)
 .debug_str     0x0000182a      0x2aa ./CMSIS/GCC/_syscalls.o
                                0x8b0 (size before relaxing)
 .debug_str     0x00001ad4       0x56 ./CMSIS/system_M451Series.o
                                0x522 (size before relaxing)

.debug_frame    0x00000000     0x1148
 .debug_frame   0x00000000       0x7c ./User/cdc_serial.o
 .debug_frame   0x0000007c       0xa0 ./User/main.o
 .debug_frame   0x0000011c      0x200 ./Library/clk.o
 .debug_frame   0x0000031c      0x120 ./Library/retarget.o
 .debug_frame   0x0000043c       0xb0 ./Library/sys.o
 .debug_frame   0x000004ec      0x154 ./Library/uart.o
 .debug_frame   0x00000640      0x124 ./Library/usbd.o
 .debug_frame   0x00000764      0x230 ./CMSIS/GCC/_syscalls.o
 .debug_frame   0x00000994       0x38 ./CMSIS/system_M451Series.o
 .debug_frame   0x000009cc       0x20 c:/program files (x86)/gnu tools arm embedded/6 2017-q1-update/bin/../lib/gcc/arm-none-eabi/6.3.1/../../../../arm-none-eabi/lib/thumb/v7e-m\libg_nano.a(lib_a-errno.o)
 .debug_frame   0x000009ec       0x28 c:/program files (x86)/gnu tools arm embedded/6 2017-q1-update/bin/../lib/gcc/arm-none-eabi/6.3.1/../../../../arm-none-eabi/lib/thumb/v7e-m\libg_nano.a(lib_a-exit.o)
 .debug_frame   0x00000a14       0x2c c:/program files (x86)/gnu tools arm embedded/6 2017-q1-update/bin/../lib/gcc/arm-none-eabi/6.3.1/../../../../arm-none-eabi/lib/thumb/v7e-m\libg_nano.a(lib_a-init.o)
 .debug_frame   0x00000a40       0x20 c:/program files (x86)/gnu tools arm embedded/6 2017-q1-update/bin/../lib/gcc/arm-none-eabi/6.3.1/../../../../arm-none-eabi/lib/thumb/v7e-m\libg_nano.a(lib_a-memset.o)
 .debug_frame   0x00000a60       0x74 c:/program files (x86)/gnu tools arm embedded/6 2017-q1-update/bin/../lib/gcc/arm-none-eabi/6.3.1/../../../../arm-none-eabi/lib/thumb/v7e-m\libg_nano.a(lib_a-printf.o)
 .debug_frame   0x00000ad4       0x3c c:/program files (x86)/gnu tools arm embedded/6 2017-q1-update/bin/../lib/gcc/arm-none-eabi/6.3.1/../../../../arm-none-eabi/lib/thumb/v7e-m\libg_nano.a(lib_a-puts.o)
 .debug_frame   0x00000b10       0x40 c:/program files (x86)/gnu tools arm embedded/6 2017-q1-update/bin/../lib/gcc/arm-none-eabi/6.3.1/../../../../arm-none-eabi/lib/thumb/v7e-m\libg_nano.a(lib_a-wbuf.o)
 .debug_frame   0x00000b50       0x2c c:/program files (x86)/gnu tools arm embedded/6 2017-q1-update/bin/../lib/gcc/arm-none-eabi/6.3.1/../../../../arm-none-eabi/lib/thumb/v7e-m\libg_nano.a(lib_a-wsetup.o)
 .debug_frame   0x00000b7c       0x68 c:/program files (x86)/gnu tools arm embedded/6 2017-q1-update/bin/../lib/gcc/arm-none-eabi/6.3.1/../../../../arm-none-eabi/lib/thumb/v7e-m\libg_nano.a(lib_a-fflush.o)
 .debug_frame   0x00000be4      0x11c c:/program files (x86)/gnu tools arm embedded/6 2017-q1-update/bin/../lib/gcc/arm-none-eabi/6.3.1/../../../../arm-none-eabi/lib/thumb/v7e-m\libg_nano.a(lib_a-findfp.o)
 .debug_frame   0x00000d00       0x54 c:/program files (x86)/gnu tools arm embedded/6 2017-q1-update/bin/../lib/gcc/arm-none-eabi/6.3.1/../../../../arm-none-eabi/lib/thumb/v7e-m\libg_nano.a(lib_a-fwalk.o)
 .debug_frame   0x00000d54       0x58 c:/program files (x86)/gnu tools arm embedded/6 2017-q1-update/bin/../lib/gcc/arm-none-eabi/6.3.1/../../../../arm-none-eabi/lib/thumb/v7e-m\libg_nano.a(lib_a-makebuf.o)
 .debug_frame   0x00000dac       0x38 c:/program files (x86)/gnu tools arm embedded/6 2017-q1-update/bin/../lib/gcc/arm-none-eabi/6.3.1/../../../../arm-none-eabi/lib/thumb/v7e-m\libg_nano.a(lib_a-nano-freer.o)
 .debug_frame   0x00000de4       0x2c c:/program files (x86)/gnu tools arm embedded/6 2017-q1-update/bin/../lib/gcc/arm-none-eabi/6.3.1/../../../../arm-none-eabi/lib/thumb/v7e-m\libg_nano.a(lib_a-nano-mallocr.o)
 .debug_frame   0x00000e10       0xac c:/program files (x86)/gnu tools arm embedded/6 2017-q1-update/bin/../lib/gcc/arm-none-eabi/6.3.1/../../../../arm-none-eabi/lib/thumb/v7e-m\libg_nano.a(lib_a-nano-vfprintf.o)
 .debug_frame   0x00000ebc       0x60 c:/program files (x86)/gnu tools arm embedded/6 2017-q1-update/bin/../lib/gcc/arm-none-eabi/6.3.1/../../../../arm-none-eabi/lib/thumb/v7e-m\libg_nano.a(lib_a-nano-vfprintf_i.o)
 .debug_frame   0x00000f1c       0x2c c:/program files (x86)/gnu tools arm embedded/6 2017-q1-update/bin/../lib/gcc/arm-none-eabi/6.3.1/../../../../arm-none-eabi/lib/thumb/v7e-m\libg_nano.a(lib_a-sbrkr.o)
 .debug_frame   0x00000f48       0x88 c:/program files (x86)/gnu tools arm embedded/6 2017-q1-update/bin/../lib/gcc/arm-none-eabi/6.3.1/../../../../arm-none-eabi/lib/thumb/v7e-m\libg_nano.a(lib_a-stdio.o)
 .debug_frame   0x00000fd0       0x2c c:/program files (x86)/gnu tools arm embedded/6 2017-q1-update/bin/../lib/gcc/arm-none-eabi/6.3.1/../../../../arm-none-eabi/lib/thumb/v7e-m\libg_nano.a(lib_a-writer.o)
 .debug_frame   0x00000ffc       0x2c c:/program files (x86)/gnu tools arm embedded/6 2017-q1-update/bin/../lib/gcc/arm-none-eabi/6.3.1/../../../../arm-none-eabi/lib/thumb/v7e-m\libg_nano.a(lib_a-closer.o)
 .debug_frame   0x00001028       0x2c c:/program files (x86)/gnu tools arm embedded/6 2017-q1-update/bin/../lib/gcc/arm-none-eabi/6.3.1/../../../../arm-none-eabi/lib/thumb/v7e-m\libg_nano.a(lib_a-fstatr.o)
 .debug_frame   0x00001054       0x2c c:/program files (x86)/gnu tools arm embedded/6 2017-q1-update/bin/../lib/gcc/arm-none-eabi/6.3.1/../../../../arm-none-eabi/lib/thumb/v7e-m\libg_nano.a(lib_a-isattyr.o)
 .debug_frame   0x00001080       0x2c c:/program files (x86)/gnu tools arm embedded/6 2017-q1-update/bin/../lib/gcc/arm-none-eabi/6.3.1/../../../../arm-none-eabi/lib/thumb/v7e-m\libg_nano.a(lib_a-lseekr.o)
 .debug_frame   0x000010ac       0x30 c:/program files (x86)/gnu tools arm embedded/6 2017-q1-update/bin/../lib/gcc/arm-none-eabi/6.3.1/../../../../arm-none-eabi/lib/thumb/v7e-m\libg_nano.a(lib_a-mlock.o)
 .debug_frame   0x000010dc       0x2c c:/program files (x86)/gnu tools arm embedded/6 2017-q1-update/bin/../lib/gcc/arm-none-eabi/6.3.1/../../../../arm-none-eabi/lib/thumb/v7e-m\libg_nano.a(lib_a-readr.o)
 .debug_frame   0x00001108       0x20 c:/program files (x86)/gnu tools arm embedded/6 2017-q1-update/bin/../lib/gcc/arm-none-eabi/6.3.1/../../../../arm-none-eabi/lib/thumb/v7e-m\libnosys.a(sbrk.o)
 .debug_frame   0x00001128       0x20 c:/program files (x86)/gnu tools arm embedded/6 2017-q1-update/bin/../lib/gcc/arm-none-eabi/6.3.1/../../../../arm-none-eabi/lib/thumb/v7e-m\libnosys.a(_exit.o)
