Archive member included to satisfy reference by file (symbol)

c:/program files (x86)/gnu tools arm embedded/6 2017-q1-update/bin/../lib/gcc/arm-none-eabi/6.3.1/../../../../arm-none-eabi/lib/thumb/v7e-m\libg_nano.a(lib_a-errno.o)
                              ./CMSIS/GCC/_syscalls.o (__errno)
c:/program files (x86)/gnu tools arm embedded/6 2017-q1-update/bin/../lib/gcc/arm-none-eabi/6.3.1/../../../../arm-none-eabi/lib/thumb/v7e-m\libg_nano.a(lib_a-exit.o)
                              c:/program files (x86)/gnu tools arm embedded/6 2017-q1-update/bin/../lib/gcc/arm-none-eabi/6.3.1/../../../../arm-none-eabi/lib/thumb/v7e-m/crt0.o (exit)
c:/program files (x86)/gnu tools arm embedded/6 2017-q1-update/bin/../lib/gcc/arm-none-eabi/6.3.1/../../../../arm-none-eabi/lib/thumb/v7e-m\libg_nano.a(lib_a-impure.o)
                              c:/program files (x86)/gnu tools arm embedded/6 2017-q1-update/bin/../lib/gcc/arm-none-eabi/6.3.1/../../../../arm-none-eabi/lib/thumb/v7e-m\libg_nano.a(lib_a-exit.o) (_global_impure_ptr)
c:/program files (x86)/gnu tools arm embedded/6 2017-q1-update/bin/../lib/gcc/arm-none-eabi/6.3.1/../../../../arm-none-eabi/lib/thumb/v7e-m\libg_nano.a(lib_a-init.o)
                              c:/program files (x86)/gnu tools arm embedded/6 2017-q1-update/bin/../lib/gcc/arm-none-eabi/6.3.1/../../../../arm-none-eabi/lib/thumb/v7e-m/crt0.o (__libc_init_array)
c:/program files (x86)/gnu tools arm embedded/6 2017-q1-update/bin/../lib/gcc/arm-none-eabi/6.3.1/../../../../arm-none-eabi/lib/thumb/v7e-m\libg_nano.a(lib_a-memset.o)
                              c:/program files (x86)/gnu tools arm embedded/6 2017-q1-update/bin/../lib/gcc/arm-none-eabi/6.3.1/../../../../arm-none-eabi/lib/thumb/v7e-m/crt0.o (memset)
c:/program files (x86)/gnu tools arm embedded/6 2017-q1-update/bin/../lib/gcc/arm-none-eabi/6.3.1/../../../../arm-none-eabi/lib/thumb/v7e-m\libg_nano.a(lib_a-printf.o)
                              ./Library/retarget.o (printf)
c:/program files (x86)/gnu tools arm embedded/6 2017-q1-update/bin/../lib/gcc/arm-none-eabi/6.3.1/../../../../arm-none-eabi/lib/thumb/v7e-m\libg_nano.a(lib_a-puts.o)
                              ./Library/retarget.o (puts)
c:/program files (x86)/gnu tools arm embedded/6 2017-q1-update/bin/../lib/gcc/arm-none-eabi/6.3.1/../../../../arm-none-eabi/lib/thumb/v7e-m\libg_nano.a(lib_a-wbuf.o)
                              c:/program files (x86)/gnu tools arm embedded/6 2017-q1-update/bin/../lib/gcc/arm-none-eabi/6.3.1/../../../../arm-none-eabi/lib/thumb/v7e-m\libg_nano.a(lib_a-puts.o) (__swbuf_r)
c:/program files (x86)/gnu tools arm embedded/6 2017-q1-update/bin/../lib/gcc/arm-none-eabi/6.3.1/../../../../arm-none-eabi/lib/thumb/v7e-m\libg_nano.a(lib_a-wsetup.o)
                              c:/program files (x86)/gnu tools arm embedded/6 2017-q1-update/bin/../lib/gcc/arm-none-eabi/6.3.1/../../../../arm-none-eabi/lib/thumb/v7e-m\libg_nano.a(lib_a-puts.o) (__swsetup_r)
c:/program files (x86)/gnu tools arm embedded/6 2017-q1-update/bin/../lib/gcc/arm-none-eabi/6.3.1/../../../../arm-none-eabi/lib/thumb/v7e-m\libg_nano.a(lib_a-fflush.o)
                              c:/program files (x86)/gnu tools arm embedded/6 2017-q1-update/bin/../lib/gcc/arm-none-eabi/6.3.1/../../../../arm-none-eabi/lib/thumb/v7e-m\libg_nano.a(lib_a-wbuf.o) (_fflush_r)
c:/program files (x86)/gnu tools arm embedded/6 2017-q1-update/bin/../lib/gcc/arm-none-eabi/6.3.1/../../../../arm-none-eabi/lib/thumb/v7e-m\libg_nano.a(lib_a-findfp.o)
                              c:/program files (x86)/gnu tools arm embedded/6 2017-q1-update/bin/../lib/gcc/arm-none-eabi/6.3.1/../../../../arm-none-eabi/lib/thumb/v7e-m\libg_nano.a(lib_a-printf.o) (__sinit)
c:/program files (x86)/gnu tools arm embedded/6 2017-q1-update/bin/../lib/gcc/arm-none-eabi/6.3.1/../../../../arm-none-eabi/lib/thumb/v7e-m\libg_nano.a(lib_a-fwalk.o)
                              c:/program files (x86)/gnu tools arm embedded/6 2017-q1-update/bin/../lib/gcc/arm-none-eabi/6.3.1/../../../../arm-none-eabi/lib/thumb/v7e-m\libg_nano.a(lib_a-findfp.o) (_fwalk)
c:/program files (x86)/gnu tools arm embedded/6 2017-q1-update/bin/../lib/gcc/arm-none-eabi/6.3.1/../../../../arm-none-eabi/lib/thumb/v7e-m\libg_nano.a(lib_a-makebuf.o)
                              c:/program files (x86)/gnu tools arm embedded/6 2017-q1-update/bin/../lib/gcc/arm-none-eabi/6.3.1/../../../../arm-none-eabi/lib/thumb/v7e-m\libg_nano.a(lib_a-wsetup.o) (__smakebuf_r)
c:/program files (x86)/gnu tools arm embedded/6 2017-q1-update/bin/../lib/gcc/arm-none-eabi/6.3.1/../../../../arm-none-eabi/lib/thumb/v7e-m\libg_nano.a(lib_a-nano-freer.o)
                              c:/program files (x86)/gnu tools arm embedded/6 2017-q1-update/bin/../lib/gcc/arm-none-eabi/6.3.1/../../../../arm-none-eabi/lib/thumb/v7e-m\libg_nano.a(lib_a-wsetup.o) (_free_r)
c:/program files (x86)/gnu tools arm embedded/6 2017-q1-update/bin/../lib/gcc/arm-none-eabi/6.3.1/../../../../arm-none-eabi/lib/thumb/v7e-m\libg_nano.a(lib_a-nano-mallocr.o)
                              c:/program files (x86)/gnu tools arm embedded/6 2017-q1-update/bin/../lib/gcc/arm-none-eabi/6.3.1/../../../../arm-none-eabi/lib/thumb/v7e-m\libg_nano.a(lib_a-findfp.o) (_malloc_r)
c:/program files (x86)/gnu tools arm embedded/6 2017-q1-update/bin/../lib/gcc/arm-none-eabi/6.3.1/../../../../arm-none-eabi/lib/thumb/v7e-m\libg_nano.a(lib_a-nano-vfprintf.o)
                              c:/program files (x86)/gnu tools arm embedded/6 2017-q1-update/bin/../lib/gcc/arm-none-eabi/6.3.1/../../../../arm-none-eabi/lib/thumb/v7e-m\libg_nano.a(lib_a-printf.o) (_vfprintf_r)
c:/program files (x86)/gnu tools arm embedded/6 2017-q1-update/bin/../lib/gcc/arm-none-eabi/6.3.1/../../../../arm-none-eabi/lib/thumb/v7e-m\libg_nano.a(lib_a-nano-vfprintf_i.o)
                              c:/program files (x86)/gnu tools arm embedded/6 2017-q1-update/bin/../lib/gcc/arm-none-eabi/6.3.1/../../../../arm-none-eabi/lib/thumb/v7e-m\libg_nano.a(lib_a-nano-vfprintf.o) (_printf_i)
c:/program files (x86)/gnu tools arm embedded/6 2017-q1-update/bin/../lib/gcc/arm-none-eabi/6.3.1/../../../../arm-none-eabi/lib/thumb/v7e-m\libg_nano.a(lib_a-sbrkr.o)
                              c:/program files (x86)/gnu tools arm embedded/6 2017-q1-update/bin/../lib/gcc/arm-none-eabi/6.3.1/../../../../arm-none-eabi/lib/thumb/v7e-m\libg_nano.a(lib_a-nano-mallocr.o) (_sbrk_r)
c:/program files (x86)/gnu tools arm embedded/6 2017-q1-update/bin/../lib/gcc/arm-none-eabi/6.3.1/../../../../arm-none-eabi/lib/thumb/v7e-m\libg_nano.a(lib_a-stdio.o)
                              c:/program files (x86)/gnu tools arm embedded/6 2017-q1-update/bin/../lib/gcc/arm-none-eabi/6.3.1/../../../../arm-none-eabi/lib/thumb/v7e-m\libg_nano.a(lib_a-findfp.o) (__sread)
c:/program files (x86)/gnu tools arm embedded/6 2017-q1-update/bin/../lib/gcc/arm-none-eabi/6.3.1/../../../../arm-none-eabi/lib/thumb/v7e-m\libg_nano.a(lib_a-writer.o)
                              c:/program files (x86)/gnu tools arm embedded/6 2017-q1-update/bin/../lib/gcc/arm-none-eabi/6.3.1/../../../../arm-none-eabi/lib/thumb/v7e-m\libg_nano.a(lib_a-stdio.o) (_write_r)
c:/program files (x86)/gnu tools arm embedded/6 2017-q1-update/bin/../lib/gcc/arm-none-eabi/6.3.1/../../../../arm-none-eabi/lib/thumb/v7e-m\libg_nano.a(lib_a-closer.o)
                              c:/program files (x86)/gnu tools arm embedded/6 2017-q1-update/bin/../lib/gcc/arm-none-eabi/6.3.1/../../../../arm-none-eabi/lib/thumb/v7e-m\libg_nano.a(lib_a-stdio.o) (_close_r)
c:/program files (x86)/gnu tools arm embedded/6 2017-q1-update/bin/../lib/gcc/arm-none-eabi/6.3.1/../../../../arm-none-eabi/lib/thumb/v7e-m\libg_nano.a(lib_a-fstatr.o)
                              c:/program files (x86)/gnu tools arm embedded/6 2017-q1-update/bin/../lib/gcc/arm-none-eabi/6.3.1/../../../../arm-none-eabi/lib/thumb/v7e-m\libg_nano.a(lib_a-makebuf.o) (_fstat_r)
c:/program files (x86)/gnu tools arm embedded/6 2017-q1-update/bin/../lib/gcc/arm-none-eabi/6.3.1/../../../../arm-none-eabi/lib/thumb/v7e-m\libg_nano.a(lib_a-fvwrite.o)
                              c:/program files (x86)/gnu tools arm embedded/6 2017-q1-update/bin/../lib/gcc/arm-none-eabi/6.3.1/../../../../arm-none-eabi/lib/thumb/v7e-m\libg_nano.a(lib_a-nano-vfprintf.o) (__sfvwrite_r)
c:/program files (x86)/gnu tools arm embedded/6 2017-q1-update/bin/../lib/gcc/arm-none-eabi/6.3.1/../../../../arm-none-eabi/lib/thumb/v7e-m\libg_nano.a(lib_a-isattyr.o)
                              c:/program files (x86)/gnu tools arm embedded/6 2017-q1-update/bin/../lib/gcc/arm-none-eabi/6.3.1/../../../../arm-none-eabi/lib/thumb/v7e-m\libg_nano.a(lib_a-makebuf.o) (_isatty_r)
c:/program files (x86)/gnu tools arm embedded/6 2017-q1-update/bin/../lib/gcc/arm-none-eabi/6.3.1/../../../../arm-none-eabi/lib/thumb/v7e-m\libg_nano.a(lib_a-lseekr.o)
                              c:/program files (x86)/gnu tools arm embedded/6 2017-q1-update/bin/../lib/gcc/arm-none-eabi/6.3.1/../../../../arm-none-eabi/lib/thumb/v7e-m\libg_nano.a(lib_a-stdio.o) (_lseek_r)
c:/program files (x86)/gnu tools arm embedded/6 2017-q1-update/bin/../lib/gcc/arm-none-eabi/6.3.1/../../../../arm-none-eabi/lib/thumb/v7e-m\libg_nano.a(lib_a-memchr.o)
                              c:/program files (x86)/gnu tools arm embedded/6 2017-q1-update/bin/../lib/gcc/arm-none-eabi/6.3.1/../../../../arm-none-eabi/lib/thumb/v7e-m\libg_nano.a(lib_a-nano-vfprintf.o) (memchr)
c:/program files (x86)/gnu tools arm embedded/6 2017-q1-update/bin/../lib/gcc/arm-none-eabi/6.3.1/../../../../arm-none-eabi/lib/thumb/v7e-m\libg_nano.a(lib_a-memcpy-stub.o)
                              c:/program files (x86)/gnu tools arm embedded/6 2017-q1-update/bin/../lib/gcc/arm-none-eabi/6.3.1/../../../../arm-none-eabi/lib/thumb/v7e-m\libg_nano.a(lib_a-fvwrite.o) (memcpy)
c:/program files (x86)/gnu tools arm embedded/6 2017-q1-update/bin/../lib/gcc/arm-none-eabi/6.3.1/../../../../arm-none-eabi/lib/thumb/v7e-m\libg_nano.a(lib_a-memmove.o)
                              c:/program files (x86)/gnu tools arm embedded/6 2017-q1-update/bin/../lib/gcc/arm-none-eabi/6.3.1/../../../../arm-none-eabi/lib/thumb/v7e-m\libg_nano.a(lib_a-fvwrite.o) (memmove)
c:/program files (x86)/gnu tools arm embedded/6 2017-q1-update/bin/../lib/gcc/arm-none-eabi/6.3.1/../../../../arm-none-eabi/lib/thumb/v7e-m\libg_nano.a(lib_a-mlock.o)
                              c:/program files (x86)/gnu tools arm embedded/6 2017-q1-update/bin/../lib/gcc/arm-none-eabi/6.3.1/../../../../arm-none-eabi/lib/thumb/v7e-m\libg_nano.a(lib_a-nano-freer.o) (__malloc_lock)
c:/program files (x86)/gnu tools arm embedded/6 2017-q1-update/bin/../lib/gcc/arm-none-eabi/6.3.1/../../../../arm-none-eabi/lib/thumb/v7e-m\libg_nano.a(lib_a-nano-reallocr.o)
                              c:/program files (x86)/gnu tools arm embedded/6 2017-q1-update/bin/../lib/gcc/arm-none-eabi/6.3.1/../../../../arm-none-eabi/lib/thumb/v7e-m\libg_nano.a(lib_a-fvwrite.o) (_realloc_r)
c:/program files (x86)/gnu tools arm embedded/6 2017-q1-update/bin/../lib/gcc/arm-none-eabi/6.3.1/../../../../arm-none-eabi/lib/thumb/v7e-m\libg_nano.a(lib_a-readr.o)
                              c:/program files (x86)/gnu tools arm embedded/6 2017-q1-update/bin/../lib/gcc/arm-none-eabi/6.3.1/../../../../arm-none-eabi/lib/thumb/v7e-m\libg_nano.a(lib_a-stdio.o) (_read_r)
c:/program files (x86)/gnu tools arm embedded/6 2017-q1-update/bin/../lib/gcc/arm-none-eabi/6.3.1/../../../../arm-none-eabi/lib/thumb/v7e-m\libg_nano.a(lib_a-nano-msizer.o)
                              c:/program files (x86)/gnu tools arm embedded/6 2017-q1-update/bin/../lib/gcc/arm-none-eabi/6.3.1/../../../../arm-none-eabi/lib/thumb/v7e-m\libg_nano.a(lib_a-nano-reallocr.o) (_malloc_usable_size_r)
c:/program files (x86)/gnu tools arm embedded/6 2017-q1-update/bin/../lib/gcc/arm-none-eabi/6.3.1/../../../../arm-none-eabi/lib/thumb/v7e-m\libnosys.a(sbrk.o)
                              c:/program files (x86)/gnu tools arm embedded/6 2017-q1-update/bin/../lib/gcc/arm-none-eabi/6.3.1/../../../../arm-none-eabi/lib/thumb/v7e-m\libg_nano.a(lib_a-sbrkr.o) (_sbrk)
c:/program files (x86)/gnu tools arm embedded/6 2017-q1-update/bin/../lib/gcc/arm-none-eabi/6.3.1/../../../../arm-none-eabi/lib/thumb/v7e-m\libnosys.a(_exit.o)
                              c:/program files (x86)/gnu tools arm embedded/6 2017-q1-update/bin/../lib/gcc/arm-none-eabi/6.3.1/../../../../arm-none-eabi/lib/thumb/v7e-m\libg_nano.a(lib_a-exit.o) (_exit)

Allocating common symbols
Common symbol       size              file

errno               0x4               ./CMSIS/GCC/_syscalls.o
__stdin             0x68              ./Library/retarget.o
__stdout            0x68              ./Library/retarget.o

Discarded input sections

 .text          0x00000000        0x0 c:/program files (x86)/gnu tools arm embedded/6 2017-q1-update/bin/../lib/gcc/arm-none-eabi/6.3.1/thumb/v7e-m/crti.o
 .data          0x00000000        0x0 c:/program files (x86)/gnu tools arm embedded/6 2017-q1-update/bin/../lib/gcc/arm-none-eabi/6.3.1/thumb/v7e-m/crti.o
 .bss           0x00000000        0x0 c:/program files (x86)/gnu tools arm embedded/6 2017-q1-update/bin/../lib/gcc/arm-none-eabi/6.3.1/thumb/v7e-m/crti.o
 .data          0x00000000        0x4 c:/program files (x86)/gnu tools arm embedded/6 2017-q1-update/bin/../lib/gcc/arm-none-eabi/6.3.1/thumb/v7e-m/crtbegin.o
 .data          0x00000000        0x0 c:/program files (x86)/gnu tools arm embedded/6 2017-q1-update/bin/../lib/gcc/arm-none-eabi/6.3.1/../../../../arm-none-eabi/lib/thumb/v7e-m/crt0.o
 .bss           0x00000000        0x0 c:/program files (x86)/gnu tools arm embedded/6 2017-q1-update/bin/../lib/gcc/arm-none-eabi/6.3.1/../../../../arm-none-eabi/lib/thumb/v7e-m/crt0.o
 .ARM.extab     0x00000000        0x0 c:/program files (x86)/gnu tools arm embedded/6 2017-q1-update/bin/../lib/gcc/arm-none-eabi/6.3.1/../../../../arm-none-eabi/lib/thumb/v7e-m/crt0.o
 .text          0x00000000        0x0 ./User/main.o
 .data          0x00000000        0x0 ./User/main.o
 .bss           0x00000000        0x0 ./User/main.o
 .text          0x00000000        0x0 ./Library/clk.o
 .data          0x00000000        0x0 ./Library/clk.o
 .bss           0x00000000        0x0 ./Library/clk.o
 .text.CLK_PowerDown
                0x00000000       0x20 ./Library/clk.o
 .text.CLK_Idle
                0x00000000       0x20 ./Library/clk.o
 .text.CLK_GetHXTFreq
                0x00000000       0x1c ./Library/clk.o
 .text.CLK_GetLXTFreq
                0x00000000       0x18 ./Library/clk.o
 .text.CLK_GetPCLK0Freq
                0x00000000       0x28 ./Library/clk.o
 .text.CLK_GetPCLK1Freq
                0x00000000       0x28 ./Library/clk.o
 .text.CLK_GetHCLKFreq
                0x00000000       0x10 ./Library/clk.o
 .text.CLK_GetCPUFreq
                0x00000000       0x10 ./Library/clk.o
 .text.CLK_SetSysTickClockSrc
                0x00000000       0x14 ./Library/clk.o
 .text.CLK_DisableXtalRC
                0x00000000       0x10 ./Library/clk.o
 .text.CLK_EnableCKO
                0x00000000       0x2c ./Library/clk.o
 .text.CLK_DisableModuleClock
                0x00000000       0x1e ./Library/clk.o
 .text.CLK_DisableCKO
                0x00000000       0x10 ./Library/clk.o
 .text.CLK_DisablePLL
                0x00000000       0x10 ./Library/clk.o
 .text.CLK_EnablePLL
                0x00000000      0x1a4 ./Library/clk.o
 .text.CLK_SetCoreClock
                0x00000000       0x8c ./Library/clk.o
 .text.CLK_EnableSysTick
                0x00000000       0x3c ./Library/clk.o
 .text.CLK_DisableSysTick
                0x00000000        0xc ./Library/clk.o
 .rodata        0x00000000        0x4 ./Library/clk.o
 .text          0x00000000        0x0 ./Library/retarget.o
 .data          0x00000000        0x0 ./Library/retarget.o
 .bss           0x00000000        0x0 ./Library/retarget.o
 .text.SendChar_ToUART
                0x00000000       0x2c ./Library/retarget.o
 .text.SendChar
                0x00000000        0x8 ./Library/retarget.o
 .text.GetChar  0x00000000       0x18 ./Library/retarget.o
 .text.kbhit    0x00000000       0x10 ./Library/retarget.o
 .text.IsDebugFifoEmpty
                0x00000000       0x10 ./Library/retarget.o
 .text._ttywrch
                0x00000000        0x8 ./Library/retarget.o
 .text.fputc    0x00000000        0xc ./Library/retarget.o
 .text.fgetc    0x00000000        0x8 ./Library/retarget.o
 .text.ferror   0x00000000        0x6 ./Library/retarget.o
 COMMON         0x00000000       0xd0 ./Library/retarget.o
 .text          0x00000000        0x0 ./Library/sys.o
 .data          0x00000000        0x0 ./Library/sys.o
 .bss           0x00000000        0x0 ./Library/sys.o
 .text.SYS_ClearResetSrc
                0x00000000        0xc ./Library/sys.o
 .text.SYS_GetBODStatus
                0x00000000        0xc ./Library/sys.o
 .text.SYS_GetResetSrc
                0x00000000        0x8 ./Library/sys.o
 .text.SYS_IsRegLocked
                0x00000000       0x14 ./Library/sys.o
 .text.SYS_ReadPDID
                0x00000000        0x8 ./Library/sys.o
 .text.SYS_ResetChip
                0x00000000        0xe ./Library/sys.o
 .text.SYS_ResetCPU
                0x00000000        0xe ./Library/sys.o
 .text.SYS_ResetModule
                0x00000000       0x1e ./Library/sys.o
 .text.SYS_EnableBOD
                0x00000000       0x22 ./Library/sys.o
 .text.SYS_DisableBOD
                0x00000000        0xe ./Library/sys.o
 .debug_info    0x00000000      0x4d8 ./Library/sys.o
 .debug_abbrev  0x00000000      0x14b ./Library/sys.o
 .debug_loc     0x00000000       0x84 ./Library/sys.o
 .debug_aranges
                0x00000000       0x68 ./Library/sys.o
 .debug_ranges  0x00000000       0x58 ./Library/sys.o
 .debug_line    0x00000000      0x255 ./Library/sys.o
 .debug_str     0x00000000      0x49b ./Library/sys.o
 .comment       0x00000000       0x80 ./Library/sys.o
 .debug_frame   0x00000000       0xb0 ./Library/sys.o
 .ARM.attributes
                0x00000000       0x33 ./Library/sys.o
 .text          0x00000000        0x0 ./Library/uart.o
 .data          0x00000000        0x0 ./Library/uart.o
 .bss           0x00000000        0x0 ./Library/uart.o
 .text.UART_ClearIntFlag
                0x00000000       0x54 ./Library/uart.o
 .text.UART_Close
                0x00000000        0x6 ./Library/uart.o
 .text.UART_DisableFlowCtrl
                0x00000000        0xa ./Library/uart.o
 .text.UART_DisableInt
                0x00000000       0x58 ./Library/uart.o
 .text.UART_EnableFlowCtrl
                0x00000000       0x1a ./Library/uart.o
 .text.UART_EnableInt
                0x00000000       0x4c ./Library/uart.o
 .text.UART_Read
                0x00000000       0x2a ./Library/uart.o
 .text.UART_SetLine_Config
                0x00000000       0xdc ./Library/uart.o
 .text.UART_SetTimeoutCnt
                0x00000000       0x14 ./Library/uart.o
 .text.UART_SelectIrDAMode
                0x00000000       0xe8 ./Library/uart.o
 .text.UART_SelectRS485Mode
                0x00000000       0x1c ./Library/uart.o
 .text.UART_SelectLINMode
                0x00000000       0x16 ./Library/uart.o
 .text          0x00000000        0x0 ./CMSIS/GCC/_syscalls.o
 .data          0x00000000        0x0 ./CMSIS/GCC/_syscalls.o
 .bss           0x00000000        0x0 ./CMSIS/GCC/_syscalls.o
 .text.__initialize_args
                0x00000000       0x10 ./CMSIS/GCC/_syscalls.o
 .text.raise    0x00000000       0x10 ./CMSIS/GCC/_syscalls.o
 .text.kill     0x00000000       0x10 ./CMSIS/GCC/_syscalls.o
 .text._chown   0x00000000       0x10 ./CMSIS/GCC/_syscalls.o
 .text._execve  0x00000000       0x10 ./CMSIS/GCC/_syscalls.o
 .text._fork    0x00000000       0x10 ./CMSIS/GCC/_syscalls.o
 .text._getpid  0x00000000       0x10 ./CMSIS/GCC/_syscalls.o
 .text._gettimeofday
                0x00000000       0x10 ./CMSIS/GCC/_syscalls.o
 .text._kill    0x00000000       0x10 ./CMSIS/GCC/_syscalls.o
 .text._link    0x00000000       0x10 ./CMSIS/GCC/_syscalls.o
 .text._open    0x00000000       0x10 ./CMSIS/GCC/_syscalls.o
 .text._readlink
                0x00000000       0x10 ./CMSIS/GCC/_syscalls.o
 .text._stat    0x00000000       0x10 ./CMSIS/GCC/_syscalls.o
 .text._symlink
                0x00000000       0x10 ./CMSIS/GCC/_syscalls.o
 .text._times   0x00000000       0x10 ./CMSIS/GCC/_syscalls.o
 .text._unlink  0x00000000       0x10 ./CMSIS/GCC/_syscalls.o
 .text._wait    0x00000000       0x10 ./CMSIS/GCC/_syscalls.o
 .bss.__dso_handle
                0x00000000        0x4 ./CMSIS/GCC/_syscalls.o
 .bss.__env     0x00000000        0x4 ./CMSIS/GCC/_syscalls.o
 .bss.name.4742
                0x00000000        0x1 ./CMSIS/GCC/_syscalls.o
 .data.argv.4743
                0x00000000        0x8 ./CMSIS/GCC/_syscalls.o
 .data.environ  0x00000000        0x4 ./CMSIS/GCC/_syscalls.o
 .data          0x00000000        0x0 ./CMSIS/GCC/startup_M451Series.o
 .bss           0x00000000        0x0 ./CMSIS/GCC/startup_M451Series.o
 .text          0x00000000        0x0 ./CMSIS/system_M451Series.o
 .data          0x00000000        0x0 ./CMSIS/system_M451Series.o
 .bss           0x00000000        0x0 ./CMSIS/system_M451Series.o
 .text          0x00000000        0x0 c:/program files (x86)/gnu tools arm embedded/6 2017-q1-update/bin/../lib/gcc/arm-none-eabi/6.3.1/../../../../arm-none-eabi/lib/thumb/v7e-m\libg_nano.a(lib_a-errno.o)
 .data          0x00000000        0x0 c:/program files (x86)/gnu tools arm embedded/6 2017-q1-update/bin/../lib/gcc/arm-none-eabi/6.3.1/../../../../arm-none-eabi/lib/thumb/v7e-m\libg_nano.a(lib_a-errno.o)
 .bss           0x00000000        0x0 c:/program files (x86)/gnu tools arm embedded/6 2017-q1-update/bin/../lib/gcc/arm-none-eabi/6.3.1/../../../../arm-none-eabi/lib/thumb/v7e-m\libg_nano.a(lib_a-errno.o)
 .text          0x00000000        0x0 c:/program files (x86)/gnu tools arm embedded/6 2017-q1-update/bin/../lib/gcc/arm-none-eabi/6.3.1/../../../../arm-none-eabi/lib/thumb/v7e-m\libg_nano.a(lib_a-exit.o)
 .data          0x00000000        0x0 c:/program files (x86)/gnu tools arm embedded/6 2017-q1-update/bin/../lib/gcc/arm-none-eabi/6.3.1/../../../../arm-none-eabi/lib/thumb/v7e-m\libg_nano.a(lib_a-exit.o)
 .bss           0x00000000        0x0 c:/program files (x86)/gnu tools arm embedded/6 2017-q1-update/bin/../lib/gcc/arm-none-eabi/6.3.1/../../../../arm-none-eabi/lib/thumb/v7e-m\libg_nano.a(lib_a-exit.o)
 .text          0x00000000        0x0 c:/program files (x86)/gnu tools arm embedded/6 2017-q1-update/bin/../lib/gcc/arm-none-eabi/6.3.1/../../../../arm-none-eabi/lib/thumb/v7e-m\libg_nano.a(lib_a-impure.o)
 .data          0x00000000        0x0 c:/program files (x86)/gnu tools arm embedded/6 2017-q1-update/bin/../lib/gcc/arm-none-eabi/6.3.1/../../../../arm-none-eabi/lib/thumb/v7e-m\libg_nano.a(lib_a-impure.o)
 .bss           0x00000000        0x0 c:/program files (x86)/gnu tools arm embedded/6 2017-q1-update/bin/../lib/gcc/arm-none-eabi/6.3.1/../../../../arm-none-eabi/lib/thumb/v7e-m\libg_nano.a(lib_a-impure.o)
 .text          0x00000000        0x0 c:/program files (x86)/gnu tools arm embedded/6 2017-q1-update/bin/../lib/gcc/arm-none-eabi/6.3.1/../../../../arm-none-eabi/lib/thumb/v7e-m\libg_nano.a(lib_a-init.o)
 .data          0x00000000        0x0 c:/program files (x86)/gnu tools arm embedded/6 2017-q1-update/bin/../lib/gcc/arm-none-eabi/6.3.1/../../../../arm-none-eabi/lib/thumb/v7e-m\libg_nano.a(lib_a-init.o)
 .bss           0x00000000        0x0 c:/program files (x86)/gnu tools arm embedded/6 2017-q1-update/bin/../lib/gcc/arm-none-eabi/6.3.1/../../../../arm-none-eabi/lib/thumb/v7e-m\libg_nano.a(lib_a-init.o)
 .text          0x00000000        0x0 c:/program files (x86)/gnu tools arm embedded/6 2017-q1-update/bin/../lib/gcc/arm-none-eabi/6.3.1/../../../../arm-none-eabi/lib/thumb/v7e-m\libg_nano.a(lib_a-memset.o)
 .data          0x00000000        0x0 c:/program files (x86)/gnu tools arm embedded/6 2017-q1-update/bin/../lib/gcc/arm-none-eabi/6.3.1/../../../../arm-none-eabi/lib/thumb/v7e-m\libg_nano.a(lib_a-memset.o)
 .bss           0x00000000        0x0 c:/program files (x86)/gnu tools arm embedded/6 2017-q1-update/bin/../lib/gcc/arm-none-eabi/6.3.1/../../../../arm-none-eabi/lib/thumb/v7e-m\libg_nano.a(lib_a-memset.o)
 .text          0x00000000        0x0 c:/program files (x86)/gnu tools arm embedded/6 2017-q1-update/bin/../lib/gcc/arm-none-eabi/6.3.1/../../../../arm-none-eabi/lib/thumb/v7e-m\libg_nano.a(lib_a-printf.o)
 .data          0x00000000        0x0 c:/program files (x86)/gnu tools arm embedded/6 2017-q1-update/bin/../lib/gcc/arm-none-eabi/6.3.1/../../../../arm-none-eabi/lib/thumb/v7e-m\libg_nano.a(lib_a-printf.o)
 .bss           0x00000000        0x0 c:/program files (x86)/gnu tools arm embedded/6 2017-q1-update/bin/../lib/gcc/arm-none-eabi/6.3.1/../../../../arm-none-eabi/lib/thumb/v7e-m\libg_nano.a(lib_a-printf.o)
 .text._printf_r
                0x00000000       0x28 c:/program files (x86)/gnu tools arm embedded/6 2017-q1-update/bin/../lib/gcc/arm-none-eabi/6.3.1/../../../../arm-none-eabi/lib/thumb/v7e-m\libg_nano.a(lib_a-printf.o)
 .text          0x00000000        0x0 c:/program files (x86)/gnu tools arm embedded/6 2017-q1-update/bin/../lib/gcc/arm-none-eabi/6.3.1/../../../../arm-none-eabi/lib/thumb/v7e-m\libg_nano.a(lib_a-puts.o)
 .data          0x00000000        0x0 c:/program files (x86)/gnu tools arm embedded/6 2017-q1-update/bin/../lib/gcc/arm-none-eabi/6.3.1/../../../../arm-none-eabi/lib/thumb/v7e-m\libg_nano.a(lib_a-puts.o)
 .bss           0x00000000        0x0 c:/program files (x86)/gnu tools arm embedded/6 2017-q1-update/bin/../lib/gcc/arm-none-eabi/6.3.1/../../../../arm-none-eabi/lib/thumb/v7e-m\libg_nano.a(lib_a-puts.o)
 .text          0x00000000        0x0 c:/program files (x86)/gnu tools arm embedded/6 2017-q1-update/bin/../lib/gcc/arm-none-eabi/6.3.1/../../../../arm-none-eabi/lib/thumb/v7e-m\libg_nano.a(lib_a-wbuf.o)
 .data          0x00000000        0x0 c:/program files (x86)/gnu tools arm embedded/6 2017-q1-update/bin/../lib/gcc/arm-none-eabi/6.3.1/../../../../arm-none-eabi/lib/thumb/v7e-m\libg_nano.a(lib_a-wbuf.o)
 .bss           0x00000000        0x0 c:/program files (x86)/gnu tools arm embedded/6 2017-q1-update/bin/../lib/gcc/arm-none-eabi/6.3.1/../../../../arm-none-eabi/lib/thumb/v7e-m\libg_nano.a(lib_a-wbuf.o)
 .text.__swbuf  0x00000000       0x10 c:/program files (x86)/gnu tools arm embedded/6 2017-q1-update/bin/../lib/gcc/arm-none-eabi/6.3.1/../../../../arm-none-eabi/lib/thumb/v7e-m\libg_nano.a(lib_a-wbuf.o)
 .text          0x00000000        0x0 c:/program files (x86)/gnu tools arm embedded/6 2017-q1-update/bin/../lib/gcc/arm-none-eabi/6.3.1/../../../../arm-none-eabi/lib/thumb/v7e-m\libg_nano.a(lib_a-wsetup.o)
 .data          0x00000000        0x0 c:/program files (x86)/gnu tools arm embedded/6 2017-q1-update/bin/../lib/gcc/arm-none-eabi/6.3.1/../../../../arm-none-eabi/lib/thumb/v7e-m\libg_nano.a(lib_a-wsetup.o)
 .bss           0x00000000        0x0 c:/program files (x86)/gnu tools arm embedded/6 2017-q1-update/bin/../lib/gcc/arm-none-eabi/6.3.1/../../../../arm-none-eabi/lib/thumb/v7e-m\libg_nano.a(lib_a-wsetup.o)
 .text          0x00000000        0x0 c:/program files (x86)/gnu tools arm embedded/6 2017-q1-update/bin/../lib/gcc/arm-none-eabi/6.3.1/../../../../arm-none-eabi/lib/thumb/v7e-m\libg_nano.a(lib_a-fflush.o)
 .data          0x00000000        0x0 c:/program files (x86)/gnu tools arm embedded/6 2017-q1-update/bin/../lib/gcc/arm-none-eabi/6.3.1/../../../../arm-none-eabi/lib/thumb/v7e-m\libg_nano.a(lib_a-fflush.o)
 .bss           0x00000000        0x0 c:/program files (x86)/gnu tools arm embedded/6 2017-q1-update/bin/../lib/gcc/arm-none-eabi/6.3.1/../../../../arm-none-eabi/lib/thumb/v7e-m\libg_nano.a(lib_a-fflush.o)
 .text.fflush   0x00000000       0x24 c:/program files (x86)/gnu tools arm embedded/6 2017-q1-update/bin/../lib/gcc/arm-none-eabi/6.3.1/../../../../arm-none-eabi/lib/thumb/v7e-m\libg_nano.a(lib_a-fflush.o)
 .text          0x00000000        0x0 c:/program files (x86)/gnu tools arm embedded/6 2017-q1-update/bin/../lib/gcc/arm-none-eabi/6.3.1/../../../../arm-none-eabi/lib/thumb/v7e-m\libg_nano.a(lib_a-findfp.o)
 .data          0x00000000        0x0 c:/program files (x86)/gnu tools arm embedded/6 2017-q1-update/bin/../lib/gcc/arm-none-eabi/6.3.1/../../../../arm-none-eabi/lib/thumb/v7e-m\libg_nano.a(lib_a-findfp.o)
 .bss           0x00000000        0x0 c:/program files (x86)/gnu tools arm embedded/6 2017-q1-update/bin/../lib/gcc/arm-none-eabi/6.3.1/../../../../arm-none-eabi/lib/thumb/v7e-m\libg_nano.a(lib_a-findfp.o)
 .text.__fp_unlock
                0x00000000        0x4 c:/program files (x86)/gnu tools arm embedded/6 2017-q1-update/bin/../lib/gcc/arm-none-eabi/6.3.1/../../../../arm-none-eabi/lib/thumb/v7e-m\libg_nano.a(lib_a-findfp.o)
 .text.__fp_lock
                0x00000000        0x4 c:/program files (x86)/gnu tools arm embedded/6 2017-q1-update/bin/../lib/gcc/arm-none-eabi/6.3.1/../../../../arm-none-eabi/lib/thumb/v7e-m\libg_nano.a(lib_a-findfp.o)
 .text._cleanup
                0x00000000        0xc c:/program files (x86)/gnu tools arm embedded/6 2017-q1-update/bin/../lib/gcc/arm-none-eabi/6.3.1/../../../../arm-none-eabi/lib/thumb/v7e-m\libg_nano.a(lib_a-findfp.o)
 .text.__sfp_lock_acquire
                0x00000000        0x2 c:/program files (x86)/gnu tools arm embedded/6 2017-q1-update/bin/../lib/gcc/arm-none-eabi/6.3.1/../../../../arm-none-eabi/lib/thumb/v7e-m\libg_nano.a(lib_a-findfp.o)
 .text.__sfp_lock_release
                0x00000000        0x2 c:/program files (x86)/gnu tools arm embedded/6 2017-q1-update/bin/../lib/gcc/arm-none-eabi/6.3.1/../../../../arm-none-eabi/lib/thumb/v7e-m\libg_nano.a(lib_a-findfp.o)
 .text.__sinit_lock_acquire
                0x00000000        0x2 c:/program files (x86)/gnu tools arm embedded/6 2017-q1-update/bin/../lib/gcc/arm-none-eabi/6.3.1/../../../../arm-none-eabi/lib/thumb/v7e-m\libg_nano.a(lib_a-findfp.o)
 .text.__sinit_lock_release
                0x00000000        0x2 c:/program files (x86)/gnu tools arm embedded/6 2017-q1-update/bin/../lib/gcc/arm-none-eabi/6.3.1/../../../../arm-none-eabi/lib/thumb/v7e-m\libg_nano.a(lib_a-findfp.o)
 .text.__fp_lock_all
                0x00000000       0x14 c:/program files (x86)/gnu tools arm embedded/6 2017-q1-update/bin/../lib/gcc/arm-none-eabi/6.3.1/../../../../arm-none-eabi/lib/thumb/v7e-m\libg_nano.a(lib_a-findfp.o)
 .text.__fp_unlock_all
                0x00000000       0x14 c:/program files (x86)/gnu tools arm embedded/6 2017-q1-update/bin/../lib/gcc/arm-none-eabi/6.3.1/../../../../arm-none-eabi/lib/thumb/v7e-m\libg_nano.a(lib_a-findfp.o)
 .text          0x00000000        0x0 c:/program files (x86)/gnu tools arm embedded/6 2017-q1-update/bin/../lib/gcc/arm-none-eabi/6.3.1/../../../../arm-none-eabi/lib/thumb/v7e-m\libg_nano.a(lib_a-fwalk.o)
 .data          0x00000000        0x0 c:/program files (x86)/gnu tools arm embedded/6 2017-q1-update/bin/../lib/gcc/arm-none-eabi/6.3.1/../../../../arm-none-eabi/lib/thumb/v7e-m\libg_nano.a(lib_a-fwalk.o)
 .bss           0x00000000        0x0 c:/program files (x86)/gnu tools arm embedded/6 2017-q1-update/bin/../lib/gcc/arm-none-eabi/6.3.1/../../../../arm-none-eabi/lib/thumb/v7e-m\libg_nano.a(lib_a-fwalk.o)
 .text._fwalk   0x00000000       0x38 c:/program files (x86)/gnu tools arm embedded/6 2017-q1-update/bin/../lib/gcc/arm-none-eabi/6.3.1/../../../../arm-none-eabi/lib/thumb/v7e-m\libg_nano.a(lib_a-fwalk.o)
 .text          0x00000000        0x0 c:/program files (x86)/gnu tools arm embedded/6 2017-q1-update/bin/../lib/gcc/arm-none-eabi/6.3.1/../../../../arm-none-eabi/lib/thumb/v7e-m\libg_nano.a(lib_a-makebuf.o)
 .data          0x00000000        0x0 c:/program files (x86)/gnu tools arm embedded/6 2017-q1-update/bin/../lib/gcc/arm-none-eabi/6.3.1/../../../../arm-none-eabi/lib/thumb/v7e-m\libg_nano.a(lib_a-makebuf.o)
 .bss           0x00000000        0x0 c:/program files (x86)/gnu tools arm embedded/6 2017-q1-update/bin/../lib/gcc/arm-none-eabi/6.3.1/../../../../arm-none-eabi/lib/thumb/v7e-m\libg_nano.a(lib_a-makebuf.o)
 .text          0x00000000        0x0 c:/program files (x86)/gnu tools arm embedded/6 2017-q1-update/bin/../lib/gcc/arm-none-eabi/6.3.1/../../../../arm-none-eabi/lib/thumb/v7e-m\libg_nano.a(lib_a-nano-freer.o)
 .data          0x00000000        0x0 c:/program files (x86)/gnu tools arm embedded/6 2017-q1-update/bin/../lib/gcc/arm-none-eabi/6.3.1/../../../../arm-none-eabi/lib/thumb/v7e-m\libg_nano.a(lib_a-nano-freer.o)
 .bss           0x00000000        0x0 c:/program files (x86)/gnu tools arm embedded/6 2017-q1-update/bin/../lib/gcc/arm-none-eabi/6.3.1/../../../../arm-none-eabi/lib/thumb/v7e-m\libg_nano.a(lib_a-nano-freer.o)
 .text          0x00000000        0x0 c:/program files (x86)/gnu tools arm embedded/6 2017-q1-update/bin/../lib/gcc/arm-none-eabi/6.3.1/../../../../arm-none-eabi/lib/thumb/v7e-m\libg_nano.a(lib_a-nano-mallocr.o)
 .data          0x00000000        0x0 c:/program files (x86)/gnu tools arm embedded/6 2017-q1-update/bin/../lib/gcc/arm-none-eabi/6.3.1/../../../../arm-none-eabi/lib/thumb/v7e-m\libg_nano.a(lib_a-nano-mallocr.o)
 .bss           0x00000000        0x0 c:/program files (x86)/gnu tools arm embedded/6 2017-q1-update/bin/../lib/gcc/arm-none-eabi/6.3.1/../../../../arm-none-eabi/lib/thumb/v7e-m\libg_nano.a(lib_a-nano-mallocr.o)
 .text          0x00000000        0x0 c:/program files (x86)/gnu tools arm embedded/6 2017-q1-update/bin/../lib/gcc/arm-none-eabi/6.3.1/../../../../arm-none-eabi/lib/thumb/v7e-m\libg_nano.a(lib_a-nano-vfprintf.o)
 .data          0x00000000        0x0 c:/program files (x86)/gnu tools arm embedded/6 2017-q1-update/bin/../lib/gcc/arm-none-eabi/6.3.1/../../../../arm-none-eabi/lib/thumb/v7e-m\libg_nano.a(lib_a-nano-vfprintf.o)
 .bss           0x00000000        0x0 c:/program files (x86)/gnu tools arm embedded/6 2017-q1-update/bin/../lib/gcc/arm-none-eabi/6.3.1/../../../../arm-none-eabi/lib/thumb/v7e-m\libg_nano.a(lib_a-nano-vfprintf.o)
 .text.__sprint_r
                0x00000000       0x1a c:/program files (x86)/gnu tools arm embedded/6 2017-q1-update/bin/../lib/gcc/arm-none-eabi/6.3.1/../../../../arm-none-eabi/lib/thumb/v7e-m\libg_nano.a(lib_a-nano-vfprintf.o)
 .text.vfprintf
                0x00000000       0x14 c:/program files (x86)/gnu tools arm embedded/6 2017-q1-update/bin/../lib/gcc/arm-none-eabi/6.3.1/../../../../arm-none-eabi/lib/thumb/v7e-m\libg_nano.a(lib_a-nano-vfprintf.o)
 .text          0x00000000        0x0 c:/program files (x86)/gnu tools arm embedded/6 2017-q1-update/bin/../lib/gcc/arm-none-eabi/6.3.1/../../../../arm-none-eabi/lib/thumb/v7e-m\libg_nano.a(lib_a-nano-vfprintf_i.o)
 .data          0x00000000        0x0 c:/program files (x86)/gnu tools arm embedded/6 2017-q1-update/bin/../lib/gcc/arm-none-eabi/6.3.1/../../../../arm-none-eabi/lib/thumb/v7e-m\libg_nano.a(lib_a-nano-vfprintf_i.o)
 .bss           0x00000000        0x0 c:/program files (x86)/gnu tools arm embedded/6 2017-q1-update/bin/../lib/gcc/arm-none-eabi/6.3.1/../../../../arm-none-eabi/lib/thumb/v7e-m\libg_nano.a(lib_a-nano-vfprintf_i.o)
 .text          0x00000000        0x0 c:/program files (x86)/gnu tools arm embedded/6 2017-q1-update/bin/../lib/gcc/arm-none-eabi/6.3.1/../../../../arm-none-eabi/lib/thumb/v7e-m\libg_nano.a(lib_a-sbrkr.o)
 .data          0x00000000        0x0 c:/program files (x86)/gnu tools arm embedded/6 2017-q1-update/bin/../lib/gcc/arm-none-eabi/6.3.1/../../../../arm-none-eabi/lib/thumb/v7e-m\libg_nano.a(lib_a-sbrkr.o)
 .bss           0x00000000        0x0 c:/program files (x86)/gnu tools arm embedded/6 2017-q1-update/bin/../lib/gcc/arm-none-eabi/6.3.1/../../../../arm-none-eabi/lib/thumb/v7e-m\libg_nano.a(lib_a-sbrkr.o)
 .text          0x00000000        0x0 c:/program files (x86)/gnu tools arm embedded/6 2017-q1-update/bin/../lib/gcc/arm-none-eabi/6.3.1/../../../../arm-none-eabi/lib/thumb/v7e-m\libg_nano.a(lib_a-stdio.o)
 .data          0x00000000        0x0 c:/program files (x86)/gnu tools arm embedded/6 2017-q1-update/bin/../lib/gcc/arm-none-eabi/6.3.1/../../../../arm-none-eabi/lib/thumb/v7e-m\libg_nano.a(lib_a-stdio.o)
 .bss           0x00000000        0x0 c:/program files (x86)/gnu tools arm embedded/6 2017-q1-update/bin/../lib/gcc/arm-none-eabi/6.3.1/../../../../arm-none-eabi/lib/thumb/v7e-m\libg_nano.a(lib_a-stdio.o)
 .text.__seofread
                0x00000000        0x4 c:/program files (x86)/gnu tools arm embedded/6 2017-q1-update/bin/../lib/gcc/arm-none-eabi/6.3.1/../../../../arm-none-eabi/lib/thumb/v7e-m\libg_nano.a(lib_a-stdio.o)
 .text          0x00000000        0x0 c:/program files (x86)/gnu tools arm embedded/6 2017-q1-update/bin/../lib/gcc/arm-none-eabi/6.3.1/../../../../arm-none-eabi/lib/thumb/v7e-m\libg_nano.a(lib_a-writer.o)
 .data          0x00000000        0x0 c:/program files (x86)/gnu tools arm embedded/6 2017-q1-update/bin/../lib/gcc/arm-none-eabi/6.3.1/../../../../arm-none-eabi/lib/thumb/v7e-m\libg_nano.a(lib_a-writer.o)
 .bss           0x00000000        0x0 c:/program files (x86)/gnu tools arm embedded/6 2017-q1-update/bin/../lib/gcc/arm-none-eabi/6.3.1/../../../../arm-none-eabi/lib/thumb/v7e-m\libg_nano.a(lib_a-writer.o)
 .text          0x00000000        0x0 c:/program files (x86)/gnu tools arm embedded/6 2017-q1-update/bin/../lib/gcc/arm-none-eabi/6.3.1/../../../../arm-none-eabi/lib/thumb/v7e-m\libg_nano.a(lib_a-closer.o)
 .data          0x00000000        0x0 c:/program files (x86)/gnu tools arm embedded/6 2017-q1-update/bin/../lib/gcc/arm-none-eabi/6.3.1/../../../../arm-none-eabi/lib/thumb/v7e-m\libg_nano.a(lib_a-closer.o)
 .bss           0x00000000        0x0 c:/program files (x86)/gnu tools arm embedded/6 2017-q1-update/bin/../lib/gcc/arm-none-eabi/6.3.1/../../../../arm-none-eabi/lib/thumb/v7e-m\libg_nano.a(lib_a-closer.o)
 .text          0x00000000        0x0 c:/program files (x86)/gnu tools arm embedded/6 2017-q1-update/bin/../lib/gcc/arm-none-eabi/6.3.1/../../../../arm-none-eabi/lib/thumb/v7e-m\libg_nano.a(lib_a-fstatr.o)
 .data          0x00000000        0x0 c:/program files (x86)/gnu tools arm embedded/6 2017-q1-update/bin/../lib/gcc/arm-none-eabi/6.3.1/../../../../arm-none-eabi/lib/thumb/v7e-m\libg_nano.a(lib_a-fstatr.o)
 .bss           0x00000000        0x0 c:/program files (x86)/gnu tools arm embedded/6 2017-q1-update/bin/../lib/gcc/arm-none-eabi/6.3.1/../../../../arm-none-eabi/lib/thumb/v7e-m\libg_nano.a(lib_a-fstatr.o)
 .text          0x00000000        0x0 c:/program files (x86)/gnu tools arm embedded/6 2017-q1-update/bin/../lib/gcc/arm-none-eabi/6.3.1/../../../../arm-none-eabi/lib/thumb/v7e-m\libg_nano.a(lib_a-fvwrite.o)
 .data          0x00000000        0x0 c:/program files (x86)/gnu tools arm embedded/6 2017-q1-update/bin/../lib/gcc/arm-none-eabi/6.3.1/../../../../arm-none-eabi/lib/thumb/v7e-m\libg_nano.a(lib_a-fvwrite.o)
 .bss           0x00000000        0x0 c:/program files (x86)/gnu tools arm embedded/6 2017-q1-update/bin/../lib/gcc/arm-none-eabi/6.3.1/../../../../arm-none-eabi/lib/thumb/v7e-m\libg_nano.a(lib_a-fvwrite.o)
 .text.__sfvwrite_r
                0x00000000      0x29c c:/program files (x86)/gnu tools arm embedded/6 2017-q1-update/bin/../lib/gcc/arm-none-eabi/6.3.1/../../../../arm-none-eabi/lib/thumb/v7e-m\libg_nano.a(lib_a-fvwrite.o)
 .debug_frame   0x00000000       0x3c c:/program files (x86)/gnu tools arm embedded/6 2017-q1-update/bin/../lib/gcc/arm-none-eabi/6.3.1/../../../../arm-none-eabi/lib/thumb/v7e-m\libg_nano.a(lib_a-fvwrite.o)
 .ARM.attributes
                0x00000000       0x2e c:/program files (x86)/gnu tools arm embedded/6 2017-q1-update/bin/../lib/gcc/arm-none-eabi/6.3.1/../../../../arm-none-eabi/lib/thumb/v7e-m\libg_nano.a(lib_a-fvwrite.o)
 .text          0x00000000        0x0 c:/program files (x86)/gnu tools arm embedded/6 2017-q1-update/bin/../lib/gcc/arm-none-eabi/6.3.1/../../../../arm-none-eabi/lib/thumb/v7e-m\libg_nano.a(lib_a-isattyr.o)
 .data          0x00000000        0x0 c:/program files (x86)/gnu tools arm embedded/6 2017-q1-update/bin/../lib/gcc/arm-none-eabi/6.3.1/../../../../arm-none-eabi/lib/thumb/v7e-m\libg_nano.a(lib_a-isattyr.o)
 .bss           0x00000000        0x0 c:/program files (x86)/gnu tools arm embedded/6 2017-q1-update/bin/../lib/gcc/arm-none-eabi/6.3.1/../../../../arm-none-eabi/lib/thumb/v7e-m\libg_nano.a(lib_a-isattyr.o)
 .text          0x00000000        0x0 c:/program files (x86)/gnu tools arm embedded/6 2017-q1-update/bin/../lib/gcc/arm-none-eabi/6.3.1/../../../../arm-none-eabi/lib/thumb/v7e-m\libg_nano.a(lib_a-lseekr.o)
 .data          0x00000000        0x0 c:/program files (x86)/gnu tools arm embedded/6 2017-q1-update/bin/../lib/gcc/arm-none-eabi/6.3.1/../../../../arm-none-eabi/lib/thumb/v7e-m\libg_nano.a(lib_a-lseekr.o)
 .bss           0x00000000        0x0 c:/program files (x86)/gnu tools arm embedded/6 2017-q1-update/bin/../lib/gcc/arm-none-eabi/6.3.1/../../../../arm-none-eabi/lib/thumb/v7e-m\libg_nano.a(lib_a-lseekr.o)
 .data          0x00000000        0x0 c:/program files (x86)/gnu tools arm embedded/6 2017-q1-update/bin/../lib/gcc/arm-none-eabi/6.3.1/../../../../arm-none-eabi/lib/thumb/v7e-m\libg_nano.a(lib_a-memchr.o)
 .bss           0x00000000        0x0 c:/program files (x86)/gnu tools arm embedded/6 2017-q1-update/bin/../lib/gcc/arm-none-eabi/6.3.1/../../../../arm-none-eabi/lib/thumb/v7e-m\libg_nano.a(lib_a-memchr.o)
 .text          0x00000000        0x0 c:/program files (x86)/gnu tools arm embedded/6 2017-q1-update/bin/../lib/gcc/arm-none-eabi/6.3.1/../../../../arm-none-eabi/lib/thumb/v7e-m\libg_nano.a(lib_a-memcpy-stub.o)
 .data          0x00000000        0x0 c:/program files (x86)/gnu tools arm embedded/6 2017-q1-update/bin/../lib/gcc/arm-none-eabi/6.3.1/../../../../arm-none-eabi/lib/thumb/v7e-m\libg_nano.a(lib_a-memcpy-stub.o)
 .bss           0x00000000        0x0 c:/program files (x86)/gnu tools arm embedded/6 2017-q1-update/bin/../lib/gcc/arm-none-eabi/6.3.1/../../../../arm-none-eabi/lib/thumb/v7e-m\libg_nano.a(lib_a-memcpy-stub.o)
 .text.memcpy   0x00000000       0x16 c:/program files (x86)/gnu tools arm embedded/6 2017-q1-update/bin/../lib/gcc/arm-none-eabi/6.3.1/../../../../arm-none-eabi/lib/thumb/v7e-m\libg_nano.a(lib_a-memcpy-stub.o)
 .debug_frame   0x00000000       0x28 c:/program files (x86)/gnu tools arm embedded/6 2017-q1-update/bin/../lib/gcc/arm-none-eabi/6.3.1/../../../../arm-none-eabi/lib/thumb/v7e-m\libg_nano.a(lib_a-memcpy-stub.o)
 .ARM.attributes
                0x00000000       0x2e c:/program files (x86)/gnu tools arm embedded/6 2017-q1-update/bin/../lib/gcc/arm-none-eabi/6.3.1/../../../../arm-none-eabi/lib/thumb/v7e-m\libg_nano.a(lib_a-memcpy-stub.o)
 .text          0x00000000        0x0 c:/program files (x86)/gnu tools arm embedded/6 2017-q1-update/bin/../lib/gcc/arm-none-eabi/6.3.1/../../../../arm-none-eabi/lib/thumb/v7e-m\libg_nano.a(lib_a-memmove.o)
 .data          0x00000000        0x0 c:/program files (x86)/gnu tools arm embedded/6 2017-q1-update/bin/../lib/gcc/arm-none-eabi/6.3.1/../../../../arm-none-eabi/lib/thumb/v7e-m\libg_nano.a(lib_a-memmove.o)
 .bss           0x00000000        0x0 c:/program files (x86)/gnu tools arm embedded/6 2017-q1-update/bin/../lib/gcc/arm-none-eabi/6.3.1/../../../../arm-none-eabi/lib/thumb/v7e-m\libg_nano.a(lib_a-memmove.o)
 .text.memmove  0x00000000       0x34 c:/program files (x86)/gnu tools arm embedded/6 2017-q1-update/bin/../lib/gcc/arm-none-eabi/6.3.1/../../../../arm-none-eabi/lib/thumb/v7e-m\libg_nano.a(lib_a-memmove.o)
 .debug_frame   0x00000000       0x28 c:/program files (x86)/gnu tools arm embedded/6 2017-q1-update/bin/../lib/gcc/arm-none-eabi/6.3.1/../../../../arm-none-eabi/lib/thumb/v7e-m\libg_nano.a(lib_a-memmove.o)
 .ARM.attributes
                0x00000000       0x2e c:/program files (x86)/gnu tools arm embedded/6 2017-q1-update/bin/../lib/gcc/arm-none-eabi/6.3.1/../../../../arm-none-eabi/lib/thumb/v7e-m\libg_nano.a(lib_a-memmove.o)
 .text          0x00000000        0x0 c:/program files (x86)/gnu tools arm embedded/6 2017-q1-update/bin/../lib/gcc/arm-none-eabi/6.3.1/../../../../arm-none-eabi/lib/thumb/v7e-m\libg_nano.a(lib_a-mlock.o)
 .data          0x00000000        0x0 c:/program files (x86)/gnu tools arm embedded/6 2017-q1-update/bin/../lib/gcc/arm-none-eabi/6.3.1/../../../../arm-none-eabi/lib/thumb/v7e-m\libg_nano.a(lib_a-mlock.o)
 .bss           0x00000000        0x0 c:/program files (x86)/gnu tools arm embedded/6 2017-q1-update/bin/../lib/gcc/arm-none-eabi/6.3.1/../../../../arm-none-eabi/lib/thumb/v7e-m\libg_nano.a(lib_a-mlock.o)
 .text          0x00000000        0x0 c:/program files (x86)/gnu tools arm embedded/6 2017-q1-update/bin/../lib/gcc/arm-none-eabi/6.3.1/../../../../arm-none-eabi/lib/thumb/v7e-m\libg_nano.a(lib_a-nano-reallocr.o)
 .data          0x00000000        0x0 c:/program files (x86)/gnu tools arm embedded/6 2017-q1-update/bin/../lib/gcc/arm-none-eabi/6.3.1/../../../../arm-none-eabi/lib/thumb/v7e-m\libg_nano.a(lib_a-nano-reallocr.o)
 .bss           0x00000000        0x0 c:/program files (x86)/gnu tools arm embedded/6 2017-q1-update/bin/../lib/gcc/arm-none-eabi/6.3.1/../../../../arm-none-eabi/lib/thumb/v7e-m\libg_nano.a(lib_a-nano-reallocr.o)
 .text._realloc_r
                0x00000000       0x4c c:/program files (x86)/gnu tools arm embedded/6 2017-q1-update/bin/../lib/gcc/arm-none-eabi/6.3.1/../../../../arm-none-eabi/lib/thumb/v7e-m\libg_nano.a(lib_a-nano-reallocr.o)
 .debug_frame   0x00000000       0x3c c:/program files (x86)/gnu tools arm embedded/6 2017-q1-update/bin/../lib/gcc/arm-none-eabi/6.3.1/../../../../arm-none-eabi/lib/thumb/v7e-m\libg_nano.a(lib_a-nano-reallocr.o)
 .ARM.attributes
                0x00000000       0x2e c:/program files (x86)/gnu tools arm embedded/6 2017-q1-update/bin/../lib/gcc/arm-none-eabi/6.3.1/../../../../arm-none-eabi/lib/thumb/v7e-m\libg_nano.a(lib_a-nano-reallocr.o)
 .text          0x00000000        0x0 c:/program files (x86)/gnu tools arm embedded/6 2017-q1-update/bin/../lib/gcc/arm-none-eabi/6.3.1/../../../../arm-none-eabi/lib/thumb/v7e-m\libg_nano.a(lib_a-readr.o)
 .data          0x00000000        0x0 c:/program files (x86)/gnu tools arm embedded/6 2017-q1-update/bin/../lib/gcc/arm-none-eabi/6.3.1/../../../../arm-none-eabi/lib/thumb/v7e-m\libg_nano.a(lib_a-readr.o)
 .bss           0x00000000        0x0 c:/program files (x86)/gnu tools arm embedded/6 2017-q1-update/bin/../lib/gcc/arm-none-eabi/6.3.1/../../../../arm-none-eabi/lib/thumb/v7e-m\libg_nano.a(lib_a-readr.o)
 .text          0x00000000        0x0 c:/program files (x86)/gnu tools arm embedded/6 2017-q1-update/bin/../lib/gcc/arm-none-eabi/6.3.1/../../../../arm-none-eabi/lib/thumb/v7e-m\libg_nano.a(lib_a-nano-msizer.o)
 .data          0x00000000        0x0 c:/program files (x86)/gnu tools arm embedded/6 2017-q1-update/bin/../lib/gcc/arm-none-eabi/6.3.1/../../../../arm-none-eabi/lib/thumb/v7e-m\libg_nano.a(lib_a-nano-msizer.o)
 .bss           0x00000000        0x0 c:/program files (x86)/gnu tools arm embedded/6 2017-q1-update/bin/../lib/gcc/arm-none-eabi/6.3.1/../../../../arm-none-eabi/lib/thumb/v7e-m\libg_nano.a(lib_a-nano-msizer.o)
 .text._malloc_usable_size_r
                0x00000000       0x12 c:/program files (x86)/gnu tools arm embedded/6 2017-q1-update/bin/../lib/gcc/arm-none-eabi/6.3.1/../../../../arm-none-eabi/lib/thumb/v7e-m\libg_nano.a(lib_a-nano-msizer.o)
 .debug_frame   0x00000000       0x20 c:/program files (x86)/gnu tools arm embedded/6 2017-q1-update/bin/../lib/gcc/arm-none-eabi/6.3.1/../../../../arm-none-eabi/lib/thumb/v7e-m\libg_nano.a(lib_a-nano-msizer.o)
 .ARM.attributes
                0x00000000       0x2e c:/program files (x86)/gnu tools arm embedded/6 2017-q1-update/bin/../lib/gcc/arm-none-eabi/6.3.1/../../../../arm-none-eabi/lib/thumb/v7e-m\libg_nano.a(lib_a-nano-msizer.o)
 .text          0x00000000        0x0 c:/program files (x86)/gnu tools arm embedded/6 2017-q1-update/bin/../lib/gcc/arm-none-eabi/6.3.1/thumb/v7e-m/crtend.o
 .data          0x00000000        0x0 c:/program files (x86)/gnu tools arm embedded/6 2017-q1-update/bin/../lib/gcc/arm-none-eabi/6.3.1/thumb/v7e-m/crtend.o
 .bss           0x00000000        0x0 c:/program files (x86)/gnu tools arm embedded/6 2017-q1-update/bin/../lib/gcc/arm-none-eabi/6.3.1/thumb/v7e-m/crtend.o
 .text          0x00000000        0x0 c:/program files (x86)/gnu tools arm embedded/6 2017-q1-update/bin/../lib/gcc/arm-none-eabi/6.3.1/thumb/v7e-m/crtn.o
 .data          0x00000000        0x0 c:/program files (x86)/gnu tools arm embedded/6 2017-q1-update/bin/../lib/gcc/arm-none-eabi/6.3.1/thumb/v7e-m/crtn.o
 .bss           0x00000000        0x0 c:/program files (x86)/gnu tools arm embedded/6 2017-q1-update/bin/../lib/gcc/arm-none-eabi/6.3.1/thumb/v7e-m/crtn.o
 .text          0x00000000        0x0 c:/program files (x86)/gnu tools arm embedded/6 2017-q1-update/bin/../lib/gcc/arm-none-eabi/6.3.1/../../../../arm-none-eabi/lib/thumb/v7e-m\libnosys.a(sbrk.o)
 .data          0x00000000        0x0 c:/program files (x86)/gnu tools arm embedded/6 2017-q1-update/bin/../lib/gcc/arm-none-eabi/6.3.1/../../../../arm-none-eabi/lib/thumb/v7e-m\libnosys.a(sbrk.o)
 .bss           0x00000000        0x0 c:/program files (x86)/gnu tools arm embedded/6 2017-q1-update/bin/../lib/gcc/arm-none-eabi/6.3.1/../../../../arm-none-eabi/lib/thumb/v7e-m\libnosys.a(sbrk.o)
 .text          0x00000000        0x0 c:/program files (x86)/gnu tools arm embedded/6 2017-q1-update/bin/../lib/gcc/arm-none-eabi/6.3.1/../../../../arm-none-eabi/lib/thumb/v7e-m\libnosys.a(_exit.o)
 .data          0x00000000        0x0 c:/program files (x86)/gnu tools arm embedded/6 2017-q1-update/bin/../lib/gcc/arm-none-eabi/6.3.1/../../../../arm-none-eabi/lib/thumb/v7e-m\libnosys.a(_exit.o)
 .bss           0x00000000        0x0 c:/program files (x86)/gnu tools arm embedded/6 2017-q1-update/bin/../lib/gcc/arm-none-eabi/6.3.1/../../../../arm-none-eabi/lib/thumb/v7e-m\libnosys.a(_exit.o)

Memory Configuration

Name             Origin             Length             Attributes
FLASH            0x00000000         0x00040000         xr
RAM              0x20000000         0x00008000         xrw
*default*        0x00000000         0xffffffff

Linker script and memory map

LOAD c:/program files (x86)/gnu tools arm embedded/6 2017-q1-update/bin/../lib/gcc/arm-none-eabi/6.3.1/thumb/v7e-m/crti.o
LOAD c:/program files (x86)/gnu tools arm embedded/6 2017-q1-update/bin/../lib/gcc/arm-none-eabi/6.3.1/thumb/v7e-m/crtbegin.o
LOAD c:/program files (x86)/gnu tools arm embedded/6 2017-q1-update/bin/../lib/gcc/arm-none-eabi/6.3.1/../../../../arm-none-eabi/lib/thumb/v7e-m/crt0.o
LOAD ./User/main.o
LOAD ./Library/clk.o
LOAD ./Library/retarget.o
LOAD ./Library/sys.o
LOAD ./Library/uart.o
LOAD ./CMSIS/GCC/_syscalls.o
LOAD ./CMSIS/GCC/startup_M451Series.o
LOAD ./CMSIS/system_M451Series.o
START GROUP
LOAD c:/program files (x86)/gnu tools arm embedded/6 2017-q1-update/bin/../lib/gcc/arm-none-eabi/6.3.1/thumb/v7e-m\libgcc.a
LOAD c:/program files (x86)/gnu tools arm embedded/6 2017-q1-update/bin/../lib/gcc/arm-none-eabi/6.3.1/../../../../arm-none-eabi/lib/thumb/v7e-m\libg_nano.a
LOAD c:/program files (x86)/gnu tools arm embedded/6 2017-q1-update/bin/../lib/gcc/arm-none-eabi/6.3.1/../../../../arm-none-eabi/lib/thumb/v7e-m\libc_nano.a
END GROUP
START GROUP
LOAD c:/program files (x86)/gnu tools arm embedded/6 2017-q1-update/bin/../lib/gcc/arm-none-eabi/6.3.1/thumb/v7e-m\libgcc.a
LOAD c:/program files (x86)/gnu tools arm embedded/6 2017-q1-update/bin/../lib/gcc/arm-none-eabi/6.3.1/../../../../arm-none-eabi/lib/thumb/v7e-m\libc_nano.a
END GROUP
LOAD c:/program files (x86)/gnu tools arm embedded/6 2017-q1-update/bin/../lib/gcc/arm-none-eabi/6.3.1/thumb/v7e-m/crtend.o
LOAD c:/program files (x86)/gnu tools arm embedded/6 2017-q1-update/bin/../lib/gcc/arm-none-eabi/6.3.1/thumb/v7e-m/crtn.o
START GROUP
LOAD c:/program files (x86)/gnu tools arm embedded/6 2017-q1-update/bin/../lib/gcc/arm-none-eabi/6.3.1/thumb/v7e-m\libgcc.a
LOAD c:/program files (x86)/gnu tools arm embedded/6 2017-q1-update/bin/../lib/gcc/arm-none-eabi/6.3.1/../../../../arm-none-eabi/lib/thumb/v7e-m\libc.a
LOAD c:/program files (x86)/gnu tools arm embedded/6 2017-q1-update/bin/../lib/gcc/arm-none-eabi/6.3.1/../../../../arm-none-eabi/lib/thumb/v7e-m\libm.a
LOAD c:/program files (x86)/gnu tools arm embedded/6 2017-q1-update/bin/../lib/gcc/arm-none-eabi/6.3.1/../../../../arm-none-eabi/lib/thumb/v7e-m\libnosys.a
END GROUP

.text           0x00000000     0x187c
 *(.vectors)
 .vectors       0x00000000      0x140 ./CMSIS/GCC/startup_M451Series.o
                0x00000000                __Vectors
                0x00000140                __Vectors_End = .
                0x00000140                __Vectors_Size = (__Vectors_End - __Vectors)
                0x00000140                __end__ = .
 *(.text*)
 .text          0x00000140       0x6c c:/program files (x86)/gnu tools arm embedded/6 2017-q1-update/bin/../lib/gcc/arm-none-eabi/6.3.1/thumb/v7e-m/crtbegin.o
 .text          0x000001ac       0x74 c:/program files (x86)/gnu tools arm embedded/6 2017-q1-update/bin/../lib/gcc/arm-none-eabi/6.3.1/../../../../arm-none-eabi/lib/thumb/v7e-m/crt0.o
                0x000001ac                _start
                0x000001ac                _mainCRTStartup
 .text.SYS_Init
                0x00000220       0x48 ./User/main.o
                0x00000220                SYS_Init
 .text.main     0x00000268       0x50 ./User/main.o
                0x00000268                main
 .text.CLK_SetModuleClock
                0x000002b8       0x4c ./Library/clk.o
                0x000002b8                CLK_SetModuleClock
 .text.CLK_EnableXtalRC
                0x00000304       0x10 ./Library/clk.o
                0x00000304                CLK_EnableXtalRC
 .text.CLK_EnableModuleClock
                0x00000314       0x1c ./Library/clk.o
                0x00000314                CLK_EnableModuleClock
 .text.CLK_WaitClockReady
                0x00000330       0x28 ./Library/clk.o
                0x00000330                CLK_WaitClockReady
 .text.CLK_SetHCLK
                0x00000358       0x4c ./Library/clk.o
                0x00000358                CLK_SetHCLK
 .text.stackDump
                0x000003a4       0x68 ./Library/retarget.o
 .text.Hard_Fault_Handler
                0x0000040c       0x18 ./Library/retarget.o
                0x0000040c                Hard_Fault_Handler
 .text.Get_LR_and_Branch
                0x00000424        0x8 ./Library/retarget.o
                0x00000424                Get_LR_and_Branch
 .text.Stack_Use_MSP
                0x0000042c        0xa ./Library/retarget.o
                0x0000042c                Stack_Use_MSP
 .text.HardFault_Handler
                0x00000436       0x14 ./Library/retarget.o
                0x00000436                HardFault_Handler
 *fill*         0x0000044a        0x2 
 .text.UART_Open
                0x0000044c       0xe0 ./Library/uart.o
                0x0000044c                UART_Open
 .text.UART_Write
                0x0000052c       0x2a ./Library/uart.o
                0x0000052c                UART_Write
 .text._close   0x00000556       0x10 ./CMSIS/GCC/_syscalls.o
                0x00000556                _close
 .text._fstat   0x00000566       0x10 ./CMSIS/GCC/_syscalls.o
                0x00000566                _fstat
 .text._isatty  0x00000576        0xe ./CMSIS/GCC/_syscalls.o
                0x00000576                _isatty
 .text._lseek   0x00000584       0x10 ./CMSIS/GCC/_syscalls.o
                0x00000584                _lseek
 .text._read    0x00000594       0x10 ./CMSIS/GCC/_syscalls.o
                0x00000594                _read
 .text._write   0x000005a4       0x10 ./CMSIS/GCC/_syscalls.o
                0x000005a4                _write
 .text          0x000005b4       0x68 ./CMSIS/GCC/startup_M451Series.o
                0x000005b4                Reset_Handler
                0x00000618                ADC00_IRQHandler
                0x00000618                DebugMon_Handler
                0x00000618                CLKFAIL_IRQHandler
                0x00000618                ADC02_IRQHandler
                0x00000618                ACMP01_IRQHandler
                0x00000618                I2C0_IRQHandler
                0x00000618                SC0_IRQHandler
                0x00000618                SysTick_Handler
                0x00000618                PendSV_Handler
                0x00000618                NMI_Handler
                0x00000618                I2C1_IRQHandler
                0x00000618                EINT2_IRQHandler
                0x00000618                UART1_IRQHandler
                0x00000618                EINT3_IRQHandler
                0x00000618                UART0_IRQHandler
                0x00000618                PWM0P0_IRQHandler
                0x00000618                BRAKE1_IRQHandler
                0x00000618                GPE_IRQHandler
                0x00000618                USBD_IRQHandler
                0x00000618                UsageFault_Handler
                0x00000618                GPB_IRQHandler
                0x00000618                SPI1_IRQHandler
                0x00000618                TAMPER_IRQHandler
                0x00000618                TMR0_IRQHandler
                0x00000618                PWM0P2_IRQHandler
                0x00000618                GPA_IRQHandler
                0x00000618                IRC_IRQHandler
                0x00000618                RTC_IRQHandler
                0x00000618                PWRWU_IRQHandler
                0x00000618                BRAKE0_IRQHandler
                0x00000618                PWM1P1_IRQHandler
                0x00000618                EINT1_IRQHandler
                0x00000618                UART2_IRQHandler
                0x00000618                GPC_IRQHandler
                0x00000618                Default_Handler
                0x00000618                TMR2_IRQHandler
                0x00000618                BOD_IRQHandler
                0x00000618                PWM1P2_IRQHandler
                0x00000618                SPI2_IRQHandler
                0x00000618                MemManage_Handler
                0x00000618                WDT_IRQHandler
                0x00000618                SVC_Handler
                0x00000618                ADC01_IRQHandler
                0x00000618                USBOTG_IRQHandler
                0x00000618                EINT4_IRQHandler
                0x00000618                PDMA_IRQHandler
                0x00000618                TK_IRQHandler
                0x00000618                RAMPE_IRQHandler
                0x00000618                EINT0_IRQHandler
                0x00000618                EINT5_IRQHandler
                0x00000618                CAN0_IRQHandler
                0x00000618                TMR3_IRQHandler
                0x00000618                DAC_IRQHandler
                0x00000618                SPI0_IRQHandler
                0x00000618                GPD_IRQHandler
                0x00000618                PWM0P1_IRQHandler
                0x00000618                PWM1P0_IRQHandler
                0x00000618                GPF_IRQHandler
                0x00000618                BusFault_Handler
                0x00000618                UART3_IRQHandler
                0x00000618                TMR1_IRQHandler
                0x00000618                ADC03_IRQHandler
                0x00000618                WWDT_IRQHandler
                0x00000618                USBH_IRQHandler
 .text.SystemCoreClockUpdate
                0x0000061c       0xb4 ./CMSIS/system_M451Series.o
                0x0000061c                SystemCoreClockUpdate
 .text.SystemInit
                0x000006d0       0x58 ./CMSIS/system_M451Series.o
                0x000006d0                SystemInit
 .text.__errno  0x00000728        0xc c:/program files (x86)/gnu tools arm embedded/6 2017-q1-update/bin/../lib/gcc/arm-none-eabi/6.3.1/../../../../arm-none-eabi/lib/thumb/v7e-m\libg_nano.a(lib_a-errno.o)
                0x00000728                __errno
 .text.exit     0x00000734       0x28 c:/program files (x86)/gnu tools arm embedded/6 2017-q1-update/bin/../lib/gcc/arm-none-eabi/6.3.1/../../../../arm-none-eabi/lib/thumb/v7e-m\libg_nano.a(lib_a-exit.o)
                0x00000734                exit
 .text.__libc_init_array
                0x0000075c       0x48 c:/program files (x86)/gnu tools arm embedded/6 2017-q1-update/bin/../lib/gcc/arm-none-eabi/6.3.1/../../../../arm-none-eabi/lib/thumb/v7e-m\libg_nano.a(lib_a-init.o)
                0x0000075c                __libc_init_array
 .text.memset   0x000007a4       0x10 c:/program files (x86)/gnu tools arm embedded/6 2017-q1-update/bin/../lib/gcc/arm-none-eabi/6.3.1/../../../../arm-none-eabi/lib/thumb/v7e-m\libg_nano.a(lib_a-memset.o)
                0x000007a4                memset
 .text.printf   0x000007b4       0x30 c:/program files (x86)/gnu tools arm embedded/6 2017-q1-update/bin/../lib/gcc/arm-none-eabi/6.3.1/../../../../arm-none-eabi/lib/thumb/v7e-m\libg_nano.a(lib_a-printf.o)
                0x000007b4                iprintf
                0x000007b4                printf
 .text._puts_r  0x000007e4       0xb8 c:/program files (x86)/gnu tools arm embedded/6 2017-q1-update/bin/../lib/gcc/arm-none-eabi/6.3.1/../../../../arm-none-eabi/lib/thumb/v7e-m\libg_nano.a(lib_a-puts.o)
                0x000007e4                _puts_r
 .text.puts     0x0000089c       0x10 c:/program files (x86)/gnu tools arm embedded/6 2017-q1-update/bin/../lib/gcc/arm-none-eabi/6.3.1/../../../../arm-none-eabi/lib/thumb/v7e-m\libg_nano.a(lib_a-puts.o)
                0x0000089c                puts
 .text.__swbuf_r
                0x000008ac       0xa4 c:/program files (x86)/gnu tools arm embedded/6 2017-q1-update/bin/../lib/gcc/arm-none-eabi/6.3.1/../../../../arm-none-eabi/lib/thumb/v7e-m\libg_nano.a(lib_a-wbuf.o)
                0x000008ac                __swbuf_r
 .text.__swsetup_r
                0x00000950       0xdc c:/program files (x86)/gnu tools arm embedded/6 2017-q1-update/bin/../lib/gcc/arm-none-eabi/6.3.1/../../../../arm-none-eabi/lib/thumb/v7e-m\libg_nano.a(lib_a-wsetup.o)
                0x00000950                __swsetup_r
 .text.__sflush_r
                0x00000a2c      0x110 c:/program files (x86)/gnu tools arm embedded/6 2017-q1-update/bin/../lib/gcc/arm-none-eabi/6.3.1/../../../../arm-none-eabi/lib/thumb/v7e-m\libg_nano.a(lib_a-fflush.o)
                0x00000a2c                __sflush_r
 .text._fflush_r
                0x00000b3c       0x54 c:/program files (x86)/gnu tools arm embedded/6 2017-q1-update/bin/../lib/gcc/arm-none-eabi/6.3.1/../../../../arm-none-eabi/lib/thumb/v7e-m\libg_nano.a(lib_a-fflush.o)
                0x00000b3c                _fflush_r
 .text._cleanup_r
                0x00000b90        0xc c:/program files (x86)/gnu tools arm embedded/6 2017-q1-update/bin/../lib/gcc/arm-none-eabi/6.3.1/../../../../arm-none-eabi/lib/thumb/v7e-m\libg_nano.a(lib_a-findfp.o)
                0x00000b90                _cleanup_r
 .text.std.isra.0
                0x00000b9c       0x48 c:/program files (x86)/gnu tools arm embedded/6 2017-q1-update/bin/../lib/gcc/arm-none-eabi/6.3.1/../../../../arm-none-eabi/lib/thumb/v7e-m\libg_nano.a(lib_a-findfp.o)
 .text.__sfmoreglue
                0x00000be4       0x2c c:/program files (x86)/gnu tools arm embedded/6 2017-q1-update/bin/../lib/gcc/arm-none-eabi/6.3.1/../../../../arm-none-eabi/lib/thumb/v7e-m\libg_nano.a(lib_a-findfp.o)
                0x00000be4                __sfmoreglue
 .text.__sinit  0x00000c10       0x60 c:/program files (x86)/gnu tools arm embedded/6 2017-q1-update/bin/../lib/gcc/arm-none-eabi/6.3.1/../../../../arm-none-eabi/lib/thumb/v7e-m\libg_nano.a(lib_a-findfp.o)
                0x00000c10                __sinit
 .text.__sfp    0x00000c70       0x78 c:/program files (x86)/gnu tools arm embedded/6 2017-q1-update/bin/../lib/gcc/arm-none-eabi/6.3.1/../../../../arm-none-eabi/lib/thumb/v7e-m\libg_nano.a(lib_a-findfp.o)
                0x00000c70                __sfp
 .text._fwalk_reent
                0x00000ce8       0x3c c:/program files (x86)/gnu tools arm embedded/6 2017-q1-update/bin/../lib/gcc/arm-none-eabi/6.3.1/../../../../arm-none-eabi/lib/thumb/v7e-m\libg_nano.a(lib_a-fwalk.o)
                0x00000ce8                _fwalk_reent
 .text.__swhatbuf_r
                0x00000d24       0x48 c:/program files (x86)/gnu tools arm embedded/6 2017-q1-update/bin/../lib/gcc/arm-none-eabi/6.3.1/../../../../arm-none-eabi/lib/thumb/v7e-m\libg_nano.a(lib_a-makebuf.o)
                0x00000d24                __swhatbuf_r
 .text.__smakebuf_r
                0x00000d6c       0x80 c:/program files (x86)/gnu tools arm embedded/6 2017-q1-update/bin/../lib/gcc/arm-none-eabi/6.3.1/../../../../arm-none-eabi/lib/thumb/v7e-m\libg_nano.a(lib_a-makebuf.o)
                0x00000d6c                __smakebuf_r
 .text._free_r  0x00000dec       0x9c c:/program files (x86)/gnu tools arm embedded/6 2017-q1-update/bin/../lib/gcc/arm-none-eabi/6.3.1/../../../../arm-none-eabi/lib/thumb/v7e-m\libg_nano.a(lib_a-nano-freer.o)
                0x00000dec                _free_r
 .text._malloc_r
                0x00000e88       0xbc c:/program files (x86)/gnu tools arm embedded/6 2017-q1-update/bin/../lib/gcc/arm-none-eabi/6.3.1/../../../../arm-none-eabi/lib/thumb/v7e-m\libg_nano.a(lib_a-nano-mallocr.o)
                0x00000e88                _malloc_r
 .text.__sfputc_r
                0x00000f44       0x2c c:/program files (x86)/gnu tools arm embedded/6 2017-q1-update/bin/../lib/gcc/arm-none-eabi/6.3.1/../../../../arm-none-eabi/lib/thumb/v7e-m\libg_nano.a(lib_a-nano-vfprintf.o)
 .text.__sfputs_r
                0x00000f70       0x24 c:/program files (x86)/gnu tools arm embedded/6 2017-q1-update/bin/../lib/gcc/arm-none-eabi/6.3.1/../../../../arm-none-eabi/lib/thumb/v7e-m\libg_nano.a(lib_a-nano-vfprintf.o)
                0x00000f70                __sfputs_r
 .text._vfprintf_r
                0x00000f94      0x22c c:/program files (x86)/gnu tools arm embedded/6 2017-q1-update/bin/../lib/gcc/arm-none-eabi/6.3.1/../../../../arm-none-eabi/lib/thumb/v7e-m\libg_nano.a(lib_a-nano-vfprintf.o)
                0x00000f94                _vfprintf_r
                0x00000f94                _vfiprintf_r
 .text._printf_common
                0x000011c0       0xec c:/program files (x86)/gnu tools arm embedded/6 2017-q1-update/bin/../lib/gcc/arm-none-eabi/6.3.1/../../../../arm-none-eabi/lib/thumb/v7e-m\libg_nano.a(lib_a-nano-vfprintf_i.o)
                0x000011c0                _printf_common
 .text._printf_i
                0x000012ac      0x240 c:/program files (x86)/gnu tools arm embedded/6 2017-q1-update/bin/../lib/gcc/arm-none-eabi/6.3.1/../../../../arm-none-eabi/lib/thumb/v7e-m\libg_nano.a(lib_a-nano-vfprintf_i.o)
                0x000012ac                _printf_i
 .text._sbrk_r  0x000014ec       0x20 c:/program files (x86)/gnu tools arm embedded/6 2017-q1-update/bin/../lib/gcc/arm-none-eabi/6.3.1/../../../../arm-none-eabi/lib/thumb/v7e-m\libg_nano.a(lib_a-sbrkr.o)
                0x000014ec                _sbrk_r
 .text.__sread  0x0000150c       0x22 c:/program files (x86)/gnu tools arm embedded/6 2017-q1-update/bin/../lib/gcc/arm-none-eabi/6.3.1/../../../../arm-none-eabi/lib/thumb/v7e-m\libg_nano.a(lib_a-stdio.o)
                0x0000150c                __sread
 .text.__swrite
                0x0000152e       0x38 c:/program files (x86)/gnu tools arm embedded/6 2017-q1-update/bin/../lib/gcc/arm-none-eabi/6.3.1/../../../../arm-none-eabi/lib/thumb/v7e-m\libg_nano.a(lib_a-stdio.o)
                0x0000152e                __swrite
 .text.__sseek  0x00001566       0x24 c:/program files (x86)/gnu tools arm embedded/6 2017-q1-update/bin/../lib/gcc/arm-none-eabi/6.3.1/../../../../arm-none-eabi/lib/thumb/v7e-m\libg_nano.a(lib_a-stdio.o)
                0x00001566                __sseek
 .text.__sclose
                0x0000158a        0x8 c:/program files (x86)/gnu tools arm embedded/6 2017-q1-update/bin/../lib/gcc/arm-none-eabi/6.3.1/../../../../arm-none-eabi/lib/thumb/v7e-m\libg_nano.a(lib_a-stdio.o)
                0x0000158a                __sclose
 *fill*         0x00001592        0x2 
 .text._write_r
                0x00001594       0x24 c:/program files (x86)/gnu tools arm embedded/6 2017-q1-update/bin/../lib/gcc/arm-none-eabi/6.3.1/../../../../arm-none-eabi/lib/thumb/v7e-m\libg_nano.a(lib_a-writer.o)
                0x00001594                _write_r
 .text._close_r
                0x000015b8       0x20 c:/program files (x86)/gnu tools arm embedded/6 2017-q1-update/bin/../lib/gcc/arm-none-eabi/6.3.1/../../../../arm-none-eabi/lib/thumb/v7e-m\libg_nano.a(lib_a-closer.o)
                0x000015b8                _close_r
 .text._fstat_r
                0x000015d8       0x24 c:/program files (x86)/gnu tools arm embedded/6 2017-q1-update/bin/../lib/gcc/arm-none-eabi/6.3.1/../../../../arm-none-eabi/lib/thumb/v7e-m\libg_nano.a(lib_a-fstatr.o)
                0x000015d8                _fstat_r
 .text._isatty_r
                0x000015fc       0x20 c:/program files (x86)/gnu tools arm embedded/6 2017-q1-update/bin/../lib/gcc/arm-none-eabi/6.3.1/../../../../arm-none-eabi/lib/thumb/v7e-m\libg_nano.a(lib_a-isattyr.o)
                0x000015fc                _isatty_r
 .text._lseek_r
                0x0000161c       0x24 c:/program files (x86)/gnu tools arm embedded/6 2017-q1-update/bin/../lib/gcc/arm-none-eabi/6.3.1/../../../../arm-none-eabi/lib/thumb/v7e-m\libg_nano.a(lib_a-lseekr.o)
                0x0000161c                _lseek_r
 .text          0x00001640       0xa0 c:/program files (x86)/gnu tools arm embedded/6 2017-q1-update/bin/../lib/gcc/arm-none-eabi/6.3.1/../../../../arm-none-eabi/lib/thumb/v7e-m\libg_nano.a(lib_a-memchr.o)
                0x00001640                memchr
 .text.__malloc_lock
                0x000016e0        0x2 c:/program files (x86)/gnu tools arm embedded/6 2017-q1-update/bin/../lib/gcc/arm-none-eabi/6.3.1/../../../../arm-none-eabi/lib/thumb/v7e-m\libg_nano.a(lib_a-mlock.o)
                0x000016e0                __malloc_lock
 .text.__malloc_unlock
                0x000016e2        0x2 c:/program files (x86)/gnu tools arm embedded/6 2017-q1-update/bin/../lib/gcc/arm-none-eabi/6.3.1/../../../../arm-none-eabi/lib/thumb/v7e-m\libg_nano.a(lib_a-mlock.o)
                0x000016e2                __malloc_unlock
 .text._read_r  0x000016e4       0x24 c:/program files (x86)/gnu tools arm embedded/6 2017-q1-update/bin/../lib/gcc/arm-none-eabi/6.3.1/../../../../arm-none-eabi/lib/thumb/v7e-m\libg_nano.a(lib_a-readr.o)
                0x000016e4                _read_r
 .text._sbrk    0x00001708       0x1c c:/program files (x86)/gnu tools arm embedded/6 2017-q1-update/bin/../lib/gcc/arm-none-eabi/6.3.1/../../../../arm-none-eabi/lib/thumb/v7e-m\libnosys.a(sbrk.o)
                0x00001708                _sbrk
 .text._exit    0x00001724        0x4 c:/program files (x86)/gnu tools arm embedded/6 2017-q1-update/bin/../lib/gcc/arm-none-eabi/6.3.1/../../../../arm-none-eabi/lib/thumb/v7e-m\libnosys.a(_exit.o)
                0x00001724                _exit
 *(.init)
 .init          0x00001728        0x4 c:/program files (x86)/gnu tools arm embedded/6 2017-q1-update/bin/../lib/gcc/arm-none-eabi/6.3.1/thumb/v7e-m/crti.o
                0x00001728                _init
 .init          0x0000172c        0x8 c:/program files (x86)/gnu tools arm embedded/6 2017-q1-update/bin/../lib/gcc/arm-none-eabi/6.3.1/thumb/v7e-m/crtn.o
 *(.fini)
 .fini          0x00001734        0x4 c:/program files (x86)/gnu tools arm embedded/6 2017-q1-update/bin/../lib/gcc/arm-none-eabi/6.3.1/thumb/v7e-m/crti.o
                0x00001734                _fini
 .fini          0x00001738        0x8 c:/program files (x86)/gnu tools arm embedded/6 2017-q1-update/bin/../lib/gcc/arm-none-eabi/6.3.1/thumb/v7e-m/crtn.o
 *crtbegin.o(.ctors)
 *crtbegin?.o(.ctors)
 *(EXCLUDE_FILE(*crtend.o *crtend?.o) .ctors)
 *(SORT(.ctors.*))
 *(.ctors)
 *crtbegin.o(.dtors)
 *crtbegin?.o(.dtors)
 *(EXCLUDE_FILE(*crtend.o *crtend?.o) .dtors)
 *(SORT(.dtors.*))
 *(.dtors)
 *(.rodata*)
 .rodata.main.str1.4
                0x00001740        0xe ./User/main.o
 *fill*         0x0000174e        0x2 
 .rodata.Hard_Fault_Handler.str1.4
                0x00001750       0x16 ./Library/retarget.o
 *fill*         0x00001766        0x2 
 .rodata.stackDump.str1.4
                0x00001768       0x60 ./Library/retarget.o
 .rodata        0x000017c8       0x14 ./Library/uart.o
 .rodata        0x000017dc        0x4 ./CMSIS/system_M451Series.o
 .rodata._global_impure_ptr
                0x000017e0        0x4 c:/program files (x86)/gnu tools arm embedded/6 2017-q1-update/bin/../lib/gcc/arm-none-eabi/6.3.1/../../../../arm-none-eabi/lib/thumb/v7e-m\libg_nano.a(lib_a-impure.o)
                0x000017e0                _global_impure_ptr
 .rodata.__sf_fake_stderr
                0x000017e4       0x20 c:/program files (x86)/gnu tools arm embedded/6 2017-q1-update/bin/../lib/gcc/arm-none-eabi/6.3.1/../../../../arm-none-eabi/lib/thumb/v7e-m\libg_nano.a(lib_a-findfp.o)
                0x000017e4                __sf_fake_stderr
 .rodata.__sf_fake_stdin
                0x00001804       0x20 c:/program files (x86)/gnu tools arm embedded/6 2017-q1-update/bin/../lib/gcc/arm-none-eabi/6.3.1/../../../../arm-none-eabi/lib/thumb/v7e-m\libg_nano.a(lib_a-findfp.o)
                0x00001804                __sf_fake_stdin
 .rodata.__sf_fake_stdout
                0x00001824       0x20 c:/program files (x86)/gnu tools arm embedded/6 2017-q1-update/bin/../lib/gcc/arm-none-eabi/6.3.1/../../../../arm-none-eabi/lib/thumb/v7e-m\libg_nano.a(lib_a-findfp.o)
                0x00001824                __sf_fake_stdout
 .rodata._vfprintf_r.str1.1
                0x00001844       0x11 c:/program files (x86)/gnu tools arm embedded/6 2017-q1-update/bin/../lib/gcc/arm-none-eabi/6.3.1/../../../../arm-none-eabi/lib/thumb/v7e-m\libg_nano.a(lib_a-nano-vfprintf.o)
 .rodata._printf_i.str1.1
                0x00001855       0x22 c:/program files (x86)/gnu tools arm embedded/6 2017-q1-update/bin/../lib/gcc/arm-none-eabi/6.3.1/../../../../arm-none-eabi/lib/thumb/v7e-m\libg_nano.a(lib_a-nano-vfprintf_i.o)
 *(.eh_frame*)
 *fill*         0x00001877        0x1 
 .eh_frame      0x00001878        0x0 c:/program files (x86)/gnu tools arm embedded/6 2017-q1-update/bin/../lib/gcc/arm-none-eabi/6.3.1/thumb/v7e-m/crtbegin.o
 .eh_frame      0x00001878        0x4 c:/program files (x86)/gnu tools arm embedded/6 2017-q1-update/bin/../lib/gcc/arm-none-eabi/6.3.1/thumb/v7e-m/crtend.o

.glue_7         0x0000187c        0x0
 .glue_7        0x0000187c        0x0 linker stubs

.glue_7t        0x0000187c        0x0
 .glue_7t       0x0000187c        0x0 linker stubs

.vfp11_veneer   0x0000187c        0x0
 .vfp11_veneer  0x0000187c        0x0 linker stubs

.v4_bx          0x0000187c        0x0
 .v4_bx         0x0000187c        0x0 linker stubs

.iplt           0x0000187c        0x0
 .iplt          0x0000187c        0x0 c:/program files (x86)/gnu tools arm embedded/6 2017-q1-update/bin/../lib/gcc/arm-none-eabi/6.3.1/thumb/v7e-m/crtbegin.o

.ARM.extab
 *(.ARM.extab* .gnu.linkonce.armextab.*)
                0x0000187c                __exidx_start = .

.ARM.exidx      0x0000187c        0x8
 *(.ARM.exidx* .gnu.linkonce.armexidx.*)
 .ARM.exidx     0x0000187c        0x8 c:/program files (x86)/gnu tools arm embedded/6 2017-q1-update/bin/../lib/gcc/arm-none-eabi/6.3.1/../../../../arm-none-eabi/lib/thumb/v7e-m/crt0.o
                0x00001884                __exidx_end = .
                0x00001884                __etext = .

.rel.dyn        0x00001884        0x0
 .rel.iplt      0x00001884        0x0 c:/program files (x86)/gnu tools arm embedded/6 2017-q1-update/bin/../lib/gcc/arm-none-eabi/6.3.1/thumb/v7e-m/crtbegin.o

.data           0x20000000       0x9c load address 0x00001884
                0x20000000                __data_start__ = .
 *(vtable)
 *(.data*)
 .data.CyclesPerUs
                0x20000000        0x4 ./CMSIS/system_M451Series.o
                0x20000000                CyclesPerUs
 .data.PllClock
                0x20000004        0x4 ./CMSIS/system_M451Series.o
                0x20000004                PllClock
 .data.SystemCoreClock
                0x20000008        0x4 ./CMSIS/system_M451Series.o
                0x20000008                SystemCoreClock
 .data.gau32ClkSrcTbl
                0x2000000c       0x20 ./CMSIS/system_M451Series.o
                0x2000000c                gau32ClkSrcTbl
 .data._impure_ptr
                0x2000002c        0x4 c:/program files (x86)/gnu tools arm embedded/6 2017-q1-update/bin/../lib/gcc/arm-none-eabi/6.3.1/../../../../arm-none-eabi/lib/thumb/v7e-m\libg_nano.a(lib_a-impure.o)
                0x2000002c                _impure_ptr
 .data.impure_data
                0x20000030       0x60 c:/program files (x86)/gnu tools arm embedded/6 2017-q1-update/bin/../lib/gcc/arm-none-eabi/6.3.1/../../../../arm-none-eabi/lib/thumb/v7e-m\libg_nano.a(lib_a-impure.o)
                0x20000090                . = ALIGN (0x4)
                0x20000090                PROVIDE (__preinit_array_start, .)
 *(.preinit_array)
                0x20000090                PROVIDE (__preinit_array_end, .)
                0x20000090                . = ALIGN (0x4)
                0x20000090                PROVIDE (__init_array_start, .)
 *(SORT(.init_array.*))
 *(.init_array)
 .init_array    0x20000090        0x4 c:/program files (x86)/gnu tools arm embedded/6 2017-q1-update/bin/../lib/gcc/arm-none-eabi/6.3.1/thumb/v7e-m/crtbegin.o
                0x20000094                PROVIDE (__init_array_end, .)
                0x20000094                . = ALIGN (0x4)
                [!provide]                PROVIDE (__fini_array_start, .)
 *(SORT(.fini_array.*))
 *(.fini_array)
 .fini_array    0x20000094        0x4 c:/program files (x86)/gnu tools arm embedded/6 2017-q1-update/bin/../lib/gcc/arm-none-eabi/6.3.1/thumb/v7e-m/crtbegin.o
                [!provide]                PROVIDE (__fini_array_end, .)
 *(.jcr*)
 .jcr           0x20000098        0x0 c:/program files (x86)/gnu tools arm embedded/6 2017-q1-update/bin/../lib/gcc/arm-none-eabi/6.3.1/thumb/v7e-m/crtbegin.o
 .jcr           0x20000098        0x4 c:/program files (x86)/gnu tools arm embedded/6 2017-q1-update/bin/../lib/gcc/arm-none-eabi/6.3.1/thumb/v7e-m/crtend.o
                0x2000009c                . = ALIGN (0x4)
                0x2000009c                __data_end__ = .

.igot.plt       0x2000009c        0x0 load address 0x00001920
 .igot.plt      0x2000009c        0x0 c:/program files (x86)/gnu tools arm embedded/6 2017-q1-update/bin/../lib/gcc/arm-none-eabi/6.3.1/thumb/v7e-m/crtbegin.o

.bss            0x2000009c       0x2c load address 0x00001920
                0x2000009c                . = ALIGN (0x4)
                0x2000009c                __bss_start__ = .
 *(.bss*)
 .bss           0x2000009c       0x1c c:/program files (x86)/gnu tools arm embedded/6 2017-q1-update/bin/../lib/gcc/arm-none-eabi/6.3.1/thumb/v7e-m/crtbegin.o
 .bss.__malloc_free_list
                0x200000b8        0x4 c:/program files (x86)/gnu tools arm embedded/6 2017-q1-update/bin/../lib/gcc/arm-none-eabi/6.3.1/../../../../arm-none-eabi/lib/thumb/v7e-m\libg_nano.a(lib_a-nano-mallocr.o)
                0x200000b8                __malloc_free_list
 .bss.__malloc_sbrk_start
                0x200000bc        0x4 c:/program files (x86)/gnu tools arm embedded/6 2017-q1-update/bin/../lib/gcc/arm-none-eabi/6.3.1/../../../../arm-none-eabi/lib/thumb/v7e-m\libg_nano.a(lib_a-nano-mallocr.o)
                0x200000bc                __malloc_sbrk_start
 .bss.heap_end.4116
                0x200000c0        0x4 c:/program files (x86)/gnu tools arm embedded/6 2017-q1-update/bin/../lib/gcc/arm-none-eabi/6.3.1/../../../../arm-none-eabi/lib/thumb/v7e-m\libnosys.a(sbrk.o)
 *(COMMON)
 COMMON         0x200000c4        0x4 ./CMSIS/GCC/_syscalls.o
                0x200000c4                errno
                0x200000c8                . = ALIGN (0x4)
                0x200000c8                __bss_end__ = .

.heap           0x200000c8      0x100
                0x200000c8                __HeapBase = .
                0x200000c8                __end__ = .
                0x200000c8                end = __end__
 *(.heap*)
 .heap          0x200000c8      0x100 ./CMSIS/GCC/startup_M451Series.o
                0x200001c8                __HeapLimit = .

.stack_dummy    0x200000c8      0x800
 *(.stack*)
 .stack         0x200000c8      0x800 ./CMSIS/GCC/startup_M451Series.o
                0x20008000                __StackTop = (ORIGIN (RAM) + LENGTH (RAM))
                0x20007800                __StackLimit = (__StackTop - SIZEOF (.stack_dummy))
                0x20008000                PROVIDE (__stack, __StackTop)
                0x00000001                ASSERT ((__StackLimit >= __HeapLimit), region RAM overflowed with stack)
OUTPUT(m453_helloworld.elf elf32-littlearm)

.ARM.attributes
                0x00000000       0x2a
 .ARM.attributes
                0x00000000       0x1e c:/program files (x86)/gnu tools arm embedded/6 2017-q1-update/bin/../lib/gcc/arm-none-eabi/6.3.1/thumb/v7e-m/crti.o
 .ARM.attributes
                0x0000001e       0x2e c:/program files (x86)/gnu tools arm embedded/6 2017-q1-update/bin/../lib/gcc/arm-none-eabi/6.3.1/thumb/v7e-m/crtbegin.o
 .ARM.attributes
                0x0000004c       0x1c c:/program files (x86)/gnu tools arm embedded/6 2017-q1-update/bin/../lib/gcc/arm-none-eabi/6.3.1/../../../../arm-none-eabi/lib/thumb/v7e-m/crt0.o
 .ARM.attributes
                0x00000068       0x33 ./User/main.o
 .ARM.attributes
                0x0000009b       0x33 ./Library/clk.o
 .ARM.attributes
                0x000000ce       0x33 ./Library/retarget.o
 .ARM.attributes
                0x00000101       0x33 ./Library/uart.o
 .ARM.attributes
                0x00000134       0x33 ./CMSIS/GCC/_syscalls.o
 .ARM.attributes
                0x00000167       0x1b ./CMSIS/GCC/startup_M451Series.o
 .ARM.attributes
                0x00000182       0x33 ./CMSIS/system_M451Series.o
 .ARM.attributes
                0x000001b5       0x2e c:/program files (x86)/gnu tools arm embedded/6 2017-q1-update/bin/../lib/gcc/arm-none-eabi/6.3.1/../../../../arm-none-eabi/lib/thumb/v7e-m\libg_nano.a(lib_a-errno.o)
 .ARM.attributes
                0x000001e3       0x2e c:/program files (x86)/gnu tools arm embedded/6 2017-q1-update/bin/../lib/gcc/arm-none-eabi/6.3.1/../../../../arm-none-eabi/lib/thumb/v7e-m\libg_nano.a(lib_a-exit.o)
 .ARM.attributes
                0x00000211       0x2e c:/program files (x86)/gnu tools arm embedded/6 2017-q1-update/bin/../lib/gcc/arm-none-eabi/6.3.1/../../../../arm-none-eabi/lib/thumb/v7e-m\libg_nano.a(lib_a-impure.o)
 .ARM.attributes
                0x0000023f       0x2e c:/program files (x86)/gnu tools arm embedded/6 2017-q1-update/bin/../lib/gcc/arm-none-eabi/6.3.1/../../../../arm-none-eabi/lib/thumb/v7e-m\libg_nano.a(lib_a-init.o)
 .ARM.attributes
                0x0000026d       0x2e c:/program files (x86)/gnu tools arm embedded/6 2017-q1-update/bin/../lib/gcc/arm-none-eabi/6.3.1/../../../../arm-none-eabi/lib/thumb/v7e-m\libg_nano.a(lib_a-memset.o)
 .ARM.attributes
                0x0000029b       0x2e c:/program files (x86)/gnu tools arm embedded/6 2017-q1-update/bin/../lib/gcc/arm-none-eabi/6.3.1/../../../../arm-none-eabi/lib/thumb/v7e-m\libg_nano.a(lib_a-printf.o)
 .ARM.attributes
                0x000002c9       0x2e c:/program files (x86)/gnu tools arm embedded/6 2017-q1-update/bin/../lib/gcc/arm-none-eabi/6.3.1/../../../../arm-none-eabi/lib/thumb/v7e-m\libg_nano.a(lib_a-puts.o)
 .ARM.attributes
                0x000002f7       0x2e c:/program files (x86)/gnu tools arm embedded/6 2017-q1-update/bin/../lib/gcc/arm-none-eabi/6.3.1/../../../../arm-none-eabi/lib/thumb/v7e-m\libg_nano.a(lib_a-wbuf.o)
 .ARM.attributes
                0x00000325       0x2e c:/program files (x86)/gnu tools arm embedded/6 2017-q1-update/bin/../lib/gcc/arm-none-eabi/6.3.1/../../../../arm-none-eabi/lib/thumb/v7e-m\libg_nano.a(lib_a-wsetup.o)
 .ARM.attributes
                0x00000353       0x2e c:/program files (x86)/gnu tools arm embedded/6 2017-q1-update/bin/../lib/gcc/arm-none-eabi/6.3.1/../../../../arm-none-eabi/lib/thumb/v7e-m\libg_nano.a(lib_a-fflush.o)
 .ARM.attributes
                0x00000381       0x2e c:/program files (x86)/gnu tools arm embedded/6 2017-q1-update/bin/../lib/gcc/arm-none-eabi/6.3.1/../../../../arm-none-eabi/lib/thumb/v7e-m\libg_nano.a(lib_a-findfp.o)
 .ARM.attributes
                0x000003af       0x2e c:/program files (x86)/gnu tools arm embedded/6 2017-q1-update/bin/../lib/gcc/arm-none-eabi/6.3.1/../../../../arm-none-eabi/lib/thumb/v7e-m\libg_nano.a(lib_a-fwalk.o)
 .ARM.attributes
                0x000003dd       0x2e c:/program files (x86)/gnu tools arm embedded/6 2017-q1-update/bin/../lib/gcc/arm-none-eabi/6.3.1/../../../../arm-none-eabi/lib/thumb/v7e-m\libg_nano.a(lib_a-makebuf.o)
 .ARM.attributes
                0x0000040b       0x2e c:/program files (x86)/gnu tools arm embedded/6 2017-q1-update/bin/../lib/gcc/arm-none-eabi/6.3.1/../../../../arm-none-eabi/lib/thumb/v7e-m\libg_nano.a(lib_a-nano-freer.o)
 .ARM.attributes
                0x00000439       0x2e c:/program files (x86)/gnu tools arm embedded/6 2017-q1-update/bin/../lib/gcc/arm-none-eabi/6.3.1/../../../../arm-none-eabi/lib/thumb/v7e-m\libg_nano.a(lib_a-nano-mallocr.o)
 .ARM.attributes
                0x00000467       0x2e c:/program files (x86)/gnu tools arm embedded/6 2017-q1-update/bin/../lib/gcc/arm-none-eabi/6.3.1/../../../../arm-none-eabi/lib/thumb/v7e-m\libg_nano.a(lib_a-nano-vfprintf.o)
 .ARM.attributes
                0x00000495       0x2e c:/program files (x86)/gnu tools arm embedded/6 2017-q1-update/bin/../lib/gcc/arm-none-eabi/6.3.1/../../../../arm-none-eabi/lib/thumb/v7e-m\libg_nano.a(lib_a-nano-vfprintf_i.o)
 .ARM.attributes
                0x000004c3       0x2e c:/program files (x86)/gnu tools arm embedded/6 2017-q1-update/bin/../lib/gcc/arm-none-eabi/6.3.1/../../../../arm-none-eabi/lib/thumb/v7e-m\libg_nano.a(lib_a-sbrkr.o)
 .ARM.attributes
                0x000004f1       0x2e c:/program files (x86)/gnu tools arm embedded/6 2017-q1-update/bin/../lib/gcc/arm-none-eabi/6.3.1/../../../../arm-none-eabi/lib/thumb/v7e-m\libg_nano.a(lib_a-stdio.o)
 .ARM.attributes
                0x0000051f       0x2e c:/program files (x86)/gnu tools arm embedded/6 2017-q1-update/bin/../lib/gcc/arm-none-eabi/6.3.1/../../../../arm-none-eabi/lib/thumb/v7e-m\libg_nano.a(lib_a-writer.o)
 .ARM.attributes
                0x0000054d       0x2e c:/program files (x86)/gnu tools arm embedded/6 2017-q1-update/bin/../lib/gcc/arm-none-eabi/6.3.1/../../../../arm-none-eabi/lib/thumb/v7e-m\libg_nano.a(lib_a-closer.o)
 .ARM.attributes
                0x0000057b       0x2e c:/program files (x86)/gnu tools arm embedded/6 2017-q1-update/bin/../lib/gcc/arm-none-eabi/6.3.1/../../../../arm-none-eabi/lib/thumb/v7e-m\libg_nano.a(lib_a-fstatr.o)
 .ARM.attributes
                0x000005a9       0x2e c:/program files (x86)/gnu tools arm embedded/6 2017-q1-update/bin/../lib/gcc/arm-none-eabi/6.3.1/../../../../arm-none-eabi/lib/thumb/v7e-m\libg_nano.a(lib_a-isattyr.o)
 .ARM.attributes
                0x000005d7       0x2e c:/program files (x86)/gnu tools arm embedded/6 2017-q1-update/bin/../lib/gcc/arm-none-eabi/6.3.1/../../../../arm-none-eabi/lib/thumb/v7e-m\libg_nano.a(lib_a-lseekr.o)
 .ARM.attributes
                0x00000605       0x1c c:/program files (x86)/gnu tools arm embedded/6 2017-q1-update/bin/../lib/gcc/arm-none-eabi/6.3.1/../../../../arm-none-eabi/lib/thumb/v7e-m\libg_nano.a(lib_a-memchr.o)
 .ARM.attributes
                0x00000621       0x2e c:/program files (x86)/gnu tools arm embedded/6 2017-q1-update/bin/../lib/gcc/arm-none-eabi/6.3.1/../../../../arm-none-eabi/lib/thumb/v7e-m\libg_nano.a(lib_a-mlock.o)
 .ARM.attributes
                0x0000064f       0x2e c:/program files (x86)/gnu tools arm embedded/6 2017-q1-update/bin/../lib/gcc/arm-none-eabi/6.3.1/../../../../arm-none-eabi/lib/thumb/v7e-m\libg_nano.a(lib_a-readr.o)
 .ARM.attributes
                0x0000067d       0x2e c:/program files (x86)/gnu tools arm embedded/6 2017-q1-update/bin/../lib/gcc/arm-none-eabi/6.3.1/thumb/v7e-m/crtend.o
 .ARM.attributes
                0x000006ab       0x1e c:/program files (x86)/gnu tools arm embedded/6 2017-q1-update/bin/../lib/gcc/arm-none-eabi/6.3.1/thumb/v7e-m/crtn.o
 .ARM.attributes
                0x000006c9       0x2e c:/program files (x86)/gnu tools arm embedded/6 2017-q1-update/bin/../lib/gcc/arm-none-eabi/6.3.1/../../../../arm-none-eabi/lib/thumb/v7e-m\libnosys.a(sbrk.o)
 .ARM.attributes
                0x000006f7       0x2e c:/program files (x86)/gnu tools arm embedded/6 2017-q1-update/bin/../lib/gcc/arm-none-eabi/6.3.1/../../../../arm-none-eabi/lib/thumb/v7e-m\libnosys.a(_exit.o)

.comment        0x00000000       0x7f
 .comment       0x00000000       0x7f ./User/main.o
                                 0x80 (size before relaxing)
 .comment       0x0000007f       0x80 ./Library/clk.o
 .comment       0x0000007f       0x80 ./Library/retarget.o
 .comment       0x0000007f       0x80 ./Library/uart.o
 .comment       0x0000007f       0x80 ./CMSIS/GCC/_syscalls.o
 .comment       0x0000007f       0x80 ./CMSIS/system_M451Series.o

.debug_info     0x00000000     0x5631
 .debug_info    0x00000000      0xe56 ./User/main.o
 .debug_info    0x00000e56      0xb66 ./Library/clk.o
 .debug_info    0x000019bc      0xdea ./Library/retarget.o
 .debug_info    0x000027a6     0x156f ./Library/uart.o
 .debug_info    0x00003d15     0x11bb ./CMSIS/GCC/_syscalls.o
 .debug_info    0x00004ed0       0x8a ./CMSIS/GCC/startup_M451Series.o
 .debug_info    0x00004f5a      0x6d7 ./CMSIS/system_M451Series.o

.debug_abbrev   0x00000000      0xf51
 .debug_abbrev  0x00000000      0x255 ./User/main.o
 .debug_abbrev  0x00000255      0x276 ./Library/clk.o
 .debug_abbrev  0x000004cb      0x2f7 ./Library/retarget.o
 .debug_abbrev  0x000007c2      0x35e ./Library/uart.o
 .debug_abbrev  0x00000b20      0x289 ./CMSIS/GCC/_syscalls.o
 .debug_abbrev  0x00000da9       0x14 ./CMSIS/GCC/startup_M451Series.o
 .debug_abbrev  0x00000dbd      0x194 ./CMSIS/system_M451Series.o

.debug_aranges  0x00000000      0x320
 .debug_aranges
                0x00000000       0x28 ./User/main.o
 .debug_aranges
                0x00000028       0xd0 ./Library/clk.o
 .debug_aranges
                0x000000f8       0x88 ./Library/retarget.o
 .debug_aranges
                0x00000180       0x88 ./Library/uart.o
 .debug_aranges
                0x00000208       0xd0 ./CMSIS/GCC/_syscalls.o
 .debug_aranges
                0x000002d8       0x20 ./CMSIS/GCC/startup_M451Series.o
 .debug_aranges
                0x000002f8       0x28 ./CMSIS/system_M451Series.o

.debug_ranges   0x00000000      0x2b8
 .debug_ranges  0x00000000       0x18 ./User/main.o
 .debug_ranges  0x00000018       0xd8 ./Library/clk.o
 .debug_ranges  0x000000f0       0x78 ./Library/retarget.o
 .debug_ranges  0x00000168       0x78 ./Library/uart.o
 .debug_ranges  0x000001e0       0xc0 ./CMSIS/GCC/_syscalls.o
 .debug_ranges  0x000002a0       0x18 ./CMSIS/system_M451Series.o

.debug_line     0x00000000     0x14d8
 .debug_line    0x00000000      0x290 ./User/main.o
 .debug_line    0x00000290      0x41a ./Library/clk.o
 .debug_line    0x000006aa      0x3b4 ./Library/retarget.o
 .debug_line    0x00000a5e      0x3f4 ./Library/uart.o
 .debug_line    0x00000e52      0x3e2 ./CMSIS/GCC/_syscalls.o
 .debug_line    0x00001234       0x85 ./CMSIS/GCC/startup_M451Series.o
 .debug_line    0x000012b9      0x21f ./CMSIS/system_M451Series.o

.debug_str      0x00000000     0x1476
 .debug_str     0x00000000      0x82f ./User/main.o
                                0x8d1 (size before relaxing)
 .debug_str     0x0000082f      0x356 ./Library/clk.o
                                0x674 (size before relaxing)
 .debug_str     0x00000b85       0xed ./Library/retarget.o
                                0x7c9 (size before relaxing)
 .debug_str     0x00000c72      0x510 ./Library/uart.o
                                0xd0e (size before relaxing)
 .debug_str     0x00001182      0x2aa ./CMSIS/GCC/_syscalls.o
                                0x8b1 (size before relaxing)
 .debug_str     0x0000142c       0x4a ./CMSIS/system_M451Series.o
                                0x523 (size before relaxing)

.debug_frame    0x00000000      0xe98
 .debug_frame   0x00000000       0x40 ./User/main.o
 .debug_frame   0x00000040      0x200 ./Library/clk.o
 .debug_frame   0x00000240      0x120 ./Library/retarget.o
 .debug_frame   0x00000360      0x154 ./Library/uart.o
 .debug_frame   0x000004b4      0x230 ./CMSIS/GCC/_syscalls.o
 .debug_frame   0x000006e4       0x38 ./CMSIS/system_M451Series.o
 .debug_frame   0x0000071c       0x20 c:/program files (x86)/gnu tools arm embedded/6 2017-q1-update/bin/../lib/gcc/arm-none-eabi/6.3.1/../../../../arm-none-eabi/lib/thumb/v7e-m\libg_nano.a(lib_a-errno.o)
 .debug_frame   0x0000073c       0x28 c:/program files (x86)/gnu tools arm embedded/6 2017-q1-update/bin/../lib/gcc/arm-none-eabi/6.3.1/../../../../arm-none-eabi/lib/thumb/v7e-m\libg_nano.a(lib_a-exit.o)
 .debug_frame   0x00000764       0x2c c:/program files (x86)/gnu tools arm embedded/6 2017-q1-update/bin/../lib/gcc/arm-none-eabi/6.3.1/../../../../arm-none-eabi/lib/thumb/v7e-m\libg_nano.a(lib_a-init.o)
 .debug_frame   0x00000790       0x20 c:/program files (x86)/gnu tools arm embedded/6 2017-q1-update/bin/../lib/gcc/arm-none-eabi/6.3.1/../../../../arm-none-eabi/lib/thumb/v7e-m\libg_nano.a(lib_a-memset.o)
 .debug_frame   0x000007b0       0x74 c:/program files (x86)/gnu tools arm embedded/6 2017-q1-update/bin/../lib/gcc/arm-none-eabi/6.3.1/../../../../arm-none-eabi/lib/thumb/v7e-m\libg_nano.a(lib_a-printf.o)
 .debug_frame   0x00000824       0x3c c:/program files (x86)/gnu tools arm embedded/6 2017-q1-update/bin/../lib/gcc/arm-none-eabi/6.3.1/../../../../arm-none-eabi/lib/thumb/v7e-m\libg_nano.a(lib_a-puts.o)
 .debug_frame   0x00000860       0x40 c:/program files (x86)/gnu tools arm embedded/6 2017-q1-update/bin/../lib/gcc/arm-none-eabi/6.3.1/../../../../arm-none-eabi/lib/thumb/v7e-m\libg_nano.a(lib_a-wbuf.o)
 .debug_frame   0x000008a0       0x2c c:/program files (x86)/gnu tools arm embedded/6 2017-q1-update/bin/../lib/gcc/arm-none-eabi/6.3.1/../../../../arm-none-eabi/lib/thumb/v7e-m\libg_nano.a(lib_a-wsetup.o)
 .debug_frame   0x000008cc       0x68 c:/program files (x86)/gnu tools arm embedded/6 2017-q1-update/bin/../lib/gcc/arm-none-eabi/6.3.1/../../../../arm-none-eabi/lib/thumb/v7e-m\libg_nano.a(lib_a-fflush.o)
 .debug_frame   0x00000934      0x11c c:/program files (x86)/gnu tools arm embedded/6 2017-q1-update/bin/../lib/gcc/arm-none-eabi/6.3.1/../../../../arm-none-eabi/lib/thumb/v7e-m\libg_nano.a(lib_a-findfp.o)
 .debug_frame   0x00000a50       0x54 c:/program files (x86)/gnu tools arm embedded/6 2017-q1-update/bin/../lib/gcc/arm-none-eabi/6.3.1/../../../../arm-none-eabi/lib/thumb/v7e-m\libg_nano.a(lib_a-fwalk.o)
 .debug_frame   0x00000aa4       0x58 c:/program files (x86)/gnu tools arm embedded/6 2017-q1-update/bin/../lib/gcc/arm-none-eabi/6.3.1/../../../../arm-none-eabi/lib/thumb/v7e-m\libg_nano.a(lib_a-makebuf.o)
 .debug_frame   0x00000afc       0x38 c:/program files (x86)/gnu tools arm embedded/6 2017-q1-update/bin/../lib/gcc/arm-none-eabi/6.3.1/../../../../arm-none-eabi/lib/thumb/v7e-m\libg_nano.a(lib_a-nano-freer.o)
 .debug_frame   0x00000b34       0x2c c:/program files (x86)/gnu tools arm embedded/6 2017-q1-update/bin/../lib/gcc/arm-none-eabi/6.3.1/../../../../arm-none-eabi/lib/thumb/v7e-m\libg_nano.a(lib_a-nano-mallocr.o)
 .debug_frame   0x00000b60       0xac c:/program files (x86)/gnu tools arm embedded/6 2017-q1-update/bin/../lib/gcc/arm-none-eabi/6.3.1/../../../../arm-none-eabi/lib/thumb/v7e-m\libg_nano.a(lib_a-nano-vfprintf.o)
 .debug_frame   0x00000c0c       0x60 c:/program files (x86)/gnu tools arm embedded/6 2017-q1-update/bin/../lib/gcc/arm-none-eabi/6.3.1/../../../../arm-none-eabi/lib/thumb/v7e-m\libg_nano.a(lib_a-nano-vfprintf_i.o)
 .debug_frame   0x00000c6c       0x2c c:/program files (x86)/gnu tools arm embedded/6 2017-q1-update/bin/../lib/gcc/arm-none-eabi/6.3.1/../../../../arm-none-eabi/lib/thumb/v7e-m\libg_nano.a(lib_a-sbrkr.o)
 .debug_frame   0x00000c98       0x88 c:/program files (x86)/gnu tools arm embedded/6 2017-q1-update/bin/../lib/gcc/arm-none-eabi/6.3.1/../../../../arm-none-eabi/lib/thumb/v7e-m\libg_nano.a(lib_a-stdio.o)
 .debug_frame   0x00000d20       0x2c c:/program files (x86)/gnu tools arm embedded/6 2017-q1-update/bin/../lib/gcc/arm-none-eabi/6.3.1/../../../../arm-none-eabi/lib/thumb/v7e-m\libg_nano.a(lib_a-writer.o)
 .debug_frame   0x00000d4c       0x2c c:/program files (x86)/gnu tools arm embedded/6 2017-q1-update/bin/../lib/gcc/arm-none-eabi/6.3.1/../../../../arm-none-eabi/lib/thumb/v7e-m\libg_nano.a(lib_a-closer.o)
 .debug_frame   0x00000d78       0x2c c:/program files (x86)/gnu tools arm embedded/6 2017-q1-update/bin/../lib/gcc/arm-none-eabi/6.3.1/../../../../arm-none-eabi/lib/thumb/v7e-m\libg_nano.a(lib_a-fstatr.o)
 .debug_frame   0x00000da4       0x2c c:/program files (x86)/gnu tools arm embedded/6 2017-q1-update/bin/../lib/gcc/arm-none-eabi/6.3.1/../../../../arm-none-eabi/lib/thumb/v7e-m\libg_nano.a(lib_a-isattyr.o)
 .debug_frame   0x00000dd0       0x2c c:/program files (x86)/gnu tools arm embedded/6 2017-q1-update/bin/../lib/gcc/arm-none-eabi/6.3.1/../../../../arm-none-eabi/lib/thumb/v7e-m\libg_nano.a(lib_a-lseekr.o)
 .debug_frame   0x00000dfc       0x30 c:/program files (x86)/gnu tools arm embedded/6 2017-q1-update/bin/../lib/gcc/arm-none-eabi/6.3.1/../../../../arm-none-eabi/lib/thumb/v7e-m\libg_nano.a(lib_a-mlock.o)
 .debug_frame   0x00000e2c       0x2c c:/program files (x86)/gnu tools arm embedded/6 2017-q1-update/bin/../lib/gcc/arm-none-eabi/6.3.1/../../../../arm-none-eabi/lib/thumb/v7e-m\libg_nano.a(lib_a-readr.o)
 .debug_frame   0x00000e58       0x20 c:/program files (x86)/gnu tools arm embedded/6 2017-q1-update/bin/../lib/gcc/arm-none-eabi/6.3.1/../../../../arm-none-eabi/lib/thumb/v7e-m\libnosys.a(sbrk.o)
 .debug_frame   0x00000e78       0x20 c:/program files (x86)/gnu tools arm embedded/6 2017-q1-update/bin/../lib/gcc/arm-none-eabi/6.3.1/../../../../arm-none-eabi/lib/thumb/v7e-m\libnosys.a(_exit.o)

.debug_loc      0x00000000     0x13ad
 .debug_loc     0x00000000      0x62a ./Library/clk.o
 .debug_loc     0x0000062a      0x10d ./Library/retarget.o
 .debug_loc     0x00000737      0x65f ./Library/uart.o
 .debug_loc     0x00000d96      0x549 ./CMSIS/GCC/_syscalls.o
 .debug_loc     0x000012df       0xce ./CMSIS/system_M451Series.o
