Archive member included to satisfy reference by file (symbol)

c:/program files (x86)/gnu tools arm embedded/7 2018-q2-update/bin/../lib/gcc/arm-none-eabi/7.3.1/thumb/v7e-m\libgcc.a(_aeabi_uldivmod.o)
                              ./Library/can.o (__aeabi_uldivmod)
c:/program files (x86)/gnu tools arm embedded/7 2018-q2-update/bin/../lib/gcc/arm-none-eabi/7.3.1/thumb/v7e-m\libgcc.a(_udivmoddi4.o)
                              c:/program files (x86)/gnu tools arm embedded/7 2018-q2-update/bin/../lib/gcc/arm-none-eabi/7.3.1/thumb/v7e-m\libgcc.a(_aeabi_uldivmod.o) (__udivmoddi4)
c:/program files (x86)/gnu tools arm embedded/7 2018-q2-update/bin/../lib/gcc/arm-none-eabi/7.3.1/thumb/v7e-m\libgcc.a(_dvmd_tls.o)
                              c:/program files (x86)/gnu tools arm embedded/7 2018-q2-update/bin/../lib/gcc/arm-none-eabi/7.3.1/thumb/v7e-m\libgcc.a(_aeabi_uldivmod.o) (__aeabi_ldiv0)
c:/program files (x86)/gnu tools arm embedded/7 2018-q2-update/bin/../lib/gcc/arm-none-eabi/7.3.1/../../../../arm-none-eabi/lib/thumb/v7e-m\libg_nano.a(lib_a-errno.o)
                              ./CMSIS/GCC/_syscalls.o (__errno)
c:/program files (x86)/gnu tools arm embedded/7 2018-q2-update/bin/../lib/gcc/arm-none-eabi/7.3.1/../../../../arm-none-eabi/lib/thumb/v7e-m\libg_nano.a(lib_a-exit.o)
                              c:/program files (x86)/gnu tools arm embedded/7 2018-q2-update/bin/../lib/gcc/arm-none-eabi/7.3.1/../../../../arm-none-eabi/lib/thumb/v7e-m/crt0.o (exit)
c:/program files (x86)/gnu tools arm embedded/7 2018-q2-update/bin/../lib/gcc/arm-none-eabi/7.3.1/../../../../arm-none-eabi/lib/thumb/v7e-m\libg_nano.a(lib_a-impure.o)
                              c:/program files (x86)/gnu tools arm embedded/7 2018-q2-update/bin/../lib/gcc/arm-none-eabi/7.3.1/../../../../arm-none-eabi/lib/thumb/v7e-m\libg_nano.a(lib_a-exit.o) (_global_impure_ptr)
c:/program files (x86)/gnu tools arm embedded/7 2018-q2-update/bin/../lib/gcc/arm-none-eabi/7.3.1/../../../../arm-none-eabi/lib/thumb/v7e-m\libg_nano.a(lib_a-init.o)
                              c:/program files (x86)/gnu tools arm embedded/7 2018-q2-update/bin/../lib/gcc/arm-none-eabi/7.3.1/../../../../arm-none-eabi/lib/thumb/v7e-m/crt0.o (__libc_init_array)
c:/program files (x86)/gnu tools arm embedded/7 2018-q2-update/bin/../lib/gcc/arm-none-eabi/7.3.1/../../../../arm-none-eabi/lib/thumb/v7e-m\libg_nano.a(lib_a-memset.o)
                              c:/program files (x86)/gnu tools arm embedded/7 2018-q2-update/bin/../lib/gcc/arm-none-eabi/7.3.1/../../../../arm-none-eabi/lib/thumb/v7e-m/crt0.o (memset)
c:/program files (x86)/gnu tools arm embedded/7 2018-q2-update/bin/../lib/gcc/arm-none-eabi/7.3.1/../../../../arm-none-eabi/lib/thumb/v7e-m\libg_nano.a(lib_a-printf.o)
                              ./Library/retarget.o (printf)
c:/program files (x86)/gnu tools arm embedded/7 2018-q2-update/bin/../lib/gcc/arm-none-eabi/7.3.1/../../../../arm-none-eabi/lib/thumb/v7e-m\libg_nano.a(lib_a-puts.o)
                              ./Library/retarget.o (puts)
c:/program files (x86)/gnu tools arm embedded/7 2018-q2-update/bin/../lib/gcc/arm-none-eabi/7.3.1/../../../../arm-none-eabi/lib/thumb/v7e-m\libg_nano.a(lib_a-wbuf.o)
                              c:/program files (x86)/gnu tools arm embedded/7 2018-q2-update/bin/../lib/gcc/arm-none-eabi/7.3.1/../../../../arm-none-eabi/lib/thumb/v7e-m\libg_nano.a(lib_a-puts.o) (__swbuf_r)
c:/program files (x86)/gnu tools arm embedded/7 2018-q2-update/bin/../lib/gcc/arm-none-eabi/7.3.1/../../../../arm-none-eabi/lib/thumb/v7e-m\libg_nano.a(lib_a-wsetup.o)
                              c:/program files (x86)/gnu tools arm embedded/7 2018-q2-update/bin/../lib/gcc/arm-none-eabi/7.3.1/../../../../arm-none-eabi/lib/thumb/v7e-m\libg_nano.a(lib_a-puts.o) (__swsetup_r)
c:/program files (x86)/gnu tools arm embedded/7 2018-q2-update/bin/../lib/gcc/arm-none-eabi/7.3.1/../../../../arm-none-eabi/lib/thumb/v7e-m\libg_nano.a(lib_a-fflush.o)
                              c:/program files (x86)/gnu tools arm embedded/7 2018-q2-update/bin/../lib/gcc/arm-none-eabi/7.3.1/../../../../arm-none-eabi/lib/thumb/v7e-m\libg_nano.a(lib_a-wbuf.o) (_fflush_r)
c:/program files (x86)/gnu tools arm embedded/7 2018-q2-update/bin/../lib/gcc/arm-none-eabi/7.3.1/../../../../arm-none-eabi/lib/thumb/v7e-m\libg_nano.a(lib_a-findfp.o)
                              c:/program files (x86)/gnu tools arm embedded/7 2018-q2-update/bin/../lib/gcc/arm-none-eabi/7.3.1/../../../../arm-none-eabi/lib/thumb/v7e-m\libg_nano.a(lib_a-printf.o) (__sinit)
c:/program files (x86)/gnu tools arm embedded/7 2018-q2-update/bin/../lib/gcc/arm-none-eabi/7.3.1/../../../../arm-none-eabi/lib/thumb/v7e-m\libg_nano.a(lib_a-fwalk.o)
                              c:/program files (x86)/gnu tools arm embedded/7 2018-q2-update/bin/../lib/gcc/arm-none-eabi/7.3.1/../../../../arm-none-eabi/lib/thumb/v7e-m\libg_nano.a(lib_a-findfp.o) (_fwalk)
[...]
Memory Configuration

Name             Origin             Length             Attributes
FLASH            0x00000000         0x00040000         xr
RAM              0x20000000         0x00008000         xrw
*default*        0x00000000         0xffffffff

Linker script and memory map

LOAD c:/program files (x86)/gnu tools arm embedded/7 2018-q2-update/bin/../lib/gcc/arm-none-eabi/7.3.1/thumb/v7e-m/crti.o
LOAD c:/program files (x86)/gnu tools arm embedded/7 2018-q2-update/bin/../lib/gcc/arm-none-eabi/7.3.1/thumb/v7e-m/crtbegin.o
LOAD c:/program files (x86)/gnu tools arm embedded/7 2018-q2-update/bin/../lib/gcc/arm-none-eabi/7.3.1/../../../../arm-none-eabi/lib/thumb/v7e-m/crt0.o
LOAD ./User/main.o
LOAD ./Library/can.o
LOAD ./Library/clk.o
LOAD ./Library/retarget.o
LOAD ./Library/sys.o
LOAD ./Library/uart.o
LOAD ./CMSIS/GCC/_syscalls.o
LOAD ./CMSIS/GCC/startup_M451Series.o
LOAD ./CMSIS/system_M451Series.o
START GROUP
LOAD c:/program files (x86)/gnu tools arm embedded/7 2018-q2-update/bin/../lib/gcc/arm-none-eabi/7.3.1/thumb/v7e-m\libgcc.a
LOAD c:/program files (x86)/gnu tools arm embedded/7 2018-q2-update/bin/../lib/gcc/arm-none-eabi/7.3.1/../../../../arm-none-eabi/lib/thumb/v7e-m\libg_nano.a
LOAD c:/program files (x86)/gnu tools arm embedded/7 2018-q2-update/bin/../lib/gcc/arm-none-eabi/7.3.1/../../../../arm-none-eabi/lib/thumb/v7e-m\libc_nano.a
END GROUP
START GROUP
LOAD c:/program files (x86)/gnu tools arm embedded/7 2018-q2-update/bin/../lib/gcc/arm-none-eabi/7.3.1/thumb/v7e-m\libgcc.a
LOAD c:/program files (x86)/gnu tools arm embedded/7 2018-q2-update/bin/../lib/gcc/arm-none-eabi/7.3.1/../../../../arm-none-eabi/lib/thumb/v7e-m\libc_nano.a
END GROUP
LOAD c:/program files (x86)/gnu tools arm embedded/7 2018-q2-update/bin/../lib/gcc/arm-none-eabi/7.3.1/thumb/v7e-m/crtend.o
LOAD c:/program files (x86)/gnu tools arm embedded/7 2018-q2-update/bin/../lib/gcc/arm-none-eabi/7.3.1/thumb/v7e-m/crtn.o
START GROUP
LOAD c:/program files (x86)/gnu tools arm embedded/7 2018-q2-update/bin/../lib/gcc/arm-none-eabi/7.3.1/thumb/v7e-m\libgcc.a
LOAD c:/program files (x86)/gnu tools arm embedded/7 2018-q2-update/bin/../lib/gcc/arm-none-eabi/7.3.1/../../../../arm-none-eabi/lib/thumb/v7e-m\libc.a
LOAD c:/program files (x86)/gnu tools arm embedded/7 2018-q2-update/bin/../lib/gcc/arm-none-eabi/7.3.1/../../../../arm-none-eabi/lib/thumb/v7e-m\libm.a
LOAD c:/program files (x86)/gnu tools arm embedded/7 2018-q2-update/bin/../lib/gcc/arm-none-eabi/7.3.1/../../../../arm-none-eabi/lib/thumb/v7e-m\libnosys.a
END GROUP

.text           0x00000000     0x25b8
 *(.vectors)
 .vectors       0x00000000      0x140 ./CMSIS/GCC/startup_M451Series.o
                0x00000000                __Vectors
                0x00000140                __Vectors_End = .
                0x00000140                __Vectors_Size = (__Vectors_End - __Vectors)
                0x00000140                __end__ = .
 *(.text*)
 .text          0x00000140       0x40 c:/program files (x86)/gnu tools arm embedded/7 2018-q2-update/bin/../lib/gcc/arm-none-eabi/7.3.1/thumb/v7e-m/crtbegin.o
 .text          0x00000180       0x74 c:/program files (x86)/gnu tools arm embedded/7 2018-q2-update/bin/../lib/gcc/arm-none-eabi/7.3.1/../../../../arm-none-eabi/lib/thumb/v7e-m/crt0.o
                0x00000180                _start
                0x00000180                _mainCRTStartup
 .text.CAN0_IRQHandler
                0x000001f4      0x178 ./User/main.o
                0x000001f4                CAN0_IRQHandler
 .text.SYS_Init
                0x0000036c       0x78 ./User/main.o
                0x0000036c                SYS_Init
 .text.main     0x000003e4       0xb4 ./User/main.o
                0x000003e4                main
 .text.can_update_spt
                0x00000498       0x54 ./Library/can.o
 .text.LockIF   0x000004ec       0x54 ./Library/can.o
 .text.LockIF_TL
                0x00000540       0x20 ./Library/can.o
 .text.ReleaseIF
                0x00000560       0x2c ./Library/can.o
 .text.CAN_EnterInitMode
                0x0000058c        0x8 ./Library/can.o
                0x0000058c                CAN_EnterInitMode
 .text.CAN_LeaveInitMode
                0x00000594       0x12 ./Library/can.o
                0x00000594                CAN_LeaveInitMode
 .text.CAN_EnterTestMode
                0x000005a6        0xc ./Library/can.o
                0x000005a6                CAN_EnterTestMode
 .text.CAN_IsNewDataReceived
                0x000005b2       0x22 ./Library/can.o
                0x000005b2                CAN_IsNewDataReceived
 .text.CAN_BasicReceiveMsg
                0x000005d4       0xa8 ./Library/can.o
                0x000005d4                CAN_BasicReceiveMsg
 .text.CAN_SetRxMsgObj
                0x0000067c       0xbe ./Library/can.o
                0x0000067c                CAN_SetRxMsgObj
 *fill*         0x0000073a        0x2 
 .text.CAN_ReadMsgObj
                0x0000073c       0xe8 ./Library/can.o
                0x0000073c                CAN_ReadMsgObj
 .text.CAN_SetBaudRate
                0x00000824      0x148 ./Library/can.o
                0x00000824                CAN_SetBaudRate
 .text.CAN_Open
                0x0000096c       0x1e ./Library/can.o
                0x0000096c                CAN_Open
 .text.CAN_EnableInt
                0x0000098a       0x10 ./Library/can.o
                0x0000098a                CAN_EnableInt
 .text.CAN_SetRxMsg
                0x0000099a       0x38 ./Library/can.o
                0x0000099a                CAN_SetRxMsg
 .text.CAN_Receive
                0x000009d2       0x26 ./Library/can.o
                0x000009d2                CAN_Receive
 .text.CAN_CLR_INT_PENDING_BIT
                0x000009f8       0x2c ./Library/can.o
                0x000009f8                CAN_CLR_INT_PENDING_BIT
 .text.CLK_GetPCLK0Freq
                0x00000a24       0x28 ./Library/clk.o
                0x00000a24                CLK_GetPCLK0Freq
 .text.CLK_SetModuleClock
                0x00000a4c       0x4c ./Library/clk.o
                0x00000a4c                CLK_SetModuleClock
 .text.CLK_EnableXtalRC
                0x00000a98       0x10 ./Library/clk.o
                0x00000a98                CLK_EnableXtalRC
 .text.CLK_EnableModuleClock
                0x00000aa8       0x1c ./Library/clk.o
                0x00000aa8                CLK_EnableModuleClock
 .text.CLK_DisablePLL
                0x00000ac4       0x10 ./Library/clk.o
                0x00000ac4                CLK_DisablePLL
 .text.CLK_WaitClockReady
                0x00000ad4       0x28 ./Library/clk.o
                0x00000ad4                CLK_WaitClockReady
 .text.CLK_SetHCLK
                0x00000afc       0x4c ./Library/clk.o
                0x00000afc                CLK_SetHCLK
 .text.CLK_EnablePLL
                0x00000b48      0x1a4 ./Library/clk.o
                0x00000b48                CLK_EnablePLL
 .text.CLK_SetCoreClock
                0x00000cec       0x90 ./Library/clk.o
                0x00000cec                CLK_SetCoreClock
 .text.stackDump
                0x00000d7c       0x68 ./Library/retarget.o
 .text.Hard_Fault_Handler
                0x00000de4       0x18 ./Library/retarget.o
                0x00000de4                Hard_Fault_Handler
 .text.Get_LR_and_Branch
                0x00000dfc        0x8 ./Library/retarget.o
                0x00000dfc                Get_LR_and_Branch
 .text.Stack_Use_MSP
                0x00000e04        0xa ./Library/retarget.o
                0x00000e04                Stack_Use_MSP
 .text.HardFault_Handler
                0x00000e0e       0x14 ./Library/retarget.o
                0x00000e0e                HardFault_Handler
 *fill*         0x00000e22        0x2 
 .text.UART_Open
                0x00000e24       0xe0 ./Library/uart.o
                0x00000e24                UART_Open
 .text.UART_Write
                0x00000f04       0x2a ./Library/uart.o
                0x00000f04                UART_Write
 .text._close   0x00000f2e       0x10 ./CMSIS/GCC/_syscalls.o
                0x00000f2e                _close
 .text._fstat   0x00000f3e       0x10 ./CMSIS/GCC/_syscalls.o
                0x00000f3e                _fstat
 .text._isatty  0x00000f4e        0xe ./CMSIS/GCC/_syscalls.o
                0x00000f4e                _isatty
 .text._lseek   0x00000f5c       0x10 ./CMSIS/GCC/_syscalls.o
                0x00000f5c                _lseek
 .text._read    0x00000f6c       0x10 ./CMSIS/GCC/_syscalls.o
                0x00000f6c                _read
 .text._write   0x00000f7c       0x10 ./CMSIS/GCC/_syscalls.o
                0x00000f7c                _write
 .text          0x00000f8c       0x70 ./CMSIS/GCC/startup_M451Series.o
                0x00000f8c                Reset_Handler
                0x00000ff8                ADC00_IRQHandler
                0x00000ff8                DebugMon_Handler
                0x00000ff8                CLKFAIL_IRQHandler
                0x00000ff8                ADC02_IRQHandler
                0x00000ff8                ACMP01_IRQHandler
                0x00000ff8                I2C0_IRQHandler
                0x00000ff8                SC0_IRQHandler
                0x00000ff8                SysTick_Handler
                0x00000ff8                PendSV_Handler
                0x00000ff8                NMI_Handler
                0x00000ff8                I2C1_IRQHandler
                0x00000ff8                EINT2_IRQHandler
                0x00000ff8                UART1_IRQHandler
                0x00000ff8                EINT3_IRQHandler
                0x00000ff8                UART0_IRQHandler
                0x00000ff8                PWM0P0_IRQHandler
                0x00000ff8                BRAKE1_IRQHandler
                0x00000ff8                GPE_IRQHandler
                0x00000ff8                USBD_IRQHandler
                0x00000ff8                UsageFault_Handler
                0x00000ff8                GPB_IRQHandler
                0x00000ff8                SPI1_IRQHandler
                0x00000ff8                TAMPER_IRQHandler
                0x00000ff8                TMR0_IRQHandler
                0x00000ff8                PWM0P2_IRQHandler
                0x00000ff8                GPA_IRQHandler
                0x00000ff8                IRC_IRQHandler
                0x00000ff8                RTC_IRQHandler
                0x00000ff8                PWRWU_IRQHandler
                0x00000ff8                BRAKE0_IRQHandler
                0x00000ff8                PWM1P1_IRQHandler
                0x00000ff8                EINT1_IRQHandler
                0x00000ff8                UART2_IRQHandler
                0x00000ff8                GPC_IRQHandler
                0x00000ff8                Default_Handler
                0x00000ff8                TMR2_IRQHandler
                0x00000ff8                BOD_IRQHandler
                0x00000ff8                PWM1P2_IRQHandler
                0x00000ff8                SPI2_IRQHandler
                0x00000ff8                MemManage_Handler
                0x00000ff8                WDT_IRQHandler
                0x00000ff8                SVC_Handler
                0x00000ff8                ADC01_IRQHandler
                0x00000ff8                USBOTG_IRQHandler
                0x00000ff8                EINT4_IRQHandler
                0x00000ff8                PDMA_IRQHandler
                0x00000ff8                TK_IRQHandler
                0x00000ff8                RAMPE_IRQHandler
                0x00000ff8                EINT0_IRQHandler
                0x00000ff8                EINT5_IRQHandler
                0x00000ff8                TMR3_IRQHandler
                0x00000ff8                DAC_IRQHandler
                0x00000ff8                SPI0_IRQHandler
                0x00000ff8                GPD_IRQHandler
                0x00000ff8                PWM0P1_IRQHandler
                0x00000ff8                PWM1P0_IRQHandler
                0x00000ff8                GPF_IRQHandler
                0x00000ff8                BusFault_Handler
                0x00000ff8                UART3_IRQHandler
                0x00000ff8                TMR1_IRQHandler
                0x00000ff8                ADC03_IRQHandler
                0x00000ff8                WWDT_IRQHandler
                0x00000ff8                USBH_IRQHandler
 .text.SystemCoreClockUpdate
                0x00000ffc       0xb4 ./CMSIS/system_M451Series.o
                0x00000ffc                SystemCoreClockUpdate
 .text.SystemInit
                0x000010b0       0x58 ./CMSIS/system_M451Series.o
                0x000010b0                SystemInit
 .text          0x00001108       0x30 c:/program files (x86)/gnu tools arm embedded/7 2018-q2-update/bin/../lib/gcc/arm-none-eabi/7.3.1/thumb/v7e-m\libgcc.a(_aeabi_uldivmod.o)
                0x00001108                __aeabi_uldivmod
 .text          0x00001138      0x2cc c:/program files (x86)/gnu tools arm embedded/7 2018-q2-update/bin/../lib/gcc/arm-none-eabi/7.3.1/thumb/v7e-m\libgcc.a(_udivmoddi4.o)
                0x00001138                __udivmoddi4
 .text          0x00001404        0x4 c:/program files (x86)/gnu tools arm embedded/7 2018-q2-update/bin/../lib/gcc/arm-none-eabi/7.3.1/thumb/v7e-m\libgcc.a(_dvmd_tls.o)
                0x00001404                __aeabi_idiv0
                0x00001404                __aeabi_ldiv0
 .text.__errno  0x00001408        0xc c:/program files (x86)/gnu tools arm embedded/7 2018-q2-update/bin/../lib/gcc/arm-none-eabi/7.3.1/../../../../arm-none-eabi/lib/thumb/v7e-m\libg_nano.a(lib_a-errno.o)
                0x00001408                __errno
 .text.exit     0x00001414       0x28 c:/program files (x86)/gnu tools arm embedded/7 2018-q2-update/bin/../lib/gcc/arm-none-eabi/7.3.1/../../../../arm-none-eabi/lib/thumb/v7e-m\libg_nano.a(lib_a-exit.o)
                0x00001414                exit
 .text.__libc_init_array
                0x0000143c       0x48 c:/program files (x86)/gnu tools arm embedded/7 2018-q2-update/bin/../lib/gcc/arm-none-eabi/7.3.1/../../../../arm-none-eabi/lib/thumb/v7e-m\libg_nano.a(lib_a-init.o)
                0x0000143c                __libc_init_array
 .text.memset   0x00001484       0x10 c:/program files (x86)/gnu tools arm embedded/7 2018-q2-update/bin/../lib/gcc/arm-none-eabi/7.3.1/../../../../arm-none-eabi/lib/thumb/v7e-m\libg_nano.a(lib_a-memset.o)
                0x00001484                memset
 .text.printf   0x00001494       0x30 c:/program files (x86)/gnu tools arm embedded/7 2018-q2-update/bin/../lib/gcc/arm-none-eabi/7.3.1/../../../../arm-none-eabi/lib/thumb/v7e-m\libg_nano.a(lib_a-printf.o)
                0x00001494                iprintf
                0x00001494                printf
 .text._puts_r  0x000014c4       0xb8 c:/program files (x86)/gnu tools arm embedded/7 2018-q2-update/bin/../lib/gcc/arm-none-eabi/7.3.1/../../../../arm-none-eabi/lib/thumb/v7e-m\libg_nano.a(lib_a-puts.o)
                0x000014c4                _puts_r
 .text.puts     0x0000157c       0x10 c:/program files (x86)/gnu tools arm embedded/7 2018-q2-update/bin/../lib/gcc/arm-none-eabi/7.3.1/../../../../arm-none-eabi/lib/thumb/v7e-m\libg_nano.a(lib_a-puts.o)
                0x0000157c                puts
 .text.__swbuf_r
                0x0000158c       0xa4 c:/program files (x86)/gnu tools arm embedded/7 2018-q2-update/bin/../lib/gcc/arm-none-eabi/7.3.1/../../../../arm-none-eabi/lib/thumb/v7e-m\libg_nano.a(lib_a-wbuf.o)
                0x0000158c                __swbuf_r
 .text.__swsetup_r
                0x00001630       0xdc c:/program files (x86)/gnu tools arm embedded/7 2018-q2-update/bin/../lib/gcc/arm-none-eabi/7.3.1/../../../../arm-none-eabi/lib/thumb/v7e-m\libg_nano.a(lib_a-wsetup.o)
                0x00001630                __swsetup_r
 .text.__sflush_r
                0x0000170c      0x10c c:/program files (x86)/gnu tools arm embedded/7 2018-q2-update/bin/../lib/gcc/arm-none-eabi/7.3.1/../../../../arm-none-eabi/lib/thumb/v7e-m\libg_nano.a(lib_a-fflush.o)
                0x0000170c                __sflush_r
 .text._fflush_r
                0x00001818       0x54 c:/program files (x86)/gnu tools arm embedded/7 2018-q2-update/bin/../lib/gcc/arm-none-eabi/7.3.1/../../../../arm-none-eabi/lib/thumb/v7e-m\libg_nano.a(lib_a-fflush.o)
                0x00001818                _fflush_r
 .text.std      0x0000186c       0x48 c:/program files (x86)/gnu tools arm embedded/7 2018-q2-update/bin/../lib/gcc/arm-none-eabi/7.3.1/../../../../arm-none-eabi/lib/thumb/v7e-m\libg_nano.a(lib_a-findfp.o)
 .text._cleanup_r
                0x000018b4        0xc c:/program files (x86)/gnu tools arm embedded/7 2018-q2-update/bin/../lib/gcc/arm-none-eabi/7.3.1/../../../../arm-none-eabi/lib/thumb/v7e-m\libg_nano.a(lib_a-findfp.o)
                0x000018b4                _cleanup_r
 .text.__sfmoreglue
                0x000018c0       0x2c c:/program files (x86)/gnu tools arm embedded/7 2018-q2-update/bin/../lib/gcc/arm-none-eabi/7.3.1/../../../../arm-none-eabi/lib/thumb/v7e-m\libg_nano.a(lib_a-findfp.o)
                0x000018c0                __sfmoreglue
 .text.__sinit  0x000018ec       0x60 c:/program files (x86)/gnu tools arm embedded/7 2018-q2-update/bin/../lib/gcc/arm-none-eabi/7.3.1/../../../../arm-none-eabi/lib/thumb/v7e-m\libg_nano.a(lib_a-findfp.o)
                0x000018ec                __sinit
 .text.__sfp    0x0000194c       0x78 c:/program files (x86)/gnu tools arm embedded/7 2018-q2-update/bin/../lib/gcc/arm-none-eabi/7.3.1/../../../../arm-none-eabi/lib/thumb/v7e-m\libg_nano.a(lib_a-findfp.o)
                0x0000194c                __sfp
 .text._fwalk_reent
                0x000019c4       0x3c c:/program files (x86)/gnu tools arm embedded/7 2018-q2-update/bin/../lib/gcc/arm-none-eabi/7.3.1/../../../../arm-none-eabi/lib/thumb/v7e-m\libg_nano.a(lib_a-fwalk.o)
                0x000019c4                _fwalk_reent
 .text.__swhatbuf_r
                0x00001a00       0x48 c:/program files (x86)/gnu tools arm embedded/7 2018-q2-update/bin/../lib/gcc/arm-none-eabi/7.3.1/../../../../arm-none-eabi/lib/thumb/v7e-m\libg_nano.a(lib_a-makebuf.o)
                0x00001a00                __swhatbuf_r
 .text.__smakebuf_r
                0x00001a48       0x80 c:/program files (x86)/gnu tools arm embedded/7 2018-q2-update/bin/../lib/gcc/arm-none-eabi/7.3.1/../../../../arm-none-eabi/lib/thumb/v7e-m\libg_nano.a(lib_a-makebuf.o)
                0x00001a48                __smakebuf_r
 .text._free_r  0x00001ac8       0x9c c:/program files (x86)/gnu tools arm embedded/7 2018-q2-update/bin/../lib/gcc/arm-none-eabi/7.3.1/../../../../arm-none-eabi/lib/thumb/v7e-m\libg_nano.a(lib_a-nano-freer.o)
                0x00001ac8                _free_r
 .text._malloc_r
                0x00001b64       0xb4 c:/program files (x86)/gnu tools arm embedded/7 2018-q2-update/bin/../lib/gcc/arm-none-eabi/7.3.1/../../../../arm-none-eabi/lib/thumb/v7e-m\libg_nano.a(lib_a-nano-mallocr.o)
                0x00001b64                _malloc_r
 .text.__sfputc_r
                0x00001c18       0x2a c:/program files (x86)/gnu tools arm embedded/7 2018-q2-update/bin/../lib/gcc/arm-none-eabi/7.3.1/../../../../arm-none-eabi/lib/thumb/v7e-m\libg_nano.a(lib_a-nano-vfprintf.o)
 .text.__sfputs_r
                0x00001c42       0x24 c:/program files (x86)/gnu tools arm embedded/7 2018-q2-update/bin/../lib/gcc/arm-none-eabi/7.3.1/../../../../arm-none-eabi/lib/thumb/v7e-m\libg_nano.a(lib_a-nano-vfprintf.o)
                0x00001c42                __sfputs_r
 *fill*         0x00001c66        0x2 
 .text._vfprintf_r
                0x00001c68      0x22c c:/program files (x86)/gnu tools arm embedded/7 2018-q2-update/bin/../lib/gcc/arm-none-eabi/7.3.1/../../../../arm-none-eabi/lib/thumb/v7e-m\libg_nano.a(lib_a-nano-vfprintf.o)
                0x00001c68                _vfprintf_r
                0x00001c68                _vfiprintf_r
 .text._printf_common
                0x00001e94       0xea c:/program files (x86)/gnu tools arm embedded/7 2018-q2-update/bin/../lib/gcc/arm-none-eabi/7.3.1/../../../../arm-none-eabi/lib/thumb/v7e-m\libg_nano.a(lib_a-nano-vfprintf_i.o)
                0x00001e94                _printf_common
 *fill*         0x00001f7e        0x2 
 .text._printf_i
                0x00001f80      0x224 c:/program files (x86)/gnu tools arm embedded/7 2018-q2-update/bin/../lib/gcc/arm-none-eabi/7.3.1/../../../../arm-none-eabi/lib/thumb/v7e-m\libg_nano.a(lib_a-nano-vfprintf_i.o)
                0x00001f80                _printf_i
 .text._sbrk_r  0x000021a4       0x20 c:/program files (x86)/gnu tools arm embedded/7 2018-q2-update/bin/../lib/gcc/arm-none-eabi/7.3.1/../../../../arm-none-eabi/lib/thumb/v7e-m\libg_nano.a(lib_a-sbrkr.o)
                0x000021a4                _sbrk_r
 .text.__sread  0x000021c4       0x22 c:/program files (x86)/gnu tools arm embedded/7 2018-q2-update/bin/../lib/gcc/arm-none-eabi/7.3.1/../../../../arm-none-eabi/lib/thumb/v7e-m\libg_nano.a(lib_a-stdio.o)
                0x000021c4                __sread
 .text.__swrite
                0x000021e6       0x38 c:/program files (x86)/gnu tools arm embedded/7 2018-q2-update/bin/../lib/gcc/arm-none-eabi/7.3.1/../../../../arm-none-eabi/lib/thumb/v7e-m\libg_nano.a(lib_a-stdio.o)
                0x000021e6                __swrite
 .text.__sseek  0x0000221e       0x24 c:/program files (x86)/gnu tools arm embedded/7 2018-q2-update/bin/../lib/gcc/arm-none-eabi/7.3.1/../../../../arm-none-eabi/lib/thumb/v7e-m\libg_nano.a(lib_a-stdio.o)
                0x0000221e                __sseek
 .text.__sclose
                0x00002242        0x8 c:/program files (x86)/gnu tools arm embedded/7 2018-q2-update/bin/../lib/gcc/arm-none-eabi/7.3.1/../../../../arm-none-eabi/lib/thumb/v7e-m\libg_nano.a(lib_a-stdio.o)
                0x00002242                __sclose
 *fill*         0x0000224a        0x2 
 .text._write_r
                0x0000224c       0x24 c:/program files (x86)/gnu tools arm embedded/7 2018-q2-update/bin/../lib/gcc/arm-none-eabi/7.3.1/../../../../arm-none-eabi/lib/thumb/v7e-m\libg_nano.a(lib_a-writer.o)
                0x0000224c                _write_r
 .text._close_r
                0x00002270       0x20 c:/program files (x86)/gnu tools arm embedded/7 2018-q2-update/bin/../lib/gcc/arm-none-eabi/7.3.1/../../../../arm-none-eabi/lib/thumb/v7e-m\libg_nano.a(lib_a-closer.o)
                0x00002270                _close_r
 .text._fstat_r
                0x00002290       0x24 c:/program files (x86)/gnu tools arm embedded/7 2018-q2-update/bin/../lib/gcc/arm-none-eabi/7.3.1/../../../../arm-none-eabi/lib/thumb/v7e-m\libg_nano.a(lib_a-fstatr.o)
                0x00002290                _fstat_r
 .text._isatty_r
                0x000022b4       0x20 c:/program files (x86)/gnu tools arm embedded/7 2018-q2-update/bin/../lib/gcc/arm-none-eabi/7.3.1/../../../../arm-none-eabi/lib/thumb/v7e-m\libg_nano.a(lib_a-isattyr.o)
                0x000022b4                _isatty_r
 .text._lseek_r
                0x000022d4       0x24 c:/program files (x86)/gnu tools arm embedded/7 2018-q2-update/bin/../lib/gcc/arm-none-eabi/7.3.1/../../../../arm-none-eabi/lib/thumb/v7e-m\libg_nano.a(lib_a-lseekr.o)
                0x000022d4                _lseek_r
 *fill*         0x000022f8        0x8 
 .text          0x00002300       0xa0 c:/program files (x86)/gnu tools arm embedded/7 2018-q2-update/bin/../lib/gcc/arm-none-eabi/7.3.1/../../../../arm-none-eabi/lib/thumb/v7e-m\libg_nano.a(lib_a-memchr.o)
                0x00002300                memchr
 .text.__malloc_lock
                0x000023a0        0x2 c:/program files (x86)/gnu tools arm embedded/7 2018-q2-update/bin/../lib/gcc/arm-none-eabi/7.3.1/../../../../arm-none-eabi/lib/thumb/v7e-m\libg_nano.a(lib_a-mlock.o)
                0x000023a0                __malloc_lock
 .text.__malloc_unlock
                0x000023a2        0x2 c:/program files (x86)/gnu tools arm embedded/7 2018-q2-update/bin/../lib/gcc/arm-none-eabi/7.3.1/../../../../arm-none-eabi/lib/thumb/v7e-m\libg_nano.a(lib_a-mlock.o)
                0x000023a2                __malloc_unlock
 .text._read_r  0x000023a4       0x24 c:/program files (x86)/gnu tools arm embedded/7 2018-q2-update/bin/../lib/gcc/arm-none-eabi/7.3.1/../../../../arm-none-eabi/lib/thumb/v7e-m\libg_nano.a(lib_a-readr.o)
                0x000023a4                _read_r
 .text._sbrk    0x000023c8       0x1c c:/program files (x86)/gnu tools arm embedded/7 2018-q2-update/bin/../lib/gcc/arm-none-eabi/7.3.1/../../../../arm-none-eabi/lib/thumb/v7e-m\libnosys.a(sbrk.o)
                0x000023c8                _sbrk
 .text._exit    0x000023e4        0x4 c:/program files (x86)/gnu tools arm embedded/7 2018-q2-update/bin/../lib/gcc/arm-none-eabi/7.3.1/../../../../arm-none-eabi/lib/thumb/v7e-m\libnosys.a(_exit.o)
                0x000023e4                _exit
 *(.init)
 .init          0x000023e8        0x4 c:/program files (x86)/gnu tools arm embedded/7 2018-q2-update/bin/../lib/gcc/arm-none-eabi/7.3.1/thumb/v7e-m/crti.o
                0x000023e8                _init
 .init          0x000023ec        0x8 c:/program files (x86)/gnu tools arm embedded/7 2018-q2-update/bin/../lib/gcc/arm-none-eabi/7.3.1/thumb/v7e-m/crtn.o
 *(.fini)
 .fini          0x000023f4        0x4 c:/program files (x86)/gnu tools arm embedded/7 2018-q2-update/bin/../lib/gcc/arm-none-eabi/7.3.1/thumb/v7e-m/crti.o
                0x000023f4                _fini
 .fini          0x000023f8        0x8 c:/program files (x86)/gnu tools arm embedded/7 2018-q2-update/bin/../lib/gcc/arm-none-eabi/7.3.1/thumb/v7e-m/crtn.o
 *crtbegin.o(.ctors)
 *crtbegin?.o(.ctors)
 *(EXCLUDE_FILE(*crtend.o *crtend?.o) .ctors)
 *(SORT_BY_NAME(.ctors.*))
 *(.ctors)
 *crtbegin.o(.dtors)
 *crtbegin?.o(.dtors)
 *(EXCLUDE_FILE(*crtend.o *crtend?.o) .dtors)
 *(SORT_BY_NAME(.dtors.*))
 *(.dtors)
 *(.rodata*)
 .rodata.CAN0_IRQHandler.str1.4
                0x00002400       0x52 ./User/main.o
                                 0x56 (size before relaxing)
 *fill*         0x00002452        0x2 
 .rodata.main.str1.4
                0x00002454       0x32 ./User/main.o
 *fill*         0x00002486        0x2 
 .rodata        0x00002488        0x4 ./Library/clk.o
 .rodata.Hard_Fault_Handler.str1.4
                0x0000248c       0x16 ./Library/retarget.o
 *fill*         0x000024a2        0x2 
 .rodata.stackDump.str1.4
                0x000024a4       0x60 ./Library/retarget.o
 .rodata        0x00002504       0x14 ./Library/uart.o
 .rodata        0x00002518        0x4 ./CMSIS/system_M451Series.o
 .rodata._global_impure_ptr
                0x0000251c        0x4 c:/program files (x86)/gnu tools arm embedded/7 2018-q2-update/bin/../lib/gcc/arm-none-eabi/7.3.1/../../../../arm-none-eabi/lib/thumb/v7e-m\libg_nano.a(lib_a-impure.o)
                0x0000251c                _global_impure_ptr
 .rodata.__sf_fake_stderr
                0x00002520       0x20 c:/program files (x86)/gnu tools arm embedded/7 2018-q2-update/bin/../lib/gcc/arm-none-eabi/7.3.1/../../../../arm-none-eabi/lib/thumb/v7e-m\libg_nano.a(lib_a-findfp.o)
                0x00002520                __sf_fake_stderr
 .rodata.__sf_fake_stdin
                0x00002540       0x20 c:/program files (x86)/gnu tools arm embedded/7 2018-q2-update/bin/../lib/gcc/arm-none-eabi/7.3.1/../../../../arm-none-eabi/lib/thumb/v7e-m\libg_nano.a(lib_a-findfp.o)
                0x00002540                __sf_fake_stdin
 .rodata.__sf_fake_stdout
                0x00002560       0x20 c:/program files (x86)/gnu tools arm embedded/7 2018-q2-update/bin/../lib/gcc/arm-none-eabi/7.3.1/../../../../arm-none-eabi/lib/thumb/v7e-m\libg_nano.a(lib_a-findfp.o)
                0x00002560                __sf_fake_stdout
 .rodata._vfprintf_r.str1.1
                0x00002580       0x11 c:/program files (x86)/gnu tools arm embedded/7 2018-q2-update/bin/../lib/gcc/arm-none-eabi/7.3.1/../../../../arm-none-eabi/lib/thumb/v7e-m\libg_nano.a(lib_a-nano-vfprintf.o)
 .rodata._printf_i.str1.1
                0x00002591       0x22 c:/program files (x86)/gnu tools arm embedded/7 2018-q2-update/bin/../lib/gcc/arm-none-eabi/7.3.1/../../../../arm-none-eabi/lib/thumb/v7e-m\libg_nano.a(lib_a-nano-vfprintf_i.o)
 *(.eh_frame*)
 *fill*         0x000025b3        0x1 
 .eh_frame      0x000025b4        0x0 c:/program files (x86)/gnu tools arm embedded/7 2018-q2-update/bin/../lib/gcc/arm-none-eabi/7.3.1/thumb/v7e-m/crtbegin.o
 .eh_frame      0x000025b4        0x4 c:/program files (x86)/gnu tools arm embedded/7 2018-q2-update/bin/../lib/gcc/arm-none-eabi/7.3.1/thumb/v7e-m/crtend.o

.glue_7         0x000025b8        0x0
 .glue_7        0x000025b8        0x0 linker stubs

.glue_7t        0x000025b8        0x0
 .glue_7t       0x000025b8        0x0 linker stubs

.vfp11_veneer   0x000025b8        0x0
 .vfp11_veneer  0x000025b8        0x0 linker stubs

.v4_bx          0x000025b8        0x0
 .v4_bx         0x000025b8        0x0 linker stubs

.iplt           0x000025b8        0x0
 .iplt          0x000025b8        0x0 c:/program files (x86)/gnu tools arm embedded/7 2018-q2-update/bin/../lib/gcc/arm-none-eabi/7.3.1/thumb/v7e-m/crtbegin.o

.ARM.extab
 *(.ARM.extab* .gnu.linkonce.armextab.*)
                0x000025b8                __exidx_start = .

.ARM.exidx      0x000025b8        0x8
 *(.ARM.exidx* .gnu.linkonce.armexidx.*)
 .ARM.exidx     0x000025b8        0x8 c:/program files (x86)/gnu tools arm embedded/7 2018-q2-update/bin/../lib/gcc/arm-none-eabi/7.3.1/../../../../arm-none-eabi/lib/thumb/v7e-m/crt0.o
 .ARM.exidx     0x000025c0        0x0 c:/program files (x86)/gnu tools arm embedded/7 2018-q2-update/bin/../lib/gcc/arm-none-eabi/7.3.1/thumb/v7e-m\libgcc.a(_udivmoddi4.o)
                                  0x8 (size before relaxing)
                0x000025c0                __exidx_end = .
                0x000025c0                __etext = .

.rel.dyn        0x000025c0        0x0
 .rel.iplt      0x000025c0        0x0 c:/program files (x86)/gnu tools arm embedded/7 2018-q2-update/bin/../lib/gcc/arm-none-eabi/7.3.1/thumb/v7e-m/crtbegin.o

.data           0x20000000       0x98 load address 0x000025c0
                0x20000000                __data_start__ = .
 *(vtable)
 *(.data*)
 .data.CyclesPerUs
                0x20000000        0x4 ./CMSIS/system_M451Series.o
                0x20000000                CyclesPerUs
 .data.PllClock
                0x20000004        0x4 ./CMSIS/system_M451Series.o
                0x20000004                PllClock
 .data.SystemCoreClock
                0x20000008        0x4 ./CMSIS/system_M451Series.o
                0x20000008                SystemCoreClock
 .data.gau32ClkSrcTbl
                0x2000000c       0x20 ./CMSIS/system_M451Series.o
                0x2000000c                gau32ClkSrcTbl
 .data._impure_ptr
                0x2000002c        0x4 c:/program files (x86)/gnu tools arm embedded/7 2018-q2-update/bin/../lib/gcc/arm-none-eabi/7.3.1/../../../../arm-none-eabi/lib/thumb/v7e-m\libg_nano.a(lib_a-impure.o)
                0x2000002c                _impure_ptr
 .data.impure_data
                0x20000030       0x60 c:/program files (x86)/gnu tools arm embedded/7 2018-q2-update/bin/../lib/gcc/arm-none-eabi/7.3.1/../../../../arm-none-eabi/lib/thumb/v7e-m\libg_nano.a(lib_a-impure.o)
                0x20000090                . = ALIGN (0x4)
                0x20000090                PROVIDE (__preinit_array_start = .)
 *(.preinit_array)
                0x20000090                PROVIDE (__preinit_array_end = .)
                0x20000090                . = ALIGN (0x4)
                0x20000090                PROVIDE (__init_array_start = .)
 *(SORT_BY_NAME(.init_array.*))
 *(.init_array)
 .init_array    0x20000090        0x4 c:/program files (x86)/gnu tools arm embedded/7 2018-q2-update/bin/../lib/gcc/arm-none-eabi/7.3.1/thumb/v7e-m/crtbegin.o
                0x20000094                PROVIDE (__init_array_end = .)
                0x20000094                . = ALIGN (0x4)
                [!provide]                PROVIDE (__fini_array_start = .)
 *(SORT_BY_NAME(.fini_array.*))
 *(.fini_array)
 .fini_array    0x20000094        0x4 c:/program files (x86)/gnu tools arm embedded/7 2018-q2-update/bin/../lib/gcc/arm-none-eabi/7.3.1/thumb/v7e-m/crtbegin.o
                [!provide]                PROVIDE (__fini_array_end = .)
 *(.jcr*)
                0x20000098                . = ALIGN (0x4)
                0x20000098                __data_end__ = .

.igot.plt       0x20000098        0x0 load address 0x00002658
 .igot.plt      0x20000098        0x0 c:/program files (x86)/gnu tools arm embedded/7 2018-q2-update/bin/../lib/gcc/arm-none-eabi/7.3.1/thumb/v7e-m/crtbegin.o

.bss            0x20000098       0x60 load address 0x00002658
                0x20000098                . = ALIGN (0x4)
                0x20000098                __bss_start__ = .
 *(.bss*)
 .bss           0x20000098       0x1c c:/program files (x86)/gnu tools arm embedded/7 2018-q2-update/bin/../lib/gcc/arm-none-eabi/7.3.1/thumb/v7e-m/crtbegin.o
 .bss.gu8LockCanIf
                0x200000b4        0x2 ./Library/can.o
 *fill*         0x200000b6        0x2 
 .bss.__malloc_free_list
                0x200000b8        0x4 c:/program files (x86)/gnu tools arm embedded/7 2018-q2-update/bin/../lib/gcc/arm-none-eabi/7.3.1/../../../../arm-none-eabi/lib/thumb/v7e-m\libg_nano.a(lib_a-nano-mallocr.o)
                0x200000b8                __malloc_free_list
 .bss.__malloc_sbrk_start
                0x200000bc        0x4 c:/program files (x86)/gnu tools arm embedded/7 2018-q2-update/bin/../lib/gcc/arm-none-eabi/7.3.1/../../../../arm-none-eabi/lib/thumb/v7e-m\libg_nano.a(lib_a-nano-mallocr.o)
                0x200000bc                __malloc_sbrk_start
 .bss.heap_end.4102
                0x200000c0        0x4 c:/program files (x86)/gnu tools arm embedded/7 2018-q2-update/bin/../lib/gcc/arm-none-eabi/7.3.1/../../../../arm-none-eabi/lib/thumb/v7e-m\libnosys.a(sbrk.o)
 *(COMMON)
 COMMON         0x200000c4       0x30 ./User/main.o
                0x200000c4                rrMsg
                0x200000dc                tMsg
 COMMON         0x200000f4        0x4 ./CMSIS/GCC/_syscalls.o
                0x200000f4                errno
                0x200000f8                . = ALIGN (0x4)
                0x200000f8                __bss_end__ = .

.heap           0x200000f8      0x100
                0x200000f8                __HeapBase = .
                0x200000f8                __end__ = .
                0x200000f8                end = __end__
 *(.heap*)
 .heap          0x200000f8      0x100 ./CMSIS/GCC/startup_M451Series.o
                0x200001f8                __HeapLimit = .

.stack_dummy    0x200000f8      0x800
 *(.stack*)
 .stack         0x200000f8      0x800 ./CMSIS/GCC/startup_M451Series.o
                0x20008000                __StackTop = (ORIGIN (RAM) + LENGTH (RAM))
                0x20007800                __StackLimit = (__StackTop - SIZEOF (.stack_dummy))
                0x20008000                PROVIDE (__stack = __StackTop)
                0x00000001                ASSERT ((__StackLimit >= __HeapLimit), region RAM overflowed with stack)
OUTPUT(m453_canbus_rx.elf elf32-littlearm)

.ARM.attributes
                0x00000000       0x2a
 .ARM.attributes
                0x00000000       0x1e c:/program files (x86)/gnu tools arm embedded/7 2018-q2-update/bin/../lib/gcc/arm-none-eabi/7.3.1/thumb/v7e-m/crti.o
 .ARM.attributes
                0x0000001e       0x2e c:/program files (x86)/gnu tools arm embedded/7 2018-q2-update/bin/../lib/gcc/arm-none-eabi/7.3.1/thumb/v7e-m/crtbegin.o
 .ARM.attributes
                0x0000004c       0x1c c:/program files (x86)/gnu tools arm embedded/7 2018-q2-update/bin/../lib/gcc/arm-none-eabi/7.3.1/../../../../arm-none-eabi/lib/thumb/v7e-m/crt0.o
 .ARM.attributes
                0x00000068       0x33 ./User/main.o
 .ARM.attributes
                0x0000009b       0x33 ./Library/can.o
 .ARM.attributes
                0x000000ce       0x33 ./Library/clk.o
 .ARM.attributes
                0x00000101       0x33 ./Library/retarget.o
 .ARM.attributes
                0x00000134       0x33 ./Library/uart.o
 .ARM.attributes
                0x00000167       0x33 ./CMSIS/GCC/_syscalls.o
 .ARM.attributes
                0x0000019a       0x1b ./CMSIS/GCC/startup_M451Series.o
 .ARM.attributes
                0x000001b5       0x33 ./CMSIS/system_M451Series.o
 .ARM.attributes
                0x000001e8       0x1e c:/program files (x86)/gnu tools arm embedded/7 2018-q2-update/bin/../lib/gcc/arm-none-eabi/7.3.1/thumb/v7e-m\libgcc.a(_aeabi_uldivmod.o)
 .ARM.attributes
                0x00000206       0x2e c:/program files (x86)/gnu tools arm embedded/7 2018-q2-update/bin/../lib/gcc/arm-none-eabi/7.3.1/thumb/v7e-m\libgcc.a(_udivmoddi4.o)
 .ARM.attributes
                0x00000234       0x1e c:/program files (x86)/gnu tools arm embedded/7 2018-q2-update/bin/../lib/gcc/arm-none-eabi/7.3.1/thumb/v7e-m\libgcc.a(_dvmd_tls.o)
 .ARM.attributes
                0x00000252       0x2e c:/program files (x86)/gnu tools arm embedded/7 2018-q2-update/bin/../lib/gcc/arm-none-eabi/7.3.1/../../../../arm-none-eabi/lib/thumb/v7e-m\libg_nano.a(lib_a-errno.o)
 .ARM.attributes
                0x00000280       0x2e c:/program files (x86)/gnu tools arm embedded/7 2018-q2-update/bin/../lib/gcc/arm-none-eabi/7.3.1/../../../../arm-none-eabi/lib/thumb/v7e-m\libg_nano.a(lib_a-exit.o)
 .ARM.attributes
                0x000002ae       0x2e c:/program files (x86)/gnu tools arm embedded/7 2018-q2-update/bin/../lib/gcc/arm-none-eabi/7.3.1/../../../../arm-none-eabi/lib/thumb/v7e-m\libg_nano.a(lib_a-impure.o)
 .ARM.attributes
                0x000002dc       0x2e c:/program files (x86)/gnu tools arm embedded/7 2018-q2-update/bin/../lib/gcc/arm-none-eabi/7.3.1/../../../../arm-none-eabi/lib/thumb/v7e-m\libg_nano.a(lib_a-init.o)
 .ARM.attributes
                0x0000030a       0x2e c:/program files (x86)/gnu tools arm embedded/7 2018-q2-update/bin/../lib/gcc/arm-none-eabi/7.3.1/../../../../arm-none-eabi/lib/thumb/v7e-m\libg_nano.a(lib_a-memset.o)
 .ARM.attributes
                0x00000338       0x2e c:/program files (x86)/gnu tools arm embedded/7 2018-q2-update/bin/../lib/gcc/arm-none-eabi/7.3.1/../../../../arm-none-eabi/lib/thumb/v7e-m\libg_nano.a(lib_a-printf.o)
 .ARM.attributes
                0x00000366       0x2e c:/program files (x86)/gnu tools arm embedded/7 2018-q2-update/bin/../lib/gcc/arm-none-eabi/7.3.1/../../../../arm-none-eabi/lib/thumb/v7e-m\libg_nano.a(lib_a-puts.o)
 .ARM.attributes
                0x00000394       0x2e c:/program files (x86)/gnu tools arm embedded/7 2018-q2-update/bin/../lib/gcc/arm-none-eabi/7.3.1/../../../../arm-none-eabi/lib/thumb/v7e-m\libg_nano.a(lib_a-wbuf.o)
 .ARM.attributes
                0x000003c2       0x2e c:/program files (x86)/gnu tools arm embedded/7 2018-q2-update/bin/../lib/gcc/arm-none-eabi/7.3.1/../../../../arm-none-eabi/lib/thumb/v7e-m\libg_nano.a(lib_a-wsetup.o)
 .ARM.attributes
                0x000003f0       0x2e c:/program files (x86)/gnu tools arm embedded/7 2018-q2-update/bin/../lib/gcc/arm-none-eabi/7.3.1/../../../../arm-none-eabi/lib/thumb/v7e-m\libg_nano.a(lib_a-fflush.o)
 .ARM.attributes
                0x0000041e       0x2e c:/program files (x86)/gnu tools arm embedded/7 2018-q2-update/bin/../lib/gcc/arm-none-eabi/7.3.1/../../../../arm-none-eabi/lib/thumb/v7e-m\libg_nano.a(lib_a-findfp.o)
 .ARM.attributes
                0x0000044c       0x2e c:/program files (x86)/gnu tools arm embedded/7 2018-q2-update/bin/../lib/gcc/arm-none-eabi/7.3.1/../../../../arm-none-eabi/lib/thumb/v7e-m\libg_nano.a(lib_a-fwalk.o)
 .ARM.attributes
                0x0000047a       0x2e c:/program files (x86)/gnu tools arm embedded/7 2018-q2-update/bin/../lib/gcc/arm-none-eabi/7.3.1/../../../../arm-none-eabi/lib/thumb/v7e-m\libg_nano.a(lib_a-makebuf.o)
 .ARM.attributes
                0x000004a8       0x2e c:/program files (x86)/gnu tools arm embedded/7 2018-q2-update/bin/../lib/gcc/arm-none-eabi/7.3.1/../../../../arm-none-eabi/lib/thumb/v7e-m\libg_nano.a(lib_a-nano-freer.o)
 .ARM.attributes
                0x000004d6       0x2e c:/program files (x86)/gnu tools arm embedded/7 2018-q2-update/bin/../lib/gcc/arm-none-eabi/7.3.1/../../../../arm-none-eabi/lib/thumb/v7e-m\libg_nano.a(lib_a-nano-mallocr.o)
 .ARM.attributes
                0x00000504       0x2e c:/program files (x86)/gnu tools arm embedded/7 2018-q2-update/bin/../lib/gcc/arm-none-eabi/7.3.1/../../../../arm-none-eabi/lib/thumb/v7e-m\libg_nano.a(lib_a-nano-vfprintf.o)
 .ARM.attributes
                0x00000532       0x2e c:/program files (x86)/gnu tools arm embedded/7 2018-q2-update/bin/../lib/gcc/arm-none-eabi/7.3.1/../../../../arm-none-eabi/lib/thumb/v7e-m\libg_nano.a(lib_a-nano-vfprintf_i.o)
 .ARM.attributes
                0x00000560       0x2e c:/program files (x86)/gnu tools arm embedded/7 2018-q2-update/bin/../lib/gcc/arm-none-eabi/7.3.1/../../../../arm-none-eabi/lib/thumb/v7e-m\libg_nano.a(lib_a-sbrkr.o)
 .ARM.attributes
                0x0000058e       0x2e c:/program files (x86)/gnu tools arm embedded/7 2018-q2-update/bin/../lib/gcc/arm-none-eabi/7.3.1/../../../../arm-none-eabi/lib/thumb/v7e-m\libg_nano.a(lib_a-stdio.o)
 .ARM.attributes
                0x000005bc       0x2e c:/program files (x86)/gnu tools arm embedded/7 2018-q2-update/bin/../lib/gcc/arm-none-eabi/7.3.1/../../../../arm-none-eabi/lib/thumb/v7e-m\libg_nano.a(lib_a-writer.o)
 .ARM.attributes
                0x000005ea       0x2e c:/program files (x86)/gnu tools arm embedded/7 2018-q2-update/bin/../lib/gcc/arm-none-eabi/7.3.1/../../../../arm-none-eabi/lib/thumb/v7e-m\libg_nano.a(lib_a-closer.o)
 .ARM.attributes
                0x00000618       0x2e c:/program files (x86)/gnu tools arm embedded/7 2018-q2-update/bin/../lib/gcc/arm-none-eabi/7.3.1/../../../../arm-none-eabi/lib/thumb/v7e-m\libg_nano.a(lib_a-fstatr.o)
 .ARM.attributes
                0x00000646       0x2e c:/program files (x86)/gnu tools arm embedded/7 2018-q2-update/bin/../lib/gcc/arm-none-eabi/7.3.1/../../../../arm-none-eabi/lib/thumb/v7e-m\libg_nano.a(lib_a-isattyr.o)
 .ARM.attributes
                0x00000674       0x2e c:/program files (x86)/gnu tools arm embedded/7 2018-q2-update/bin/../lib/gcc/arm-none-eabi/7.3.1/../../../../arm-none-eabi/lib/thumb/v7e-m\libg_nano.a(lib_a-lseekr.o)
 .ARM.attributes
                0x000006a2       0x1c c:/program files (x86)/gnu tools arm embedded/7 2018-q2-update/bin/../lib/gcc/arm-none-eabi/7.3.1/../../../../arm-none-eabi/lib/thumb/v7e-m\libg_nano.a(lib_a-memchr.o)
 .ARM.attributes
                0x000006be       0x2e c:/program files (x86)/gnu tools arm embedded/7 2018-q2-update/bin/../lib/gcc/arm-none-eabi/7.3.1/../../../../arm-none-eabi/lib/thumb/v7e-m\libg_nano.a(lib_a-mlock.o)
 .ARM.attributes
                0x000006ec       0x2e c:/program files (x86)/gnu tools arm embedded/7 2018-q2-update/bin/../lib/gcc/arm-none-eabi/7.3.1/../../../../arm-none-eabi/lib/thumb/v7e-m\libg_nano.a(lib_a-readr.o)
 .ARM.attributes
                0x0000071a       0x2e c:/program files (x86)/gnu tools arm embedded/7 2018-q2-update/bin/../lib/gcc/arm-none-eabi/7.3.1/thumb/v7e-m/crtend.o
 .ARM.attributes
                0x00000748       0x1e c:/program files (x86)/gnu tools arm embedded/7 2018-q2-update/bin/../lib/gcc/arm-none-eabi/7.3.1/thumb/v7e-m/crtn.o
 .ARM.attributes
                0x00000766       0x2e c:/program files (x86)/gnu tools arm embedded/7 2018-q2-update/bin/../lib/gcc/arm-none-eabi/7.3.1/../../../../arm-none-eabi/lib/thumb/v7e-m\libnosys.a(sbrk.o)
 .ARM.attributes
                0x00000794       0x2e c:/program files (x86)/gnu tools arm embedded/7 2018-q2-update/bin/../lib/gcc/arm-none-eabi/7.3.1/../../../../arm-none-eabi/lib/thumb/v7e-m\libnosys.a(_exit.o)

.comment        0x00000000       0x7f
 .comment       0x00000000       0x7f ./User/main.o
                                 0x80 (size before relaxing)
 .comment       0x0000007f       0x80 ./Library/can.o
 .comment       0x0000007f       0x80 ./Library/clk.o
 .comment       0x0000007f       0x80 ./Library/retarget.o
 .comment       0x0000007f       0x80 ./Library/uart.o
 .comment       0x0000007f       0x80 ./CMSIS/GCC/_syscalls.o
 .comment       0x0000007f       0x80 ./CMSIS/system_M451Series.o

.debug_info     0x00000000     0x7242
 .debug_info    0x00000000     0x198f ./User/main.o
 .debug_info    0x0000198f     0x1150 ./Library/can.o
 .debug_info    0x00002adf      0xb5f ./Library/clk.o
 .debug_info    0x0000363e      0xde4 ./Library/retarget.o
 .debug_info    0x00004422     0x156b ./Library/uart.o
 .debug_info    0x0000598d     0x11bf ./CMSIS/GCC/_syscalls.o
 .debug_info    0x00006b4c       0x26 ./CMSIS/GCC/startup_M451Series.o
 .debug_info    0x00006b72      0x6d0 ./CMSIS/system_M451Series.o

.debug_abbrev   0x00000000     0x12c8
 .debug_abbrev  0x00000000      0x308 ./User/main.o
 .debug_abbrev  0x00000308      0x2c0 ./Library/can.o
 .debug_abbrev  0x000005c8      0x276 ./Library/clk.o
 .debug_abbrev  0x0000083e      0x2f9 ./Library/retarget.o
 .debug_abbrev  0x00000b37      0x360 ./Library/uart.o
 .debug_abbrev  0x00000e97      0x289 ./CMSIS/GCC/_syscalls.o
 .debug_abbrev  0x00001120       0x14 ./CMSIS/GCC/startup_M451Series.o
 .debug_abbrev  0x00001134      0x194 ./CMSIS/system_M451Series.o

.debug_loc      0x00000000     0x23e8
 .debug_loc     0x00000000       0x93 ./User/main.o
 .debug_loc     0x00000093      0xf67 ./Library/can.o
 .debug_loc     0x00000ffa      0x62a ./Library/clk.o
 .debug_loc     0x00001624      0x10d ./Library/retarget.o
 .debug_loc     0x00001731      0x6a0 ./Library/uart.o
 .debug_loc     0x00001dd1      0x549 ./CMSIS/GCC/_syscalls.o
 .debug_loc     0x0000231a       0xce ./CMSIS/system_M451Series.o

.debug_aranges  0x00000000      0x428
 .debug_aranges
                0x00000000       0x30 ./User/main.o
 .debug_aranges
                0x00000030      0x100 ./Library/can.o
 .debug_aranges
                0x00000130       0xd0 ./Library/clk.o
 .debug_aranges
                0x00000200       0x88 ./Library/retarget.o
 .debug_aranges
                0x00000288       0x88 ./Library/uart.o
 .debug_aranges
                0x00000310       0xd0 ./CMSIS/GCC/_syscalls.o
 .debug_aranges
                0x000003e0       0x20 ./CMSIS/GCC/startup_M451Series.o
 .debug_aranges
                0x00000400       0x28 ./CMSIS/system_M451Series.o

.debug_ranges   0x00000000      0x3b0
 .debug_ranges  0x00000000       0x20 ./User/main.o
 .debug_ranges  0x00000020       0xf0 ./Library/can.o
 .debug_ranges  0x00000110       0xd8 ./Library/clk.o
 .debug_ranges  0x000001e8       0x78 ./Library/retarget.o
 .debug_ranges  0x00000260       0x78 ./Library/uart.o
 .debug_ranges  0x000002d8       0xc0 ./CMSIS/GCC/_syscalls.o
 .debug_ranges  0x00000398       0x18 ./CMSIS/system_M451Series.o

.debug_line     0x00000000     0x1b04
 .debug_line    0x00000000      0x308 ./User/main.o
 .debug_line    0x00000308      0x571 ./Library/can.o
 .debug_line    0x00000879      0x432 ./Library/clk.o
 .debug_line    0x00000cab      0x3ba ./Library/retarget.o
 .debug_line    0x00001065      0x415 ./Library/uart.o
 .debug_line    0x0000147a      0x3e3 ./CMSIS/GCC/_syscalls.o
 .debug_line    0x0000185d       0x85 ./CMSIS/GCC/startup_M451Series.o
 .debug_line    0x000018e2      0x222 ./CMSIS/system_M451Series.o

.debug_str      0x00000000     0x196f
 .debug_str     0x00000000      0xd5c ./User/main.o
                                0xe1d (size before relaxing)
 .debug_str     0x00000d5c      0x35b ./Library/can.o
                                0x74b (size before relaxing)
 .debug_str     0x000010b7      0x2be ./Library/clk.o
                                0x677 (size before relaxing)
 .debug_str     0x00001375       0xed ./Library/retarget.o
                                0x7cc (size before relaxing)
 .debug_str     0x00001462      0x1e0 ./Library/uart.o
                                0xd11 (size before relaxing)
 .debug_str     0x00001642      0x2b3 ./CMSIS/GCC/_syscalls.o
                                0x8c4 (size before relaxing)
 .debug_str     0x000018f5       0x30 ./CMSIS/GCC/startup_M451Series.o
                                 0x7b (size before relaxing)
 .debug_str     0x00001925       0x4a ./CMSIS/system_M451Series.o
                                0x526 (size before relaxing)

.debug_frame    0x00000000     0x1208
 .debug_frame   0x00000000       0x5c ./User/main.o
 .debug_frame   0x0000005c      0x2f0 ./Library/can.o
 .debug_frame   0x0000034c      0x200 ./Library/clk.o
 .debug_frame   0x0000054c      0x120 ./Library/retarget.o
 .debug_frame   0x0000066c      0x158 ./Library/uart.o
 .debug_frame   0x000007c4      0x230 ./CMSIS/GCC/_syscalls.o
 .debug_frame   0x000009f4       0x38 ./CMSIS/system_M451Series.o
 .debug_frame   0x00000a2c       0x2c c:/program files (x86)/gnu tools arm embedded/7 2018-q2-update/bin/../lib/gcc/arm-none-eabi/7.3.1/thumb/v7e-m\libgcc.a(_aeabi_uldivmod.o)
 .debug_frame   0x00000a58       0x34 c:/program files (x86)/gnu tools arm embedded/7 2018-q2-update/bin/../lib/gcc/arm-none-eabi/7.3.1/thumb/v7e-m\libgcc.a(_udivmoddi4.o)
 .debug_frame   0x00000a8c       0x20 c:/program files (x86)/gnu tools arm embedded/7 2018-q2-update/bin/../lib/gcc/arm-none-eabi/7.3.1/../../../../arm-none-eabi/lib/thumb/v7e-m\libg_nano.a(lib_a-errno.o)
 .debug_frame   0x00000aac       0x28 c:/program files (x86)/gnu tools arm embedded/7 2018-q2-update/bin/../lib/gcc/arm-none-eabi/7.3.1/../../../../arm-none-eabi/lib/thumb/v7e-m\libg_nano.a(lib_a-exit.o)
 .debug_frame   0x00000ad4       0x2c c:/program files (x86)/gnu tools arm embedded/7 2018-q2-update/bin/../lib/gcc/arm-none-eabi/7.3.1/../../../../arm-none-eabi/lib/thumb/v7e-m\libg_nano.a(lib_a-init.o)
 .debug_frame   0x00000b00       0x20 c:/program files (x86)/gnu tools arm embedded/7 2018-q2-update/bin/../lib/gcc/arm-none-eabi/7.3.1/../../../../arm-none-eabi/lib/thumb/v7e-m\libg_nano.a(lib_a-memset.o)
 .debug_frame   0x00000b20       0x74 c:/program files (x86)/gnu tools arm embedded/7 2018-q2-update/bin/../lib/gcc/arm-none-eabi/7.3.1/../../../../arm-none-eabi/lib/thumb/v7e-m\libg_nano.a(lib_a-printf.o)
 .debug_frame   0x00000b94       0x3c c:/program files (x86)/gnu tools arm embedded/7 2018-q2-update/bin/../lib/gcc/arm-none-eabi/7.3.1/../../../../arm-none-eabi/lib/thumb/v7e-m\libg_nano.a(lib_a-puts.o)
 .debug_frame   0x00000bd0       0x40 c:/program files (x86)/gnu tools arm embedded/7 2018-q2-update/bin/../lib/gcc/arm-none-eabi/7.3.1/../../../../arm-none-eabi/lib/thumb/v7e-m\libg_nano.a(lib_a-wbuf.o)
 .debug_frame   0x00000c10       0x2c c:/program files (x86)/gnu tools arm embedded/7 2018-q2-update/bin/../lib/gcc/arm-none-eabi/7.3.1/../../../../arm-none-eabi/lib/thumb/v7e-m\libg_nano.a(lib_a-wsetup.o)
 .debug_frame   0x00000c3c       0x68 c:/program files (x86)/gnu tools arm embedded/7 2018-q2-update/bin/../lib/gcc/arm-none-eabi/7.3.1/../../../../arm-none-eabi/lib/thumb/v7e-m\libg_nano.a(lib_a-fflush.o)
 .debug_frame   0x00000ca4      0x11c c:/program files (x86)/gnu tools arm embedded/7 2018-q2-update/bin/../lib/gcc/arm-none-eabi/7.3.1/../../../../arm-none-eabi/lib/thumb/v7e-m\libg_nano.a(lib_a-findfp.o)
 .debug_frame   0x00000dc0       0x54 c:/program files (x86)/gnu tools arm embedded/7 2018-q2-update/bin/../lib/gcc/arm-none-eabi/7.3.1/../../../../arm-none-eabi/lib/thumb/v7e-m\libg_nano.a(lib_a-fwalk.o)
 .debug_frame   0x00000e14       0x58 c:/program files (x86)/gnu tools arm embedded/7 2018-q2-update/bin/../lib/gcc/arm-none-eabi/7.3.1/../../../../arm-none-eabi/lib/thumb/v7e-m\libg_nano.a(lib_a-makebuf.o)
 .debug_frame   0x00000e6c       0x38 c:/program files (x86)/gnu tools arm embedded/7 2018-q2-update/bin/../lib/gcc/arm-none-eabi/7.3.1/../../../../arm-none-eabi/lib/thumb/v7e-m\libg_nano.a(lib_a-nano-freer.o)
 .debug_frame   0x00000ea4       0x2c c:/program files (x86)/gnu tools arm embedded/7 2018-q2-update/bin/../lib/gcc/arm-none-eabi/7.3.1/../../../../arm-none-eabi/lib/thumb/v7e-m\libg_nano.a(lib_a-nano-mallocr.o)
 .debug_frame   0x00000ed0       0xac c:/program files (x86)/gnu tools arm embedded/7 2018-q2-update/bin/../lib/gcc/arm-none-eabi/7.3.1/../../../../arm-none-eabi/lib/thumb/v7e-m\libg_nano.a(lib_a-nano-vfprintf.o)
 .debug_frame   0x00000f7c       0x60 c:/program files (x86)/gnu tools arm embedded/7 2018-q2-update/bin/../lib/gcc/arm-none-eabi/7.3.1/../../../../arm-none-eabi/lib/thumb/v7e-m\libg_nano.a(lib_a-nano-vfprintf_i.o)
 .debug_frame   0x00000fdc       0x2c c:/program files (x86)/gnu tools arm embedded/7 2018-q2-update/bin/../lib/gcc/arm-none-eabi/7.3.1/../../../../arm-none-eabi/lib/thumb/v7e-m\libg_nano.a(lib_a-sbrkr.o)
 .debug_frame   0x00001008       0x88 c:/program files (x86)/gnu tools arm embedded/7 2018-q2-update/bin/../lib/gcc/arm-none-eabi/7.3.1/../../../../arm-none-eabi/lib/thumb/v7e-m\libg_nano.a(lib_a-stdio.o)
 .debug_frame   0x00001090       0x2c c:/program files (x86)/gnu tools arm embedded/7 2018-q2-update/bin/../lib/gcc/arm-none-eabi/7.3.1/../../../../arm-none-eabi/lib/thumb/v7e-m\libg_nano.a(lib_a-writer.o)
 .debug_frame   0x000010bc       0x2c c:/program files (x86)/gnu tools arm embedded/7 2018-q2-update/bin/../lib/gcc/arm-none-eabi/7.3.1/../../../../arm-none-eabi/lib/thumb/v7e-m\libg_nano.a(lib_a-closer.o)
 .debug_frame   0x000010e8       0x2c c:/program files (x86)/gnu tools arm embedded/7 2018-q2-update/bin/../lib/gcc/arm-none-eabi/7.3.1/../../../../arm-none-eabi/lib/thumb/v7e-m\libg_nano.a(lib_a-fstatr.o)
 .debug_frame   0x00001114       0x2c c:/program files (x86)/gnu tools arm embedded/7 2018-q2-update/bin/../lib/gcc/arm-none-eabi/7.3.1/../../../../arm-none-eabi/lib/thumb/v7e-m\libg_nano.a(lib_a-isattyr.o)
 .debug_frame   0x00001140       0x2c c:/program files (x86)/gnu tools arm embedded/7 2018-q2-update/bin/../lib/gcc/arm-none-eabi/7.3.1/../../../../arm-none-eabi/lib/thumb/v7e-m\libg_nano.a(lib_a-lseekr.o)
 .debug_frame   0x0000116c       0x30 c:/program files (x86)/gnu tools arm embedded/7 2018-q2-update/bin/../lib/gcc/arm-none-eabi/7.3.1/../../../../arm-none-eabi/lib/thumb/v7e-m\libg_nano.a(lib_a-mlock.o)
 .debug_frame   0x0000119c       0x2c c:/program files (x86)/gnu tools arm embedded/7 2018-q2-update/bin/../lib/gcc/arm-none-eabi/7.3.1/../../../../arm-none-eabi/lib/thumb/v7e-m\libg_nano.a(lib_a-readr.o)
 .debug_frame   0x000011c8       0x20 c:/program files (x86)/gnu tools arm embedded/7 2018-q2-update/bin/../lib/gcc/arm-none-eabi/7.3.1/../../../../arm-none-eabi/lib/thumb/v7e-m\libnosys.a(sbrk.o)
 .debug_frame   0x000011e8       0x20 c:/program files (x86)/gnu tools arm embedded/7 2018-q2-update/bin/../lib/gcc/arm-none-eabi/7.3.1/../../../../arm-none-eabi/lib/thumb/v7e-m\libnosys.a(_exit.o)
