Archive member included to satisfy reference by file (symbol)

c:/program files (x86)/gnu tools arm embedded/6 2017-q1-update/bin/../lib/gcc/arm-none-eabi/6.3.1/thumb/v7e-m\libgcc.a(_aeabi_uldivmod.o)
                              ./Library/can.o (__aeabi_uldivmod)
c:/program files (x86)/gnu tools arm embedded/6 2017-q1-update/bin/../lib/gcc/arm-none-eabi/6.3.1/thumb/v7e-m\libgcc.a(_udivmoddi4.o)
                              c:/program files (x86)/gnu tools arm embedded/6 2017-q1-update/bin/../lib/gcc/arm-none-eabi/6.3.1/thumb/v7e-m\libgcc.a(_aeabi_uldivmod.o) (__udivmoddi4)
c:/program files (x86)/gnu tools arm embedded/6 2017-q1-update/bin/../lib/gcc/arm-none-eabi/6.3.1/thumb/v7e-m\libgcc.a(_dvmd_tls.o)
                              c:/program files (x86)/gnu tools arm embedded/6 2017-q1-update/bin/../lib/gcc/arm-none-eabi/6.3.1/thumb/v7e-m\libgcc.a(_aeabi_uldivmod.o) (__aeabi_ldiv0)
c:/program files (x86)/gnu tools arm embedded/6 2017-q1-update/bin/../lib/gcc/arm-none-eabi/6.3.1/../../../../arm-none-eabi/lib/thumb/v7e-m\libg_nano.a(lib_a-errno.o)
                              ./CMSIS/GCC/_syscalls.o (__errno)
c:/program files (x86)/gnu tools arm embedded/6 2017-q1-update/bin/../lib/gcc/arm-none-eabi/6.3.1/../../../../arm-none-eabi/lib/thumb/v7e-m\libg_nano.a(lib_a-exit.o)
                              c:/program files (x86)/gnu tools arm embedded/6 2017-q1-update/bin/../lib/gcc/arm-none-eabi/6.3.1/../../../../arm-none-eabi/lib/thumb/v7e-m/crt0.o (exit)
c:/program files (x86)/gnu tools arm embedded/6 2017-q1-update/bin/../lib/gcc/arm-none-eabi/6.3.1/../../../../arm-none-eabi/lib/thumb/v7e-m\libg_nano.a(lib_a-impure.o)
                              c:/program files (x86)/gnu tools arm embedded/6 2017-q1-update/bin/../lib/gcc/arm-none-eabi/6.3.1/../../../../arm-none-eabi/lib/thumb/v7e-m\libg_nano.a(lib_a-exit.o) (_global_impure_ptr)
c:/program files (x86)/gnu tools arm embedded/6 2017-q1-update/bin/../lib/gcc/arm-none-eabi/6.3.1/../../../../arm-none-eabi/lib/thumb/v7e-m\libg_nano.a(lib_a-init.o)
                              c:/program files (x86)/gnu tools arm embedded/6 2017-q1-update/bin/../lib/gcc/arm-none-eabi/6.3.1/../../../../arm-none-eabi/lib/thumb/v7e-m/crt0.o (__libc_init_array)
c:/program files (x86)/gnu tools arm embedded/6 2017-q1-update/bin/../lib/gcc/arm-none-eabi/6.3.1/../../../../arm-none-eabi/lib/thumb/v7e-m\libg_nano.a(lib_a-memset.o)
                              c:/program files (x86)/gnu tools arm embedded/6 2017-q1-update/bin/../lib/gcc/arm-none-eabi/6.3.1/../../../../arm-none-eabi/lib/thumb/v7e-m/crt0.o (memset)
c:/program files (x86)/gnu tools arm embedded/6 2017-q1-update/bin/../lib/gcc/arm-none-eabi/6.3.1/../../../../arm-none-eabi/lib/thumb/v7e-m\libg_nano.a(lib_a-printf.o)
                              ./Library/retarget.o (printf)
c:/program files (x86)/gnu tools arm embedded/6 2017-q1-update/bin/../lib/gcc/arm-none-eabi/6.3.1/../../../../arm-none-eabi/lib/thumb/v7e-m\libg_nano.a(lib_a-puts.o)
                              ./Library/retarget.o (puts)
c:/program files (x86)/gnu tools arm embedded/6 2017-q1-update/bin/../lib/gcc/arm-none-eabi/6.3.1/../../../../arm-none-eabi/lib/thumb/v7e-m\libg_nano.a(lib_a-wbuf.o)
                              c:/program files (x86)/gnu tools arm embedded/6 2017-q1-update/bin/../lib/gcc/arm-none-eabi/6.3.1/../../../../arm-none-eabi/lib/thumb/v7e-m\libg_nano.a(lib_a-puts.o) (__swbuf_r)
c:/program files (x86)/gnu tools arm embedded/6 2017-q1-update/bin/../lib/gcc/arm-none-eabi/6.3.1/../../../../arm-none-eabi/lib/thumb/v7e-m\libg_nano.a(lib_a-wsetup.o)
                              c:/program files (x86)/gnu tools arm embedded/6 2017-q1-update/bin/../lib/gcc/arm-none-eabi/6.3.1/../../../../arm-none-eabi/lib/thumb/v7e-m\libg_nano.a(lib_a-puts.o) (__swsetup_r)
c:/program files (x86)/gnu tools arm embedded/6 2017-q1-update/bin/../lib/gcc/arm-none-eabi/6.3.1/../../../../arm-none-eabi/lib/thumb/v7e-m\libg_nano.a(lib_a-fflush.o)
                              c:/program files (x86)/gnu tools arm embedded/6 2017-q1-update/bin/../lib/gcc/arm-none-eabi/6.3.1/../../../../arm-none-eabi/lib/thumb/v7e-m\libg_nano.a(lib_a-wbuf.o) (_fflush_r)
c:/program files (x86)/gnu tools arm embedded/6 2017-q1-update/bin/../lib/gcc/arm-none-eabi/6.3.1/../../../../arm-none-eabi/lib/thumb/v7e-m\libg_nano.a(lib_a-findfp.o)
                              c:/program files (x86)/gnu tools arm embedded/6 2017-q1-update/bin/../lib/gcc/arm-none-eabi/6.3.1/../../../../arm-none-eabi/lib/thumb/v7e-m\libg_nano.a(lib_a-printf.o) (__sinit)
c:/program files (x86)/gnu tools arm embedded/6 2017-q1-update/bin/../lib/gcc/arm-none-eabi/6.3.1/../../../../arm-none-eabi/lib/thumb/v7e-m\libg_nano.a(lib_a-fwalk.o)
                              c:/program files (x86)/gnu tools arm embedded/6 2017-q1-update/bin/../lib/gcc/arm-none-eabi/6.3.1/../../../../arm-none-eabi/lib/thumb/v7e-m\libg_nano.a(lib_a-findfp.o) (_fwalk)
[...]
Memory Configuration

Name             Origin             Length             Attributes
FLASH            0x00000000         0x00040000         xr
RAM              0x20000000         0x00008000         xrw
*default*        0x00000000         0xffffffff

Linker script and memory map

LOAD c:/program files (x86)/gnu tools arm embedded/6 2017-q1-update/bin/../lib/gcc/arm-none-eabi/6.3.1/thumb/v7e-m/crti.o
LOAD c:/program files (x86)/gnu tools arm embedded/6 2017-q1-update/bin/../lib/gcc/arm-none-eabi/6.3.1/thumb/v7e-m/crtbegin.o
LOAD c:/program files (x86)/gnu tools arm embedded/6 2017-q1-update/bin/../lib/gcc/arm-none-eabi/6.3.1/../../../../arm-none-eabi/lib/thumb/v7e-m/crt0.o
LOAD ./User/main.o
LOAD ./Library/can.o
LOAD ./Library/clk.o
LOAD ./Library/retarget.o
LOAD ./Library/sys.o
LOAD ./Library/uart.o
LOAD ./CMSIS/GCC/_syscalls.o
LOAD ./CMSIS/GCC/startup_M451Series.o
LOAD ./CMSIS/system_M451Series.o
START GROUP
LOAD c:/program files (x86)/gnu tools arm embedded/6 2017-q1-update/bin/../lib/gcc/arm-none-eabi/6.3.1/thumb/v7e-m\libgcc.a
LOAD c:/program files (x86)/gnu tools arm embedded/6 2017-q1-update/bin/../lib/gcc/arm-none-eabi/6.3.1/../../../../arm-none-eabi/lib/thumb/v7e-m\libg_nano.a
LOAD c:/program files (x86)/gnu tools arm embedded/6 2017-q1-update/bin/../lib/gcc/arm-none-eabi/6.3.1/../../../../arm-none-eabi/lib/thumb/v7e-m\libc_nano.a
END GROUP
START GROUP
LOAD c:/program files (x86)/gnu tools arm embedded/6 2017-q1-update/bin/../lib/gcc/arm-none-eabi/6.3.1/thumb/v7e-m\libgcc.a
LOAD c:/program files (x86)/gnu tools arm embedded/6 2017-q1-update/bin/../lib/gcc/arm-none-eabi/6.3.1/../../../../arm-none-eabi/lib/thumb/v7e-m\libc_nano.a
END GROUP
LOAD c:/program files (x86)/gnu tools arm embedded/6 2017-q1-update/bin/../lib/gcc/arm-none-eabi/6.3.1/thumb/v7e-m/crtend.o
LOAD c:/program files (x86)/gnu tools arm embedded/6 2017-q1-update/bin/../lib/gcc/arm-none-eabi/6.3.1/thumb/v7e-m/crtn.o
START GROUP
LOAD c:/program files (x86)/gnu tools arm embedded/6 2017-q1-update/bin/../lib/gcc/arm-none-eabi/6.3.1/thumb/v7e-m\libgcc.a
LOAD c:/program files (x86)/gnu tools arm embedded/6 2017-q1-update/bin/../lib/gcc/arm-none-eabi/6.3.1/../../../../arm-none-eabi/lib/thumb/v7e-m\libc.a
LOAD c:/program files (x86)/gnu tools arm embedded/6 2017-q1-update/bin/../lib/gcc/arm-none-eabi/6.3.1/../../../../arm-none-eabi/lib/thumb/v7e-m\libm.a
LOAD c:/program files (x86)/gnu tools arm embedded/6 2017-q1-update/bin/../lib/gcc/arm-none-eabi/6.3.1/../../../../arm-none-eabi/lib/thumb/v7e-m\libnosys.a
END GROUP

.text           0x00000000     0x2778
 *(.vectors)
 .vectors       0x00000000      0x140 ./CMSIS/GCC/startup_M451Series.o
                0x00000000                __Vectors
                0x00000140                __Vectors_End = .
                0x00000140                __Vectors_Size = (__Vectors_End - __Vectors)
                0x00000140                __end__ = .
 *(.text*)
 .text          0x00000140       0x6c c:/program files (x86)/gnu tools arm embedded/6 2017-q1-update/bin/../lib/gcc/arm-none-eabi/6.3.1/thumb/v7e-m/crtbegin.o
 .text          0x000001ac       0x74 c:/program files (x86)/gnu tools arm embedded/6 2017-q1-update/bin/../lib/gcc/arm-none-eabi/6.3.1/../../../../arm-none-eabi/lib/thumb/v7e-m/crt0.o
                0x000001ac                _start
                0x000001ac                _mainCRTStartup
 .text.CAN0_IRQHandler
                0x00000220      0x178 ./User/main.o
                0x00000220                CAN0_IRQHandler
 .text.SYS_Init
                0x00000398       0x78 ./User/main.o
                0x00000398                SYS_Init
 .text.main     0x00000410       0xcc ./User/main.o
                0x00000410                main
 .text.can_update_spt
                0x000004dc       0x50 ./Library/can.o
 .text.LockIF   0x0000052c       0x58 ./Library/can.o
 .text.LockIF_TL
                0x00000584       0x20 ./Library/can.o
 .text.ReleaseIF
                0x000005a4       0x2c ./Library/can.o
 .text.CAN_EnterInitMode
                0x000005d0        0x8 ./Library/can.o
                0x000005d0                CAN_EnterInitMode
 .text.CAN_LeaveInitMode
                0x000005d8       0x12 ./Library/can.o
                0x000005d8                CAN_LeaveInitMode
 .text.CAN_EnterTestMode
                0x000005ea        0xc ./Library/can.o
                0x000005ea                CAN_EnterTestMode
 .text.CAN_IsNewDataReceived
                0x000005f6       0x22 ./Library/can.o
                0x000005f6                CAN_IsNewDataReceived
 .text.CAN_BasicSendMsg
                0x00000618       0xc4 ./Library/can.o
                0x00000618                CAN_BasicSendMsg
 .text.CAN_BasicReceiveMsg
                0x000006dc       0xa8 ./Library/can.o
                0x000006dc                CAN_BasicReceiveMsg
 .text.CAN_ReadMsgObj
                0x00000784       0xf0 ./Library/can.o
                0x00000784                CAN_ReadMsgObj
 .text.CAN_SetBaudRate
                0x00000874      0x154 ./Library/can.o
                0x00000874                CAN_SetBaudRate
 .text.CAN_Open
                0x000009c8       0x1e ./Library/can.o
                0x000009c8                CAN_Open
 .text.CAN_SetTxMsg
                0x000009e6       0xd4 ./Library/can.o
                0x000009e6                CAN_SetTxMsg
 .text.CAN_TriggerTxMsg
                0x00000aba       0x5e ./Library/can.o
                0x00000aba                CAN_TriggerTxMsg
 .text.CAN_EnableInt
                0x00000b18       0x10 ./Library/can.o
                0x00000b18                CAN_EnableInt
 .text.CAN_Transmit
                0x00000b28       0x3c ./Library/can.o
                0x00000b28                CAN_Transmit
 .text.CAN_Receive
                0x00000b64       0x26 ./Library/can.o
                0x00000b64                CAN_Receive
 .text.CAN_CLR_INT_PENDING_BIT
                0x00000b8a       0x2c ./Library/can.o
                0x00000b8a                CAN_CLR_INT_PENDING_BIT
 *fill*         0x00000bb6        0x2 
 .text.CLK_GetPCLK0Freq
                0x00000bb8       0x28 ./Library/clk.o
                0x00000bb8                CLK_GetPCLK0Freq
 .text.CLK_SetModuleClock
                0x00000be0       0x4c ./Library/clk.o
                0x00000be0                CLK_SetModuleClock
 .text.CLK_EnableXtalRC
                0x00000c2c       0x10 ./Library/clk.o
                0x00000c2c                CLK_EnableXtalRC
 .text.CLK_EnableModuleClock
                0x00000c3c       0x1c ./Library/clk.o
                0x00000c3c                CLK_EnableModuleClock
 .text.CLK_DisablePLL
                0x00000c58       0x10 ./Library/clk.o
                0x00000c58                CLK_DisablePLL
 .text.CLK_WaitClockReady
                0x00000c68       0x28 ./Library/clk.o
                0x00000c68                CLK_WaitClockReady
 .text.CLK_SetHCLK
                0x00000c90       0x4c ./Library/clk.o
                0x00000c90                CLK_SetHCLK
 .text.CLK_EnablePLL
                0x00000cdc      0x1a4 ./Library/clk.o
                0x00000cdc                CLK_EnablePLL
 .text.CLK_SetCoreClock
                0x00000e80       0x8c ./Library/clk.o
                0x00000e80                CLK_SetCoreClock
 .text.stackDump
                0x00000f0c       0x68 ./Library/retarget.o
 .text.Hard_Fault_Handler
                0x00000f74       0x18 ./Library/retarget.o
                0x00000f74                Hard_Fault_Handler
 .text.Get_LR_and_Branch
                0x00000f8c        0x8 ./Library/retarget.o
                0x00000f8c                Get_LR_and_Branch
 .text.Stack_Use_MSP
                0x00000f94        0xa ./Library/retarget.o
                0x00000f94                Stack_Use_MSP
 .text.HardFault_Handler
                0x00000f9e       0x14 ./Library/retarget.o
                0x00000f9e                HardFault_Handler
 *fill*         0x00000fb2        0x2 
 .text.UART_Open
                0x00000fb4       0xe0 ./Library/uart.o
                0x00000fb4                UART_Open
 .text.UART_Write
                0x00001094       0x2a ./Library/uart.o
                0x00001094                UART_Write
 .text._close   0x000010be       0x10 ./CMSIS/GCC/_syscalls.o
                0x000010be                _close
 .text._fstat   0x000010ce       0x10 ./CMSIS/GCC/_syscalls.o
                0x000010ce                _fstat
 .text._isatty  0x000010de        0xe ./CMSIS/GCC/_syscalls.o
                0x000010de                _isatty
 .text._lseek   0x000010ec       0x10 ./CMSIS/GCC/_syscalls.o
                0x000010ec                _lseek
 .text._read    0x000010fc       0x10 ./CMSIS/GCC/_syscalls.o
                0x000010fc                _read
 .text._write   0x0000110c       0x10 ./CMSIS/GCC/_syscalls.o
                0x0000110c                _write
 .text          0x0000111c       0x68 ./CMSIS/GCC/startup_M451Series.o
                0x0000111c                Reset_Handler
                0x00001180                ADC00_IRQHandler
                0x00001180                DebugMon_Handler
                0x00001180                CLKFAIL_IRQHandler
                0x00001180                ADC02_IRQHandler
                0x00001180                ACMP01_IRQHandler
                0x00001180                I2C0_IRQHandler
                0x00001180                SC0_IRQHandler
                0x00001180                SysTick_Handler
                0x00001180                PendSV_Handler
                0x00001180                NMI_Handler
                0x00001180                I2C1_IRQHandler
                0x00001180                EINT2_IRQHandler
                0x00001180                UART1_IRQHandler
                0x00001180                EINT3_IRQHandler
                0x00001180                UART0_IRQHandler
                0x00001180                PWM0P0_IRQHandler
                0x00001180                BRAKE1_IRQHandler
                0x00001180                GPE_IRQHandler
                0x00001180                USBD_IRQHandler
                0x00001180                UsageFault_Handler
                0x00001180                GPB_IRQHandler
                0x00001180                SPI1_IRQHandler
                0x00001180                TAMPER_IRQHandler
                0x00001180                TMR0_IRQHandler
                0x00001180                PWM0P2_IRQHandler
                0x00001180                GPA_IRQHandler
                0x00001180                IRC_IRQHandler
                0x00001180                RTC_IRQHandler
                0x00001180                PWRWU_IRQHandler
                0x00001180                BRAKE0_IRQHandler
                0x00001180                PWM1P1_IRQHandler
                0x00001180                EINT1_IRQHandler
                0x00001180                UART2_IRQHandler
                0x00001180                GPC_IRQHandler
                0x00001180                Default_Handler
                0x00001180                TMR2_IRQHandler
                0x00001180                BOD_IRQHandler
                0x00001180                PWM1P2_IRQHandler
                0x00001180                SPI2_IRQHandler
                0x00001180                MemManage_Handler
                0x00001180                WDT_IRQHandler
                0x00001180                SVC_Handler
                0x00001180                ADC01_IRQHandler
                0x00001180                USBOTG_IRQHandler
                0x00001180                EINT4_IRQHandler
                0x00001180                PDMA_IRQHandler
                0x00001180                TK_IRQHandler
                0x00001180                RAMPE_IRQHandler
                0x00001180                EINT0_IRQHandler
                0x00001180                EINT5_IRQHandler
                0x00001180                TMR3_IRQHandler
                0x00001180                DAC_IRQHandler
                0x00001180                SPI0_IRQHandler
                0x00001180                GPD_IRQHandler
                0x00001180                PWM0P1_IRQHandler
                0x00001180                PWM1P0_IRQHandler
                0x00001180                GPF_IRQHandler
                0x00001180                BusFault_Handler
                0x00001180                UART3_IRQHandler
                0x00001180                TMR1_IRQHandler
                0x00001180                ADC03_IRQHandler
                0x00001180                WWDT_IRQHandler
                0x00001180                USBH_IRQHandler
 .text.SystemCoreClockUpdate
                0x00001184       0xb4 ./CMSIS/system_M451Series.o
                0x00001184                SystemCoreClockUpdate
 .text.SystemInit
                0x00001238       0x58 ./CMSIS/system_M451Series.o
                0x00001238                SystemInit
 .text          0x00001290       0x30 c:/program files (x86)/gnu tools arm embedded/6 2017-q1-update/bin/../lib/gcc/arm-none-eabi/6.3.1/thumb/v7e-m\libgcc.a(_aeabi_uldivmod.o)
                0x00001290                __aeabi_uldivmod
 .text          0x000012c0      0x2dc c:/program files (x86)/gnu tools arm embedded/6 2017-q1-update/bin/../lib/gcc/arm-none-eabi/6.3.1/thumb/v7e-m\libgcc.a(_udivmoddi4.o)
                0x000012c0                __udivmoddi4
 .text          0x0000159c        0x4 c:/program files (x86)/gnu tools arm embedded/6 2017-q1-update/bin/../lib/gcc/arm-none-eabi/6.3.1/thumb/v7e-m\libgcc.a(_dvmd_tls.o)
                0x0000159c                __aeabi_idiv0
                0x0000159c                __aeabi_ldiv0
 .text.__errno  0x000015a0        0xc c:/program files (x86)/gnu tools arm embedded/6 2017-q1-update/bin/../lib/gcc/arm-none-eabi/6.3.1/../../../../arm-none-eabi/lib/thumb/v7e-m\libg_nano.a(lib_a-errno.o)
                0x000015a0                __errno
 .text.exit     0x000015ac       0x28 c:/program files (x86)/gnu tools arm embedded/6 2017-q1-update/bin/../lib/gcc/arm-none-eabi/6.3.1/../../../../arm-none-eabi/lib/thumb/v7e-m\libg_nano.a(lib_a-exit.o)
                0x000015ac                exit
 .text.__libc_init_array
                0x000015d4       0x48 c:/program files (x86)/gnu tools arm embedded/6 2017-q1-update/bin/../lib/gcc/arm-none-eabi/6.3.1/../../../../arm-none-eabi/lib/thumb/v7e-m\libg_nano.a(lib_a-init.o)
                0x000015d4                __libc_init_array
 .text.memset   0x0000161c       0x10 c:/program files (x86)/gnu tools arm embedded/6 2017-q1-update/bin/../lib/gcc/arm-none-eabi/6.3.1/../../../../arm-none-eabi/lib/thumb/v7e-m\libg_nano.a(lib_a-memset.o)
                0x0000161c                memset
 .text.printf   0x0000162c       0x30 c:/program files (x86)/gnu tools arm embedded/6 2017-q1-update/bin/../lib/gcc/arm-none-eabi/6.3.1/../../../../arm-none-eabi/lib/thumb/v7e-m\libg_nano.a(lib_a-printf.o)
                0x0000162c                iprintf
                0x0000162c                printf
 .text._puts_r  0x0000165c       0xb8 c:/program files (x86)/gnu tools arm embedded/6 2017-q1-update/bin/../lib/gcc/arm-none-eabi/6.3.1/../../../../arm-none-eabi/lib/thumb/v7e-m\libg_nano.a(lib_a-puts.o)
                0x0000165c                _puts_r
 .text.puts     0x00001714       0x10 c:/program files (x86)/gnu tools arm embedded/6 2017-q1-update/bin/../lib/gcc/arm-none-eabi/6.3.1/../../../../arm-none-eabi/lib/thumb/v7e-m\libg_nano.a(lib_a-puts.o)
                0x00001714                puts
 .text.__swbuf_r
                0x00001724       0xa4 c:/program files (x86)/gnu tools arm embedded/6 2017-q1-update/bin/../lib/gcc/arm-none-eabi/6.3.1/../../../../arm-none-eabi/lib/thumb/v7e-m\libg_nano.a(lib_a-wbuf.o)
                0x00001724                __swbuf_r
 .text.__swsetup_r
                0x000017c8       0xdc c:/program files (x86)/gnu tools arm embedded/6 2017-q1-update/bin/../lib/gcc/arm-none-eabi/6.3.1/../../../../arm-none-eabi/lib/thumb/v7e-m\libg_nano.a(lib_a-wsetup.o)
                0x000017c8                __swsetup_r
 .text.__sflush_r
                0x000018a4      0x110 c:/program files (x86)/gnu tools arm embedded/6 2017-q1-update/bin/../lib/gcc/arm-none-eabi/6.3.1/../../../../arm-none-eabi/lib/thumb/v7e-m\libg_nano.a(lib_a-fflush.o)
                0x000018a4                __sflush_r
 .text._fflush_r
                0x000019b4       0x54 c:/program files (x86)/gnu tools arm embedded/6 2017-q1-update/bin/../lib/gcc/arm-none-eabi/6.3.1/../../../../arm-none-eabi/lib/thumb/v7e-m\libg_nano.a(lib_a-fflush.o)
                0x000019b4                _fflush_r
 .text._cleanup_r
                0x00001a08        0xc c:/program files (x86)/gnu tools arm embedded/6 2017-q1-update/bin/../lib/gcc/arm-none-eabi/6.3.1/../../../../arm-none-eabi/lib/thumb/v7e-m\libg_nano.a(lib_a-findfp.o)
                0x00001a08                _cleanup_r
 .text.std.isra.0
                0x00001a14       0x48 c:/program files (x86)/gnu tools arm embedded/6 2017-q1-update/bin/../lib/gcc/arm-none-eabi/6.3.1/../../../../arm-none-eabi/lib/thumb/v7e-m\libg_nano.a(lib_a-findfp.o)
 .text.__sfmoreglue
                0x00001a5c       0x2c c:/program files (x86)/gnu tools arm embedded/6 2017-q1-update/bin/../lib/gcc/arm-none-eabi/6.3.1/../../../../arm-none-eabi/lib/thumb/v7e-m\libg_nano.a(lib_a-findfp.o)
                0x00001a5c                __sfmoreglue
 .text.__sinit  0x00001a88       0x60 c:/program files (x86)/gnu tools arm embedded/6 2017-q1-update/bin/../lib/gcc/arm-none-eabi/6.3.1/../../../../arm-none-eabi/lib/thumb/v7e-m\libg_nano.a(lib_a-findfp.o)
                0x00001a88                __sinit
 .text.__sfp    0x00001ae8       0x78 c:/program files (x86)/gnu tools arm embedded/6 2017-q1-update/bin/../lib/gcc/arm-none-eabi/6.3.1/../../../../arm-none-eabi/lib/thumb/v7e-m\libg_nano.a(lib_a-findfp.o)
                0x00001ae8                __sfp
 .text._fwalk_reent
                0x00001b60       0x3c c:/program files (x86)/gnu tools arm embedded/6 2017-q1-update/bin/../lib/gcc/arm-none-eabi/6.3.1/../../../../arm-none-eabi/lib/thumb/v7e-m\libg_nano.a(lib_a-fwalk.o)
                0x00001b60                _fwalk_reent
 .text.__swhatbuf_r
                0x00001b9c       0x48 c:/program files (x86)/gnu tools arm embedded/6 2017-q1-update/bin/../lib/gcc/arm-none-eabi/6.3.1/../../../../arm-none-eabi/lib/thumb/v7e-m\libg_nano.a(lib_a-makebuf.o)
                0x00001b9c                __swhatbuf_r
 .text.__smakebuf_r
                0x00001be4       0x80 c:/program files (x86)/gnu tools arm embedded/6 2017-q1-update/bin/../lib/gcc/arm-none-eabi/6.3.1/../../../../arm-none-eabi/lib/thumb/v7e-m\libg_nano.a(lib_a-makebuf.o)
                0x00001be4                __smakebuf_r
 .text._free_r  0x00001c64       0x9c c:/program files (x86)/gnu tools arm embedded/6 2017-q1-update/bin/../lib/gcc/arm-none-eabi/6.3.1/../../../../arm-none-eabi/lib/thumb/v7e-m\libg_nano.a(lib_a-nano-freer.o)
                0x00001c64                _free_r
 .text._malloc_r
                0x00001d00       0xbc c:/program files (x86)/gnu tools arm embedded/6 2017-q1-update/bin/../lib/gcc/arm-none-eabi/6.3.1/../../../../arm-none-eabi/lib/thumb/v7e-m\libg_nano.a(lib_a-nano-mallocr.o)
                0x00001d00                _malloc_r
 .text.__sfputc_r
                0x00001dbc       0x2c c:/program files (x86)/gnu tools arm embedded/6 2017-q1-update/bin/../lib/gcc/arm-none-eabi/6.3.1/../../../../arm-none-eabi/lib/thumb/v7e-m\libg_nano.a(lib_a-nano-vfprintf.o)
 .text.__sfputs_r
                0x00001de8       0x24 c:/program files (x86)/gnu tools arm embedded/6 2017-q1-update/bin/../lib/gcc/arm-none-eabi/6.3.1/../../../../arm-none-eabi/lib/thumb/v7e-m\libg_nano.a(lib_a-nano-vfprintf.o)
                0x00001de8                __sfputs_r
 .text._vfprintf_r
                0x00001e0c      0x22c c:/program files (x86)/gnu tools arm embedded/6 2017-q1-update/bin/../lib/gcc/arm-none-eabi/6.3.1/../../../../arm-none-eabi/lib/thumb/v7e-m\libg_nano.a(lib_a-nano-vfprintf.o)
                0x00001e0c                _vfprintf_r
                0x00001e0c                _vfiprintf_r
 .text._printf_common
                0x00002038       0xec c:/program files (x86)/gnu tools arm embedded/6 2017-q1-update/bin/../lib/gcc/arm-none-eabi/6.3.1/../../../../arm-none-eabi/lib/thumb/v7e-m\libg_nano.a(lib_a-nano-vfprintf_i.o)
                0x00002038                _printf_common
 .text._printf_i
                0x00002124      0x240 c:/program files (x86)/gnu tools arm embedded/6 2017-q1-update/bin/../lib/gcc/arm-none-eabi/6.3.1/../../../../arm-none-eabi/lib/thumb/v7e-m\libg_nano.a(lib_a-nano-vfprintf_i.o)
                0x00002124                _printf_i
 .text._sbrk_r  0x00002364       0x20 c:/program files (x86)/gnu tools arm embedded/6 2017-q1-update/bin/../lib/gcc/arm-none-eabi/6.3.1/../../../../arm-none-eabi/lib/thumb/v7e-m\libg_nano.a(lib_a-sbrkr.o)
                0x00002364                _sbrk_r
 .text.__sread  0x00002384       0x22 c:/program files (x86)/gnu tools arm embedded/6 2017-q1-update/bin/../lib/gcc/arm-none-eabi/6.3.1/../../../../arm-none-eabi/lib/thumb/v7e-m\libg_nano.a(lib_a-stdio.o)
                0x00002384                __sread
 .text.__swrite
                0x000023a6       0x38 c:/program files (x86)/gnu tools arm embedded/6 2017-q1-update/bin/../lib/gcc/arm-none-eabi/6.3.1/../../../../arm-none-eabi/lib/thumb/v7e-m\libg_nano.a(lib_a-stdio.o)
                0x000023a6                __swrite
 .text.__sseek  0x000023de       0x24 c:/program files (x86)/gnu tools arm embedded/6 2017-q1-update/bin/../lib/gcc/arm-none-eabi/6.3.1/../../../../arm-none-eabi/lib/thumb/v7e-m\libg_nano.a(lib_a-stdio.o)
                0x000023de                __sseek
 .text.__sclose
                0x00002402        0x8 c:/program files (x86)/gnu tools arm embedded/6 2017-q1-update/bin/../lib/gcc/arm-none-eabi/6.3.1/../../../../arm-none-eabi/lib/thumb/v7e-m\libg_nano.a(lib_a-stdio.o)
                0x00002402                __sclose
 *fill*         0x0000240a        0x2 
 .text._write_r
                0x0000240c       0x24 c:/program files (x86)/gnu tools arm embedded/6 2017-q1-update/bin/../lib/gcc/arm-none-eabi/6.3.1/../../../../arm-none-eabi/lib/thumb/v7e-m\libg_nano.a(lib_a-writer.o)
                0x0000240c                _write_r
 .text._close_r
                0x00002430       0x20 c:/program files (x86)/gnu tools arm embedded/6 2017-q1-update/bin/../lib/gcc/arm-none-eabi/6.3.1/../../../../arm-none-eabi/lib/thumb/v7e-m\libg_nano.a(lib_a-closer.o)
                0x00002430                _close_r
 .text._fstat_r
                0x00002450       0x24 c:/program files (x86)/gnu tools arm embedded/6 2017-q1-update/bin/../lib/gcc/arm-none-eabi/6.3.1/../../../../arm-none-eabi/lib/thumb/v7e-m\libg_nano.a(lib_a-fstatr.o)
                0x00002450                _fstat_r
 .text._isatty_r
                0x00002474       0x20 c:/program files (x86)/gnu tools arm embedded/6 2017-q1-update/bin/../lib/gcc/arm-none-eabi/6.3.1/../../../../arm-none-eabi/lib/thumb/v7e-m\libg_nano.a(lib_a-isattyr.o)
                0x00002474                _isatty_r
 .text._lseek_r
                0x00002494       0x24 c:/program files (x86)/gnu tools arm embedded/6 2017-q1-update/bin/../lib/gcc/arm-none-eabi/6.3.1/../../../../arm-none-eabi/lib/thumb/v7e-m\libg_nano.a(lib_a-lseekr.o)
                0x00002494                _lseek_r
 *fill*         0x000024b8        0x8 
 .text          0x000024c0       0xa0 c:/program files (x86)/gnu tools arm embedded/6 2017-q1-update/bin/../lib/gcc/arm-none-eabi/6.3.1/../../../../arm-none-eabi/lib/thumb/v7e-m\libg_nano.a(lib_a-memchr.o)
                0x000024c0                memchr
 .text.__malloc_lock
                0x00002560        0x2 c:/program files (x86)/gnu tools arm embedded/6 2017-q1-update/bin/../lib/gcc/arm-none-eabi/6.3.1/../../../../arm-none-eabi/lib/thumb/v7e-m\libg_nano.a(lib_a-mlock.o)
                0x00002560                __malloc_lock
 .text.__malloc_unlock
                0x00002562        0x2 c:/program files (x86)/gnu tools arm embedded/6 2017-q1-update/bin/../lib/gcc/arm-none-eabi/6.3.1/../../../../arm-none-eabi/lib/thumb/v7e-m\libg_nano.a(lib_a-mlock.o)
                0x00002562                __malloc_unlock
 .text._read_r  0x00002564       0x24 c:/program files (x86)/gnu tools arm embedded/6 2017-q1-update/bin/../lib/gcc/arm-none-eabi/6.3.1/../../../../arm-none-eabi/lib/thumb/v7e-m\libg_nano.a(lib_a-readr.o)
                0x00002564                _read_r
 .text._sbrk    0x00002588       0x1c c:/program files (x86)/gnu tools arm embedded/6 2017-q1-update/bin/../lib/gcc/arm-none-eabi/6.3.1/../../../../arm-none-eabi/lib/thumb/v7e-m\libnosys.a(sbrk.o)
                0x00002588                _sbrk
 .text._exit    0x000025a4        0x4 c:/program files (x86)/gnu tools arm embedded/6 2017-q1-update/bin/../lib/gcc/arm-none-eabi/6.3.1/../../../../arm-none-eabi/lib/thumb/v7e-m\libnosys.a(_exit.o)
                0x000025a4                _exit
 *(.init)
 .init          0x000025a8        0x4 c:/program files (x86)/gnu tools arm embedded/6 2017-q1-update/bin/../lib/gcc/arm-none-eabi/6.3.1/thumb/v7e-m/crti.o
                0x000025a8                _init
 .init          0x000025ac        0x8 c:/program files (x86)/gnu tools arm embedded/6 2017-q1-update/bin/../lib/gcc/arm-none-eabi/6.3.1/thumb/v7e-m/crtn.o
 *(.fini)
 .fini          0x000025b4        0x4 c:/program files (x86)/gnu tools arm embedded/6 2017-q1-update/bin/../lib/gcc/arm-none-eabi/6.3.1/thumb/v7e-m/crti.o
                0x000025b4                _fini
 .fini          0x000025b8        0x8 c:/program files (x86)/gnu tools arm embedded/6 2017-q1-update/bin/../lib/gcc/arm-none-eabi/6.3.1/thumb/v7e-m/crtn.o
 *crtbegin.o(.ctors)
 *crtbegin?.o(.ctors)
 *(EXCLUDE_FILE(*crtend.o *crtend?.o) .ctors)
 *(SORT(.ctors.*))
 *(.ctors)
 *crtbegin.o(.dtors)
 *crtbegin?.o(.dtors)
 *(EXCLUDE_FILE(*crtend.o *crtend?.o) .dtors)
 *(SORT(.dtors.*))
 *(.dtors)
 *(.rodata*)
 .rodata.CAN0_IRQHandler.str1.4
                0x000025c0       0x52 ./User/main.o
                                 0x56 (size before relaxing)
 *fill*         0x00002612        0x2 
 .rodata.main.str1.4
                0x00002614       0x32 ./User/main.o
 *fill*         0x00002646        0x2 
 .rodata        0x00002648        0x4 ./Library/clk.o
 .rodata.Hard_Fault_Handler.str1.4
                0x0000264c       0x16 ./Library/retarget.o
 *fill*         0x00002662        0x2 
 .rodata.stackDump.str1.4
                0x00002664       0x60 ./Library/retarget.o
 .rodata        0x000026c4       0x14 ./Library/uart.o
 .rodata        0x000026d8        0x4 ./CMSIS/system_M451Series.o
 .rodata._global_impure_ptr
                0x000026dc        0x4 c:/program files (x86)/gnu tools arm embedded/6 2017-q1-update/bin/../lib/gcc/arm-none-eabi/6.3.1/../../../../arm-none-eabi/lib/thumb/v7e-m\libg_nano.a(lib_a-impure.o)
                0x000026dc                _global_impure_ptr
 .rodata.__sf_fake_stderr
                0x000026e0       0x20 c:/program files (x86)/gnu tools arm embedded/6 2017-q1-update/bin/../lib/gcc/arm-none-eabi/6.3.1/../../../../arm-none-eabi/lib/thumb/v7e-m\libg_nano.a(lib_a-findfp.o)
                0x000026e0                __sf_fake_stderr
 .rodata.__sf_fake_stdin
                0x00002700       0x20 c:/program files (x86)/gnu tools arm embedded/6 2017-q1-update/bin/../lib/gcc/arm-none-eabi/6.3.1/../../../../arm-none-eabi/lib/thumb/v7e-m\libg_nano.a(lib_a-findfp.o)
                0x00002700                __sf_fake_stdin
 .rodata.__sf_fake_stdout
                0x00002720       0x20 c:/program files (x86)/gnu tools arm embedded/6 2017-q1-update/bin/../lib/gcc/arm-none-eabi/6.3.1/../../../../arm-none-eabi/lib/thumb/v7e-m\libg_nano.a(lib_a-findfp.o)
                0x00002720                __sf_fake_stdout
 .rodata._vfprintf_r.str1.1
                0x00002740       0x11 c:/program files (x86)/gnu tools arm embedded/6 2017-q1-update/bin/../lib/gcc/arm-none-eabi/6.3.1/../../../../arm-none-eabi/lib/thumb/v7e-m\libg_nano.a(lib_a-nano-vfprintf.o)
 .rodata._printf_i.str1.1
                0x00002751       0x22 c:/program files (x86)/gnu tools arm embedded/6 2017-q1-update/bin/../lib/gcc/arm-none-eabi/6.3.1/../../../../arm-none-eabi/lib/thumb/v7e-m\libg_nano.a(lib_a-nano-vfprintf_i.o)
 *(.eh_frame*)
 *fill*         0x00002773        0x1 
 .eh_frame      0x00002774        0x0 c:/program files (x86)/gnu tools arm embedded/6 2017-q1-update/bin/../lib/gcc/arm-none-eabi/6.3.1/thumb/v7e-m/crtbegin.o
 .eh_frame      0x00002774        0x4 c:/program files (x86)/gnu tools arm embedded/6 2017-q1-update/bin/../lib/gcc/arm-none-eabi/6.3.1/thumb/v7e-m/crtend.o

.glue_7         0x00002778        0x0
 .glue_7        0x00002778        0x0 linker stubs

.glue_7t        0x00002778        0x0
 .glue_7t       0x00002778        0x0 linker stubs

.vfp11_veneer   0x00002778        0x0
 .vfp11_veneer  0x00002778        0x0 linker stubs

.v4_bx          0x00002778        0x0
 .v4_bx         0x00002778        0x0 linker stubs

.iplt           0x00002778        0x0
 .iplt          0x00002778        0x0 c:/program files (x86)/gnu tools arm embedded/6 2017-q1-update/bin/../lib/gcc/arm-none-eabi/6.3.1/thumb/v7e-m/crtbegin.o

.ARM.extab
 *(.ARM.extab* .gnu.linkonce.armextab.*)
                0x00002778                __exidx_start = .

.ARM.exidx      0x00002778        0x8
 *(.ARM.exidx* .gnu.linkonce.armexidx.*)
 .ARM.exidx     0x00002778        0x8 c:/program files (x86)/gnu tools arm embedded/6 2017-q1-update/bin/../lib/gcc/arm-none-eabi/6.3.1/../../../../arm-none-eabi/lib/thumb/v7e-m/crt0.o
 .ARM.exidx     0x00002780        0x0 c:/program files (x86)/gnu tools arm embedded/6 2017-q1-update/bin/../lib/gcc/arm-none-eabi/6.3.1/thumb/v7e-m\libgcc.a(_udivmoddi4.o)
                                  0x8 (size before relaxing)
                0x00002780                __exidx_end = .
                0x00002780                __etext = .

.rel.dyn        0x00002780        0x0
 .rel.iplt      0x00002780        0x0 c:/program files (x86)/gnu tools arm embedded/6 2017-q1-update/bin/../lib/gcc/arm-none-eabi/6.3.1/thumb/v7e-m/crtbegin.o

.data           0x20000000       0x9c load address 0x00002780
                0x20000000                __data_start__ = .
 *(vtable)
 *(.data*)
 .data.CyclesPerUs
                0x20000000        0x4 ./CMSIS/system_M451Series.o
                0x20000000                CyclesPerUs
 .data.PllClock
                0x20000004        0x4 ./CMSIS/system_M451Series.o
                0x20000004                PllClock
 .data.SystemCoreClock
                0x20000008        0x4 ./CMSIS/system_M451Series.o
                0x20000008                SystemCoreClock
 .data.gau32ClkSrcTbl
                0x2000000c       0x20 ./CMSIS/system_M451Series.o
                0x2000000c                gau32ClkSrcTbl
 .data._impure_ptr
                0x2000002c        0x4 c:/program files (x86)/gnu tools arm embedded/6 2017-q1-update/bin/../lib/gcc/arm-none-eabi/6.3.1/../../../../arm-none-eabi/lib/thumb/v7e-m\libg_nano.a(lib_a-impure.o)
                0x2000002c                _impure_ptr
 .data.impure_data
                0x20000030       0x60 c:/program files (x86)/gnu tools arm embedded/6 2017-q1-update/bin/../lib/gcc/arm-none-eabi/6.3.1/../../../../arm-none-eabi/lib/thumb/v7e-m\libg_nano.a(lib_a-impure.o)
                0x20000090                . = ALIGN (0x4)
                0x20000090                PROVIDE (__preinit_array_start, .)
 *(.preinit_array)
                0x20000090                PROVIDE (__preinit_array_end, .)
                0x20000090                . = ALIGN (0x4)
                0x20000090                PROVIDE (__init_array_start, .)
 *(SORT(.init_array.*))
 *(.init_array)
 .init_array    0x20000090        0x4 c:/program files (x86)/gnu tools arm embedded/6 2017-q1-update/bin/../lib/gcc/arm-none-eabi/6.3.1/thumb/v7e-m/crtbegin.o
                0x20000094                PROVIDE (__init_array_end, .)
                0x20000094                . = ALIGN (0x4)
                [!provide]                PROVIDE (__fini_array_start, .)
 *(SORT(.fini_array.*))
 *(.fini_array)
 .fini_array    0x20000094        0x4 c:/program files (x86)/gnu tools arm embedded/6 2017-q1-update/bin/../lib/gcc/arm-none-eabi/6.3.1/thumb/v7e-m/crtbegin.o
                [!provide]                PROVIDE (__fini_array_end, .)
 *(.jcr*)
 .jcr           0x20000098        0x0 c:/program files (x86)/gnu tools arm embedded/6 2017-q1-update/bin/../lib/gcc/arm-none-eabi/6.3.1/thumb/v7e-m/crtbegin.o
 .jcr           0x20000098        0x4 c:/program files (x86)/gnu tools arm embedded/6 2017-q1-update/bin/../lib/gcc/arm-none-eabi/6.3.1/thumb/v7e-m/crtend.o
                0x2000009c                . = ALIGN (0x4)
                0x2000009c                __data_end__ = .

.igot.plt       0x2000009c        0x0 load address 0x0000281c
 .igot.plt      0x2000009c        0x0 c:/program files (x86)/gnu tools arm embedded/6 2017-q1-update/bin/../lib/gcc/arm-none-eabi/6.3.1/thumb/v7e-m/crtbegin.o

.bss            0x2000009c       0x60 load address 0x0000281c
                0x2000009c                . = ALIGN (0x4)
                0x2000009c                __bss_start__ = .
 *(.bss*)
 .bss           0x2000009c       0x1c c:/program files (x86)/gnu tools arm embedded/6 2017-q1-update/bin/../lib/gcc/arm-none-eabi/6.3.1/thumb/v7e-m/crtbegin.o
 .bss.gu8LockCanIf
                0x200000b8        0x2 ./Library/can.o
 *fill*         0x200000ba        0x2 
 .bss.__malloc_free_list
                0x200000bc        0x4 c:/program files (x86)/gnu tools arm embedded/6 2017-q1-update/bin/../lib/gcc/arm-none-eabi/6.3.1/../../../../arm-none-eabi/lib/thumb/v7e-m\libg_nano.a(lib_a-nano-mallocr.o)
                0x200000bc                __malloc_free_list
 .bss.__malloc_sbrk_start
                0x200000c0        0x4 c:/program files (x86)/gnu tools arm embedded/6 2017-q1-update/bin/../lib/gcc/arm-none-eabi/6.3.1/../../../../arm-none-eabi/lib/thumb/v7e-m\libg_nano.a(lib_a-nano-mallocr.o)
                0x200000c0                __malloc_sbrk_start
 .bss.heap_end.4116
                0x200000c4        0x4 c:/program files (x86)/gnu tools arm embedded/6 2017-q1-update/bin/../lib/gcc/arm-none-eabi/6.3.1/../../../../arm-none-eabi/lib/thumb/v7e-m\libnosys.a(sbrk.o)
 *(COMMON)
 COMMON         0x200000c8       0x30 ./User/main.o
                0x200000c8                rrMsg
                0x200000e0                tMsg
 COMMON         0x200000f8        0x4 ./CMSIS/GCC/_syscalls.o
                0x200000f8                errno
                0x200000fc                . = ALIGN (0x4)
                0x200000fc                __bss_end__ = .

.heap           0x20000100      0x100
                0x20000100                __HeapBase = .
                0x20000100                __end__ = .
                0x20000100                end = __end__
 *(.heap*)
 .heap          0x20000100      0x100 ./CMSIS/GCC/startup_M451Series.o
                0x20000200                __HeapLimit = .

.stack_dummy    0x20000100      0x800
 *(.stack*)
 .stack         0x20000100      0x800 ./CMSIS/GCC/startup_M451Series.o
                0x20008000                __StackTop = (ORIGIN (RAM) + LENGTH (RAM))
                0x20007800                __StackLimit = (__StackTop - SIZEOF (.stack_dummy))
                0x20008000                PROVIDE (__stack, __StackTop)
                0x00000001                ASSERT ((__StackLimit >= __HeapLimit), region RAM overflowed with stack)
OUTPUT(m453_canbus_tx.elf elf32-littlearm)

.ARM.attributes
                0x00000000       0x2a
 .ARM.attributes
                0x00000000       0x1e c:/program files (x86)/gnu tools arm embedded/6 2017-q1-update/bin/../lib/gcc/arm-none-eabi/6.3.1/thumb/v7e-m/crti.o
 .ARM.attributes
                0x0000001e       0x2e c:/program files (x86)/gnu tools arm embedded/6 2017-q1-update/bin/../lib/gcc/arm-none-eabi/6.3.1/thumb/v7e-m/crtbegin.o
 .ARM.attributes
                0x0000004c       0x1c c:/program files (x86)/gnu tools arm embedded/6 2017-q1-update/bin/../lib/gcc/arm-none-eabi/6.3.1/../../../../arm-none-eabi/lib/thumb/v7e-m/crt0.o
 .ARM.attributes
                0x00000068       0x33 ./User/main.o
 .ARM.attributes
                0x0000009b       0x33 ./Library/can.o
 .ARM.attributes
                0x000000ce       0x33 ./Library/clk.o
 .ARM.attributes
                0x00000101       0x33 ./Library/retarget.o
 .ARM.attributes
                0x00000134       0x33 ./Library/uart.o
 .ARM.attributes
                0x00000167       0x33 ./CMSIS/GCC/_syscalls.o
 .ARM.attributes
                0x0000019a       0x1b ./CMSIS/GCC/startup_M451Series.o
 .ARM.attributes
                0x000001b5       0x33 ./CMSIS/system_M451Series.o
 .ARM.attributes
                0x000001e8       0x1e c:/program files (x86)/gnu tools arm embedded/6 2017-q1-update/bin/../lib/gcc/arm-none-eabi/6.3.1/thumb/v7e-m\libgcc.a(_aeabi_uldivmod.o)
 .ARM.attributes
                0x00000206       0x2e c:/program files (x86)/gnu tools arm embedded/6 2017-q1-update/bin/../lib/gcc/arm-none-eabi/6.3.1/thumb/v7e-m\libgcc.a(_udivmoddi4.o)
 .ARM.attributes
                0x00000234       0x1e c:/program files (x86)/gnu tools arm embedded/6 2017-q1-update/bin/../lib/gcc/arm-none-eabi/6.3.1/thumb/v7e-m\libgcc.a(_dvmd_tls.o)
 .ARM.attributes
                0x00000252       0x2e c:/program files (x86)/gnu tools arm embedded/6 2017-q1-update/bin/../lib/gcc/arm-none-eabi/6.3.1/../../../../arm-none-eabi/lib/thumb/v7e-m\libg_nano.a(lib_a-errno.o)
 .ARM.attributes
                0x00000280       0x2e c:/program files (x86)/gnu tools arm embedded/6 2017-q1-update/bin/../lib/gcc/arm-none-eabi/6.3.1/../../../../arm-none-eabi/lib/thumb/v7e-m\libg_nano.a(lib_a-exit.o)
 .ARM.attributes
                0x000002ae       0x2e c:/program files (x86)/gnu tools arm embedded/6 2017-q1-update/bin/../lib/gcc/arm-none-eabi/6.3.1/../../../../arm-none-eabi/lib/thumb/v7e-m\libg_nano.a(lib_a-impure.o)
 .ARM.attributes
                0x000002dc       0x2e c:/program files (x86)/gnu tools arm embedded/6 2017-q1-update/bin/../lib/gcc/arm-none-eabi/6.3.1/../../../../arm-none-eabi/lib/thumb/v7e-m\libg_nano.a(lib_a-init.o)
 .ARM.attributes
                0x0000030a       0x2e c:/program files (x86)/gnu tools arm embedded/6 2017-q1-update/bin/../lib/gcc/arm-none-eabi/6.3.1/../../../../arm-none-eabi/lib/thumb/v7e-m\libg_nano.a(lib_a-memset.o)
 .ARM.attributes
                0x00000338       0x2e c:/program files (x86)/gnu tools arm embedded/6 2017-q1-update/bin/../lib/gcc/arm-none-eabi/6.3.1/../../../../arm-none-eabi/lib/thumb/v7e-m\libg_nano.a(lib_a-printf.o)
 .ARM.attributes
                0x00000366       0x2e c:/program files (x86)/gnu tools arm embedded/6 2017-q1-update/bin/../lib/gcc/arm-none-eabi/6.3.1/../../../../arm-none-eabi/lib/thumb/v7e-m\libg_nano.a(lib_a-puts.o)
 .ARM.attributes
                0x00000394       0x2e c:/program files (x86)/gnu tools arm embedded/6 2017-q1-update/bin/../lib/gcc/arm-none-eabi/6.3.1/../../../../arm-none-eabi/lib/thumb/v7e-m\libg_nano.a(lib_a-wbuf.o)
 .ARM.attributes
                0x000003c2       0x2e c:/program files (x86)/gnu tools arm embedded/6 2017-q1-update/bin/../lib/gcc/arm-none-eabi/6.3.1/../../../../arm-none-eabi/lib/thumb/v7e-m\libg_nano.a(lib_a-wsetup.o)
 .ARM.attributes
                0x000003f0       0x2e c:/program files (x86)/gnu tools arm embedded/6 2017-q1-update/bin/../lib/gcc/arm-none-eabi/6.3.1/../../../../arm-none-eabi/lib/thumb/v7e-m\libg_nano.a(lib_a-fflush.o)
 .ARM.attributes
                0x0000041e       0x2e c:/program files (x86)/gnu tools arm embedded/6 2017-q1-update/bin/../lib/gcc/arm-none-eabi/6.3.1/../../../../arm-none-eabi/lib/thumb/v7e-m\libg_nano.a(lib_a-findfp.o)
 .ARM.attributes
                0x0000044c       0x2e c:/program files (x86)/gnu tools arm embedded/6 2017-q1-update/bin/../lib/gcc/arm-none-eabi/6.3.1/../../../../arm-none-eabi/lib/thumb/v7e-m\libg_nano.a(lib_a-fwalk.o)
 .ARM.attributes
                0x0000047a       0x2e c:/program files (x86)/gnu tools arm embedded/6 2017-q1-update/bin/../lib/gcc/arm-none-eabi/6.3.1/../../../../arm-none-eabi/lib/thumb/v7e-m\libg_nano.a(lib_a-makebuf.o)
 .ARM.attributes
                0x000004a8       0x2e c:/program files (x86)/gnu tools arm embedded/6 2017-q1-update/bin/../lib/gcc/arm-none-eabi/6.3.1/../../../../arm-none-eabi/lib/thumb/v7e-m\libg_nano.a(lib_a-nano-freer.o)
 .ARM.attributes
                0x000004d6       0x2e c:/program files (x86)/gnu tools arm embedded/6 2017-q1-update/bin/../lib/gcc/arm-none-eabi/6.3.1/../../../../arm-none-eabi/lib/thumb/v7e-m\libg_nano.a(lib_a-nano-mallocr.o)
 .ARM.attributes
                0x00000504       0x2e c:/program files (x86)/gnu tools arm embedded/6 2017-q1-update/bin/../lib/gcc/arm-none-eabi/6.3.1/../../../../arm-none-eabi/lib/thumb/v7e-m\libg_nano.a(lib_a-nano-vfprintf.o)
 .ARM.attributes
                0x00000532       0x2e c:/program files (x86)/gnu tools arm embedded/6 2017-q1-update/bin/../lib/gcc/arm-none-eabi/6.3.1/../../../../arm-none-eabi/lib/thumb/v7e-m\libg_nano.a(lib_a-nano-vfprintf_i.o)
 .ARM.attributes
                0x00000560       0x2e c:/program files (x86)/gnu tools arm embedded/6 2017-q1-update/bin/../lib/gcc/arm-none-eabi/6.3.1/../../../../arm-none-eabi/lib/thumb/v7e-m\libg_nano.a(lib_a-sbrkr.o)
 .ARM.attributes
                0x0000058e       0x2e c:/program files (x86)/gnu tools arm embedded/6 2017-q1-update/bin/../lib/gcc/arm-none-eabi/6.3.1/../../../../arm-none-eabi/lib/thumb/v7e-m\libg_nano.a(lib_a-stdio.o)
 .ARM.attributes
                0x000005bc       0x2e c:/program files (x86)/gnu tools arm embedded/6 2017-q1-update/bin/../lib/gcc/arm-none-eabi/6.3.1/../../../../arm-none-eabi/lib/thumb/v7e-m\libg_nano.a(lib_a-writer.o)
 .ARM.attributes
                0x000005ea       0x2e c:/program files (x86)/gnu tools arm embedded/6 2017-q1-update/bin/../lib/gcc/arm-none-eabi/6.3.1/../../../../arm-none-eabi/lib/thumb/v7e-m\libg_nano.a(lib_a-closer.o)
 .ARM.attributes
                0x00000618       0x2e c:/program files (x86)/gnu tools arm embedded/6 2017-q1-update/bin/../lib/gcc/arm-none-eabi/6.3.1/../../../../arm-none-eabi/lib/thumb/v7e-m\libg_nano.a(lib_a-fstatr.o)
 .ARM.attributes
                0x00000646       0x2e c:/program files (x86)/gnu tools arm embedded/6 2017-q1-update/bin/../lib/gcc/arm-none-eabi/6.3.1/../../../../arm-none-eabi/lib/thumb/v7e-m\libg_nano.a(lib_a-isattyr.o)
 .ARM.attributes
                0x00000674       0x2e c:/program files (x86)/gnu tools arm embedded/6 2017-q1-update/bin/../lib/gcc/arm-none-eabi/6.3.1/../../../../arm-none-eabi/lib/thumb/v7e-m\libg_nano.a(lib_a-lseekr.o)
 .ARM.attributes
                0x000006a2       0x1c c:/program files (x86)/gnu tools arm embedded/6 2017-q1-update/bin/../lib/gcc/arm-none-eabi/6.3.1/../../../../arm-none-eabi/lib/thumb/v7e-m\libg_nano.a(lib_a-memchr.o)
 .ARM.attributes
                0x000006be       0x2e c:/program files (x86)/gnu tools arm embedded/6 2017-q1-update/bin/../lib/gcc/arm-none-eabi/6.3.1/../../../../arm-none-eabi/lib/thumb/v7e-m\libg_nano.a(lib_a-mlock.o)
 .ARM.attributes
                0x000006ec       0x2e c:/program files (x86)/gnu tools arm embedded/6 2017-q1-update/bin/../lib/gcc/arm-none-eabi/6.3.1/../../../../arm-none-eabi/lib/thumb/v7e-m\libg_nano.a(lib_a-readr.o)
 .ARM.attributes
                0x0000071a       0x2e c:/program files (x86)/gnu tools arm embedded/6 2017-q1-update/bin/../lib/gcc/arm-none-eabi/6.3.1/thumb/v7e-m/crtend.o
 .ARM.attributes
                0x00000748       0x1e c:/program files (x86)/gnu tools arm embedded/6 2017-q1-update/bin/../lib/gcc/arm-none-eabi/6.3.1/thumb/v7e-m/crtn.o
 .ARM.attributes
                0x00000766       0x2e c:/program files (x86)/gnu tools arm embedded/6 2017-q1-update/bin/../lib/gcc/arm-none-eabi/6.3.1/../../../../arm-none-eabi/lib/thumb/v7e-m\libnosys.a(sbrk.o)
 .ARM.attributes
                0x00000794       0x2e c:/program files (x86)/gnu tools arm embedded/6 2017-q1-update/bin/../lib/gcc/arm-none-eabi/6.3.1/../../../../arm-none-eabi/lib/thumb/v7e-m\libnosys.a(_exit.o)

.comment        0x00000000       0x7f
 .comment       0x00000000       0x7f ./User/main.o
                                 0x80 (size before relaxing)
 .comment       0x0000007f       0x80 ./Library/can.o
 .comment       0x0000007f       0x80 ./Library/clk.o
 .comment       0x0000007f       0x80 ./Library/retarget.o
 .comment       0x0000007f       0x80 ./Library/uart.o
 .comment       0x0000007f       0x80 ./CMSIS/GCC/_syscalls.o
 .comment       0x0000007f       0x80 ./CMSIS/system_M451Series.o

.debug_info     0x00000000     0x72cd
 .debug_info    0x00000000     0x1991 ./User/main.o
 .debug_info    0x00001991     0x1162 ./Library/can.o
 .debug_info    0x00002af3      0xb66 ./Library/clk.o
 .debug_info    0x00003659      0xdea ./Library/retarget.o
 .debug_info    0x00004443     0x156f ./Library/uart.o
 .debug_info    0x000059b2     0x11bb ./CMSIS/GCC/_syscalls.o
 .debug_info    0x00006b6d       0x89 ./CMSIS/GCC/startup_M451Series.o
 .debug_info    0x00006bf6      0x6d7 ./CMSIS/system_M451Series.o

.debug_abbrev   0x00000000     0x12c2
 .debug_abbrev  0x00000000      0x306 ./User/main.o
 .debug_abbrev  0x00000306      0x2c0 ./Library/can.o
 .debug_abbrev  0x000005c6      0x276 ./Library/clk.o
 .debug_abbrev  0x0000083c      0x2f7 ./Library/retarget.o
 .debug_abbrev  0x00000b33      0x35e ./Library/uart.o
 .debug_abbrev  0x00000e91      0x289 ./CMSIS/GCC/_syscalls.o
 .debug_abbrev  0x0000111a       0x14 ./CMSIS/GCC/startup_M451Series.o
 .debug_abbrev  0x0000112e      0x194 ./CMSIS/system_M451Series.o

.debug_loc      0x00000000     0x23b2
 .debug_loc     0x00000000       0x93 ./User/main.o
 .debug_loc     0x00000093      0xf72 ./Library/can.o
 .debug_loc     0x00001005      0x62a ./Library/clk.o
 .debug_loc     0x0000162f      0x10d ./Library/retarget.o
 .debug_loc     0x0000173c      0x65f ./Library/uart.o
 .debug_loc     0x00001d9b      0x549 ./CMSIS/GCC/_syscalls.o
 .debug_loc     0x000022e4       0xce ./CMSIS/system_M451Series.o

.debug_aranges  0x00000000      0x428
 .debug_aranges
                0x00000000       0x30 ./User/main.o
 .debug_aranges
                0x00000030      0x100 ./Library/can.o
 .debug_aranges
                0x00000130       0xd0 ./Library/clk.o
 .debug_aranges
                0x00000200       0x88 ./Library/retarget.o
 .debug_aranges
                0x00000288       0x88 ./Library/uart.o
 .debug_aranges
                0x00000310       0xd0 ./CMSIS/GCC/_syscalls.o
 .debug_aranges
                0x000003e0       0x20 ./CMSIS/GCC/startup_M451Series.o
 .debug_aranges
                0x00000400       0x28 ./CMSIS/system_M451Series.o

.debug_ranges   0x00000000      0x3b0
 .debug_ranges  0x00000000       0x20 ./User/main.o
 .debug_ranges  0x00000020       0xf0 ./Library/can.o
 .debug_ranges  0x00000110       0xd8 ./Library/clk.o
 .debug_ranges  0x000001e8       0x78 ./Library/retarget.o
 .debug_ranges  0x00000260       0x78 ./Library/uart.o
 .debug_ranges  0x000002d8       0xc0 ./CMSIS/GCC/_syscalls.o
 .debug_ranges  0x00000398       0x18 ./CMSIS/system_M451Series.o

.debug_line     0x00000000     0x1acc
 .debug_line    0x00000000      0x30b ./User/main.o
 .debug_line    0x0000030b      0x579 ./Library/can.o
 .debug_line    0x00000884      0x41a ./Library/clk.o
 .debug_line    0x00000c9e      0x3b4 ./Library/retarget.o
 .debug_line    0x00001052      0x3f4 ./Library/uart.o
 .debug_line    0x00001446      0x3e2 ./CMSIS/GCC/_syscalls.o
 .debug_line    0x00001828       0x85 ./CMSIS/GCC/startup_M451Series.o
 .debug_line    0x000018ad      0x21f ./CMSIS/system_M451Series.o

.debug_str      0x00000000     0x192b
 .debug_str     0x00000000      0xd58 ./User/main.o
                                0xe19 (size before relaxing)
 .debug_str     0x00000d58      0x35b ./Library/can.o
                                0x747 (size before relaxing)
 .debug_str     0x000010b3      0x2be ./Library/clk.o
                                0x673 (size before relaxing)
 .debug_str     0x00001371       0xed ./Library/retarget.o
                                0x7c8 (size before relaxing)
 .debug_str     0x0000145e      0x1e0 ./Library/uart.o
                                0xd0d (size before relaxing)
 .debug_str     0x0000163e      0x2a3 ./CMSIS/GCC/_syscalls.o
                                0x8b0 (size before relaxing)
 .debug_str     0x000018e1       0x4a ./CMSIS/system_M451Series.o
                                0x522 (size before relaxing)

.debug_frame    0x00000000     0x1204
 .debug_frame   0x00000000       0x5c ./User/main.o
 .debug_frame   0x0000005c      0x2f0 ./Library/can.o
 .debug_frame   0x0000034c      0x200 ./Library/clk.o
 .debug_frame   0x0000054c      0x120 ./Library/retarget.o
 .debug_frame   0x0000066c      0x154 ./Library/uart.o
 .debug_frame   0x000007c0      0x230 ./CMSIS/GCC/_syscalls.o
 .debug_frame   0x000009f0       0x38 ./CMSIS/system_M451Series.o
 .debug_frame   0x00000a28       0x2c c:/program files (x86)/gnu tools arm embedded/6 2017-q1-update/bin/../lib/gcc/arm-none-eabi/6.3.1/thumb/v7e-m\libgcc.a(_aeabi_uldivmod.o)
 .debug_frame   0x00000a54       0x34 c:/program files (x86)/gnu tools arm embedded/6 2017-q1-update/bin/../lib/gcc/arm-none-eabi/6.3.1/thumb/v7e-m\libgcc.a(_udivmoddi4.o)
 .debug_frame   0x00000a88       0x20 c:/program files (x86)/gnu tools arm embedded/6 2017-q1-update/bin/../lib/gcc/arm-none-eabi/6.3.1/../../../../arm-none-eabi/lib/thumb/v7e-m\libg_nano.a(lib_a-errno.o)
 .debug_frame   0x00000aa8       0x28 c:/program files (x86)/gnu tools arm embedded/6 2017-q1-update/bin/../lib/gcc/arm-none-eabi/6.3.1/../../../../arm-none-eabi/lib/thumb/v7e-m\libg_nano.a(lib_a-exit.o)
 .debug_frame   0x00000ad0       0x2c c:/program files (x86)/gnu tools arm embedded/6 2017-q1-update/bin/../lib/gcc/arm-none-eabi/6.3.1/../../../../arm-none-eabi/lib/thumb/v7e-m\libg_nano.a(lib_a-init.o)
 .debug_frame   0x00000afc       0x20 c:/program files (x86)/gnu tools arm embedded/6 2017-q1-update/bin/../lib/gcc/arm-none-eabi/6.3.1/../../../../arm-none-eabi/lib/thumb/v7e-m\libg_nano.a(lib_a-memset.o)
 .debug_frame   0x00000b1c       0x74 c:/program files (x86)/gnu tools arm embedded/6 2017-q1-update/bin/../lib/gcc/arm-none-eabi/6.3.1/../../../../arm-none-eabi/lib/thumb/v7e-m\libg_nano.a(lib_a-printf.o)
 .debug_frame   0x00000b90       0x3c c:/program files (x86)/gnu tools arm embedded/6 2017-q1-update/bin/../lib/gcc/arm-none-eabi/6.3.1/../../../../arm-none-eabi/lib/thumb/v7e-m\libg_nano.a(lib_a-puts.o)
 .debug_frame   0x00000bcc       0x40 c:/program files (x86)/gnu tools arm embedded/6 2017-q1-update/bin/../lib/gcc/arm-none-eabi/6.3.1/../../../../arm-none-eabi/lib/thumb/v7e-m\libg_nano.a(lib_a-wbuf.o)
 .debug_frame   0x00000c0c       0x2c c:/program files (x86)/gnu tools arm embedded/6 2017-q1-update/bin/../lib/gcc/arm-none-eabi/6.3.1/../../../../arm-none-eabi/lib/thumb/v7e-m\libg_nano.a(lib_a-wsetup.o)
 .debug_frame   0x00000c38       0x68 c:/program files (x86)/gnu tools arm embedded/6 2017-q1-update/bin/../lib/gcc/arm-none-eabi/6.3.1/../../../../arm-none-eabi/lib/thumb/v7e-m\libg_nano.a(lib_a-fflush.o)
 .debug_frame   0x00000ca0      0x11c c:/program files (x86)/gnu tools arm embedded/6 2017-q1-update/bin/../lib/gcc/arm-none-eabi/6.3.1/../../../../arm-none-eabi/lib/thumb/v7e-m\libg_nano.a(lib_a-findfp.o)
 .debug_frame   0x00000dbc       0x54 c:/program files (x86)/gnu tools arm embedded/6 2017-q1-update/bin/../lib/gcc/arm-none-eabi/6.3.1/../../../../arm-none-eabi/lib/thumb/v7e-m\libg_nano.a(lib_a-fwalk.o)
 .debug_frame   0x00000e10       0x58 c:/program files (x86)/gnu tools arm embedded/6 2017-q1-update/bin/../lib/gcc/arm-none-eabi/6.3.1/../../../../arm-none-eabi/lib/thumb/v7e-m\libg_nano.a(lib_a-makebuf.o)
 .debug_frame   0x00000e68       0x38 c:/program files (x86)/gnu tools arm embedded/6 2017-q1-update/bin/../lib/gcc/arm-none-eabi/6.3.1/../../../../arm-none-eabi/lib/thumb/v7e-m\libg_nano.a(lib_a-nano-freer.o)
 .debug_frame   0x00000ea0       0x2c c:/program files (x86)/gnu tools arm embedded/6 2017-q1-update/bin/../lib/gcc/arm-none-eabi/6.3.1/../../../../arm-none-eabi/lib/thumb/v7e-m\libg_nano.a(lib_a-nano-mallocr.o)
 .debug_frame   0x00000ecc       0xac c:/program files (x86)/gnu tools arm embedded/6 2017-q1-update/bin/../lib/gcc/arm-none-eabi/6.3.1/../../../../arm-none-eabi/lib/thumb/v7e-m\libg_nano.a(lib_a-nano-vfprintf.o)
 .debug_frame   0x00000f78       0x60 c:/program files (x86)/gnu tools arm embedded/6 2017-q1-update/bin/../lib/gcc/arm-none-eabi/6.3.1/../../../../arm-none-eabi/lib/thumb/v7e-m\libg_nano.a(lib_a-nano-vfprintf_i.o)
 .debug_frame   0x00000fd8       0x2c c:/program files (x86)/gnu tools arm embedded/6 2017-q1-update/bin/../lib/gcc/arm-none-eabi/6.3.1/../../../../arm-none-eabi/lib/thumb/v7e-m\libg_nano.a(lib_a-sbrkr.o)
 .debug_frame   0x00001004       0x88 c:/program files (x86)/gnu tools arm embedded/6 2017-q1-update/bin/../lib/gcc/arm-none-eabi/6.3.1/../../../../arm-none-eabi/lib/thumb/v7e-m\libg_nano.a(lib_a-stdio.o)
 .debug_frame   0x0000108c       0x2c c:/program files (x86)/gnu tools arm embedded/6 2017-q1-update/bin/../lib/gcc/arm-none-eabi/6.3.1/../../../../arm-none-eabi/lib/thumb/v7e-m\libg_nano.a(lib_a-writer.o)
 .debug_frame   0x000010b8       0x2c c:/program files (x86)/gnu tools arm embedded/6 2017-q1-update/bin/../lib/gcc/arm-none-eabi/6.3.1/../../../../arm-none-eabi/lib/thumb/v7e-m\libg_nano.a(lib_a-closer.o)
 .debug_frame   0x000010e4       0x2c c:/program files (x86)/gnu tools arm embedded/6 2017-q1-update/bin/../lib/gcc/arm-none-eabi/6.3.1/../../../../arm-none-eabi/lib/thumb/v7e-m\libg_nano.a(lib_a-fstatr.o)
 .debug_frame   0x00001110       0x2c c:/program files (x86)/gnu tools arm embedded/6 2017-q1-update/bin/../lib/gcc/arm-none-eabi/6.3.1/../../../../arm-none-eabi/lib/thumb/v7e-m\libg_nano.a(lib_a-isattyr.o)
 .debug_frame   0x0000113c       0x2c c:/program files (x86)/gnu tools arm embedded/6 2017-q1-update/bin/../lib/gcc/arm-none-eabi/6.3.1/../../../../arm-none-eabi/lib/thumb/v7e-m\libg_nano.a(lib_a-lseekr.o)
 .debug_frame   0x00001168       0x30 c:/program files (x86)/gnu tools arm embedded/6 2017-q1-update/bin/../lib/gcc/arm-none-eabi/6.3.1/../../../../arm-none-eabi/lib/thumb/v7e-m\libg_nano.a(lib_a-mlock.o)
 .debug_frame   0x00001198       0x2c c:/program files (x86)/gnu tools arm embedded/6 2017-q1-update/bin/../lib/gcc/arm-none-eabi/6.3.1/../../../../arm-none-eabi/lib/thumb/v7e-m\libg_nano.a(lib_a-readr.o)
 .debug_frame   0x000011c4       0x20 c:/program files (x86)/gnu tools arm embedded/6 2017-q1-update/bin/../lib/gcc/arm-none-eabi/6.3.1/../../../../arm-none-eabi/lib/thumb/v7e-m\libnosys.a(sbrk.o)
 .debug_frame   0x000011e4       0x20 c:/program files (x86)/gnu tools arm embedded/6 2017-q1-update/bin/../lib/gcc/arm-none-eabi/6.3.1/../../../../arm-none-eabi/lib/thumb/v7e-m\libnosys.a(_exit.o)
